Archive member included to satisfy reference by file (symbol)

C:/ST/STM32CubeIDE_1.16.1/STM32CubeIDE/plugins/com.st.stm32cube.ide.mcu.externaltools.gnu-tools-for-stm32.12.3.rel1.win32_1.1.0.202410251130/tools/bin/../lib/gcc/arm-none-eabi/12.3.1/../../../../arm-none-eabi/lib/thumb/v7e-m+fp/hard\libc_nano.a(libc_a-exit.o)
                              C:/ST/STM32CubeIDE_1.16.1/STM32CubeIDE/plugins/com.st.stm32cube.ide.mcu.externaltools.gnu-tools-for-stm32.12.3.rel1.win32_1.1.0.202410251130/tools/bin/../lib/gcc/arm-none-eabi/12.3.1/../../../../arm-none-eabi/lib/thumb/v7e-m+fp/hard/crt0.o (exit)
C:/ST/STM32CubeIDE_1.16.1/STM32CubeIDE/plugins/com.st.stm32cube.ide.mcu.externaltools.gnu-tools-for-stm32.12.3.rel1.win32_1.1.0.202410251130/tools/bin/../lib/gcc/arm-none-eabi/12.3.1/../../../../arm-none-eabi/lib/thumb/v7e-m+fp/hard\libc_nano.a(libc_a-findfp.o)
                              C:/ST/STM32CubeIDE_1.16.1/STM32CubeIDE/plugins/com.st.stm32cube.ide.mcu.externaltools.gnu-tools-for-stm32.12.3.rel1.win32_1.1.0.202410251130/tools/bin/../lib/gcc/arm-none-eabi/12.3.1/../../../../arm-none-eabi/lib/thumb/v7e-m+fp/hard\libc_nano.a(libc_a-exit.o) (__stdio_exit_handler)
C:/ST/STM32CubeIDE_1.16.1/STM32CubeIDE/plugins/com.st.stm32cube.ide.mcu.externaltools.gnu-tools-for-stm32.12.3.rel1.win32_1.1.0.202410251130/tools/bin/../lib/gcc/arm-none-eabi/12.3.1/../../../../arm-none-eabi/lib/thumb/v7e-m+fp/hard\libc_nano.a(libc_a-fwalk.o)
                              C:/ST/STM32CubeIDE_1.16.1/STM32CubeIDE/plugins/com.st.stm32cube.ide.mcu.externaltools.gnu-tools-for-stm32.12.3.rel1.win32_1.1.0.202410251130/tools/bin/../lib/gcc/arm-none-eabi/12.3.1/../../../../arm-none-eabi/lib/thumb/v7e-m+fp/hard\libc_nano.a(libc_a-findfp.o) (_fwalk_sglue)
C:/ST/STM32CubeIDE_1.16.1/STM32CubeIDE/plugins/com.st.stm32cube.ide.mcu.externaltools.gnu-tools-for-stm32.12.3.rel1.win32_1.1.0.202410251130/tools/bin/../lib/gcc/arm-none-eabi/12.3.1/../../../../arm-none-eabi/lib/thumb/v7e-m+fp/hard\libc_nano.a(libc_a-stdio.o)
                              C:/ST/STM32CubeIDE_1.16.1/STM32CubeIDE/plugins/com.st.stm32cube.ide.mcu.externaltools.gnu-tools-for-stm32.12.3.rel1.win32_1.1.0.202410251130/tools/bin/../lib/gcc/arm-none-eabi/12.3.1/../../../../arm-none-eabi/lib/thumb/v7e-m+fp/hard\libc_nano.a(libc_a-findfp.o) (__sread)
C:/ST/STM32CubeIDE_1.16.1/STM32CubeIDE/plugins/com.st.stm32cube.ide.mcu.externaltools.gnu-tools-for-stm32.12.3.rel1.win32_1.1.0.202410251130/tools/bin/../lib/gcc/arm-none-eabi/12.3.1/../../../../arm-none-eabi/lib/thumb/v7e-m+fp/hard\libc_nano.a(libc_a-memset.o)
                              C:/ST/STM32CubeIDE_1.16.1/STM32CubeIDE/plugins/com.st.stm32cube.ide.mcu.externaltools.gnu-tools-for-stm32.12.3.rel1.win32_1.1.0.202410251130/tools/bin/../lib/gcc/arm-none-eabi/12.3.1/../../../../arm-none-eabi/lib/thumb/v7e-m+fp/hard/crt0.o (memset)
C:/ST/STM32CubeIDE_1.16.1/STM32CubeIDE/plugins/com.st.stm32cube.ide.mcu.externaltools.gnu-tools-for-stm32.12.3.rel1.win32_1.1.0.202410251130/tools/bin/../lib/gcc/arm-none-eabi/12.3.1/../../../../arm-none-eabi/lib/thumb/v7e-m+fp/hard\libc_nano.a(libc_a-closer.o)
                              C:/ST/STM32CubeIDE_1.16.1/STM32CubeIDE/plugins/com.st.stm32cube.ide.mcu.externaltools.gnu-tools-for-stm32.12.3.rel1.win32_1.1.0.202410251130/tools/bin/../lib/gcc/arm-none-eabi/12.3.1/../../../../arm-none-eabi/lib/thumb/v7e-m+fp/hard\libc_nano.a(libc_a-stdio.o) (_close_r)
C:/ST/STM32CubeIDE_1.16.1/STM32CubeIDE/plugins/com.st.stm32cube.ide.mcu.externaltools.gnu-tools-for-stm32.12.3.rel1.win32_1.1.0.202410251130/tools/bin/../lib/gcc/arm-none-eabi/12.3.1/../../../../arm-none-eabi/lib/thumb/v7e-m+fp/hard\libc_nano.a(libc_a-reent.o)
                              C:/ST/STM32CubeIDE_1.16.1/STM32CubeIDE/plugins/com.st.stm32cube.ide.mcu.externaltools.gnu-tools-for-stm32.12.3.rel1.win32_1.1.0.202410251130/tools/bin/../lib/gcc/arm-none-eabi/12.3.1/../../../../arm-none-eabi/lib/thumb/v7e-m+fp/hard\libc_nano.a(libc_a-closer.o) (errno)
C:/ST/STM32CubeIDE_1.16.1/STM32CubeIDE/plugins/com.st.stm32cube.ide.mcu.externaltools.gnu-tools-for-stm32.12.3.rel1.win32_1.1.0.202410251130/tools/bin/../lib/gcc/arm-none-eabi/12.3.1/../../../../arm-none-eabi/lib/thumb/v7e-m+fp/hard\libc_nano.a(libc_a-impure.o)
                              C:/ST/STM32CubeIDE_1.16.1/STM32CubeIDE/plugins/com.st.stm32cube.ide.mcu.externaltools.gnu-tools-for-stm32.12.3.rel1.win32_1.1.0.202410251130/tools/bin/../lib/gcc/arm-none-eabi/12.3.1/../../../../arm-none-eabi/lib/thumb/v7e-m+fp/hard\libc_nano.a(libc_a-reent.o) (_impure_ptr)
C:/ST/STM32CubeIDE_1.16.1/STM32CubeIDE/plugins/com.st.stm32cube.ide.mcu.externaltools.gnu-tools-for-stm32.12.3.rel1.win32_1.1.0.202410251130/tools/bin/../lib/gcc/arm-none-eabi/12.3.1/../../../../arm-none-eabi/lib/thumb/v7e-m+fp/hard\libc_nano.a(libc_a-lseekr.o)
[...]
Memory Configuration

Name             Origin             Length             Attributes
FLASH            0x08100000         0x00100000         xr
RAM              0x10000000         0x00048000         xrw
*default*        0x00000000         0xffffffff

Linker script and memory map

LOAD C:/ST/STM32CubeIDE_1.16.1/STM32CubeIDE/plugins/com.st.stm32cube.ide.mcu.externaltools.gnu-tools-for-stm32.12.3.rel1.win32_1.1.0.202410251130/tools/bin/../lib/gcc/arm-none-eabi/12.3.1/thumb/v7e-m+fp/hard/crti.o
LOAD C:/ST/STM32CubeIDE_1.16.1/STM32CubeIDE/plugins/com.st.stm32cube.ide.mcu.externaltools.gnu-tools-for-stm32.12.3.rel1.win32_1.1.0.202410251130/tools/bin/../lib/gcc/arm-none-eabi/12.3.1/thumb/v7e-m+fp/hard/crtbegin.o
LOAD C:/ST/STM32CubeIDE_1.16.1/STM32CubeIDE/plugins/com.st.stm32cube.ide.mcu.externaltools.gnu-tools-for-stm32.12.3.rel1.win32_1.1.0.202410251130/tools/bin/../lib/gcc/arm-none-eabi/12.3.1/../../../../arm-none-eabi/lib/thumb/v7e-m+fp/hard/crt0.o
LOAD ./Common/Src/system_stm32h7xx_dualcore_boot_cm4_cm7.o
LOAD ./Core/Src/main.o
LOAD ./Core/Src/stm32h7xx_hal_msp.o
LOAD ./Core/Src/stm32h7xx_it.o
LOAD ./Core/Src/syscalls.o
LOAD ./Core/Src/sysmem.o
LOAD ./Core/Startup/startup_stm32h745xihx.o
LOAD ./Drivers/STM32H7xx_HAL_Driver/stm32h7xx_hal.o
LOAD ./Drivers/STM32H7xx_HAL_Driver/stm32h7xx_hal_cortex.o
LOAD ./Drivers/STM32H7xx_HAL_Driver/stm32h7xx_hal_dma.o
LOAD ./Drivers/STM32H7xx_HAL_Driver/stm32h7xx_hal_dma_ex.o
LOAD ./Drivers/STM32H7xx_HAL_Driver/stm32h7xx_hal_eth.o
LOAD ./Drivers/STM32H7xx_HAL_Driver/stm32h7xx_hal_eth_ex.o
LOAD ./Drivers/STM32H7xx_HAL_Driver/stm32h7xx_hal_exti.o
LOAD ./Drivers/STM32H7xx_HAL_Driver/stm32h7xx_hal_fdcan.o
LOAD ./Drivers/STM32H7xx_HAL_Driver/stm32h7xx_hal_flash.o
LOAD ./Drivers/STM32H7xx_HAL_Driver/stm32h7xx_hal_flash_ex.o
LOAD ./Drivers/STM32H7xx_HAL_Driver/stm32h7xx_hal_gpio.o
LOAD ./Drivers/STM32H7xx_HAL_Driver/stm32h7xx_hal_hsem.o
LOAD ./Drivers/STM32H7xx_HAL_Driver/stm32h7xx_hal_i2c.o
LOAD ./Drivers/STM32H7xx_HAL_Driver/stm32h7xx_hal_i2c_ex.o
LOAD ./Drivers/STM32H7xx_HAL_Driver/stm32h7xx_hal_ltdc.o
LOAD ./Drivers/STM32H7xx_HAL_Driver/stm32h7xx_hal_ltdc_ex.o
LOAD ./Drivers/STM32H7xx_HAL_Driver/stm32h7xx_hal_mdma.o
LOAD ./Drivers/STM32H7xx_HAL_Driver/stm32h7xx_hal_mmc.o
LOAD ./Drivers/STM32H7xx_HAL_Driver/stm32h7xx_hal_mmc_ex.o
LOAD ./Drivers/STM32H7xx_HAL_Driver/stm32h7xx_hal_nand.o
LOAD ./Drivers/STM32H7xx_HAL_Driver/stm32h7xx_hal_nor.o
LOAD ./Drivers/STM32H7xx_HAL_Driver/stm32h7xx_hal_pcd.o
LOAD ./Drivers/STM32H7xx_HAL_Driver/stm32h7xx_hal_pcd_ex.o
LOAD ./Drivers/STM32H7xx_HAL_Driver/stm32h7xx_hal_pwr.o
LOAD ./Drivers/STM32H7xx_HAL_Driver/stm32h7xx_hal_pwr_ex.o
LOAD ./Drivers/STM32H7xx_HAL_Driver/stm32h7xx_hal_qspi.o
LOAD ./Drivers/STM32H7xx_HAL_Driver/stm32h7xx_hal_rcc.o
LOAD ./Drivers/STM32H7xx_HAL_Driver/stm32h7xx_hal_rcc_ex.o
LOAD ./Drivers/STM32H7xx_HAL_Driver/stm32h7xx_hal_sai.o
LOAD ./Drivers/STM32H7xx_HAL_Driver/stm32h7xx_hal_sai_ex.o
LOAD ./Drivers/STM32H7xx_HAL_Driver/stm32h7xx_hal_sd.o
LOAD ./Drivers/STM32H7xx_HAL_Driver/stm32h7xx_hal_sd_ex.o
LOAD ./Drivers/STM32H7xx_HAL_Driver/stm32h7xx_hal_sdram.o
LOAD ./Drivers/STM32H7xx_HAL_Driver/stm32h7xx_hal_sram.o
LOAD ./Drivers/STM32H7xx_HAL_Driver/stm32h7xx_hal_uart.o
LOAD ./Drivers/STM32H7xx_HAL_Driver/stm32h7xx_hal_uart_ex.o
LOAD ./Drivers/STM32H7xx_HAL_Driver/stm32h7xx_ll_delayblock.o
LOAD ./Drivers/STM32H7xx_HAL_Driver/stm32h7xx_ll_fmc.o
LOAD ./Drivers/STM32H7xx_HAL_Driver/stm32h7xx_ll_sdmmc.o
LOAD ./Drivers/STM32H7xx_HAL_Driver/stm32h7xx_ll_usb.o
START GROUP
LOAD C:/ST/STM32CubeIDE_1.16.1/STM32CubeIDE/plugins/com.st.stm32cube.ide.mcu.externaltools.gnu-tools-for-stm32.12.3.rel1.win32_1.1.0.202410251130/tools/bin/../lib/gcc/arm-none-eabi/12.3.1/../../../../arm-none-eabi/lib/thumb/v7e-m+fp/hard\libstdc++_nano.a
LOAD C:/ST/STM32CubeIDE_1.16.1/STM32CubeIDE/plugins/com.st.stm32cube.ide.mcu.externaltools.gnu-tools-for-stm32.12.3.rel1.win32_1.1.0.202410251130/tools/bin/../lib/gcc/arm-none-eabi/12.3.1/../../../../arm-none-eabi/lib/thumb/v7e-m+fp/hard\libsupc++_nano.a
END GROUP
LOAD C:/ST/STM32CubeIDE_1.16.1/STM32CubeIDE/plugins/com.st.stm32cube.ide.mcu.externaltools.gnu-tools-for-stm32.12.3.rel1.win32_1.1.0.202410251130/tools/bin/../lib/gcc/arm-none-eabi/12.3.1/../../../../arm-none-eabi/lib/thumb/v7e-m+fp/hard\libstdc++_nano.a
LOAD C:/ST/STM32CubeIDE_1.16.1/STM32CubeIDE/plugins/com.st.stm32cube.ide.mcu.externaltools.gnu-tools-for-stm32.12.3.rel1.win32_1.1.0.202410251130/tools/bin/../lib/gcc/arm-none-eabi/12.3.1/../../../../arm-none-eabi/lib/thumb/v7e-m+fp/hard\libm.a
LOAD C:/ST/STM32CubeIDE_1.16.1/STM32CubeIDE/plugins/com.st.stm32cube.ide.mcu.externaltools.gnu-tools-for-stm32.12.3.rel1.win32_1.1.0.202410251130/tools/bin/../lib/gcc/arm-none-eabi/12.3.1/../../../../arm-none-eabi/lib/thumb/v7e-m+fp/hard\libc_nano.a
START GROUP
LOAD C:/ST/STM32CubeIDE_1.16.1/STM32CubeIDE/plugins/com.st.stm32cube.ide.mcu.externaltools.gnu-tools-for-stm32.12.3.rel1.win32_1.1.0.202410251130/tools/bin/../lib/gcc/arm-none-eabi/12.3.1/thumb/v7e-m+fp/hard\libgcc.a
LOAD C:/ST/STM32CubeIDE_1.16.1/STM32CubeIDE/plugins/com.st.stm32cube.ide.mcu.externaltools.gnu-tools-for-stm32.12.3.rel1.win32_1.1.0.202410251130/tools/bin/../lib/gcc/arm-none-eabi/12.3.1/../../../../arm-none-eabi/lib/thumb/v7e-m+fp/hard\libc_nano.a
END GROUP
START GROUP
LOAD C:/ST/STM32CubeIDE_1.16.1/STM32CubeIDE/plugins/com.st.stm32cube.ide.mcu.externaltools.gnu-tools-for-stm32.12.3.rel1.win32_1.1.0.202410251130/tools/bin/../lib/gcc/arm-none-eabi/12.3.1/thumb/v7e-m+fp/hard\libgcc.a
LOAD C:/ST/STM32CubeIDE_1.16.1/STM32CubeIDE/plugins/com.st.stm32cube.ide.mcu.externaltools.gnu-tools-for-stm32.12.3.rel1.win32_1.1.0.202410251130/tools/bin/../lib/gcc/arm-none-eabi/12.3.1/../../../../arm-none-eabi/lib/thumb/v7e-m+fp/hard\libc_nano.a
LOAD C:/ST/STM32CubeIDE_1.16.1/STM32CubeIDE/plugins/com.st.stm32cube.ide.mcu.externaltools.gnu-tools-for-stm32.12.3.rel1.win32_1.1.0.202410251130/tools/bin/../lib/gcc/arm-none-eabi/12.3.1/../../../../arm-none-eabi/lib/thumb/v7e-m+fp/hard\libnosys.a
END GROUP
START GROUP
LOAD C:/ST/STM32CubeIDE_1.16.1/STM32CubeIDE/plugins/com.st.stm32cube.ide.mcu.externaltools.gnu-tools-for-stm32.12.3.rel1.win32_1.1.0.202410251130/tools/bin/../lib/gcc/arm-none-eabi/12.3.1/thumb/v7e-m+fp/hard\libgcc.a
LOAD C:/ST/STM32CubeIDE_1.16.1/STM32CubeIDE/plugins/com.st.stm32cube.ide.mcu.externaltools.gnu-tools-for-stm32.12.3.rel1.win32_1.1.0.202410251130/tools/bin/../lib/gcc/arm-none-eabi/12.3.1/../../../../arm-none-eabi/lib/thumb/v7e-m+fp/hard\libc_nano.a
LOAD C:/ST/STM32CubeIDE_1.16.1/STM32CubeIDE/plugins/com.st.stm32cube.ide.mcu.externaltools.gnu-tools-for-stm32.12.3.rel1.win32_1.1.0.202410251130/tools/bin/../lib/gcc/arm-none-eabi/12.3.1/../../../../arm-none-eabi/lib/thumb/v7e-m+fp/hard\libnosys.a
END GROUP
LOAD C:/ST/STM32CubeIDE_1.16.1/STM32CubeIDE/plugins/com.st.stm32cube.ide.mcu.externaltools.gnu-tools-for-stm32.12.3.rel1.win32_1.1.0.202410251130/tools/bin/../lib/gcc/arm-none-eabi/12.3.1/thumb/v7e-m+fp/hard/crtend.o
LOAD C:/ST/STM32CubeIDE_1.16.1/STM32CubeIDE/plugins/com.st.stm32cube.ide.mcu.externaltools.gnu-tools-for-stm32.12.3.rel1.win32_1.1.0.202410251130/tools/bin/../lib/gcc/arm-none-eabi/12.3.1/thumb/v7e-m+fp/hard/crtn.o
                0x10048000                        _estack = (ORIGIN (RAM) + LENGTH (RAM))
                0x00000200                        _Min_Heap_Size = 0x200
                0x00000400                        _Min_Stack_Size = 0x400

.isr_vector     0x08100000      0x298
                0x08100000                        . = ALIGN (0x4)
 *(.isr_vector)
 .isr_vector    0x08100000      0x298 ./Core/Startup/startup_stm32h745xihx.o
                0x08100000                g_pfnVectors
                0x08100298                        . = ALIGN (0x4)

.text           0x08100298     0x9f70
                0x08100298                        . = ALIGN (0x4)
 *(.text)
 .text          0x08100298       0x40 C:/ST/STM32CubeIDE_1.16.1/STM32CubeIDE/plugins/com.st.stm32cube.ide.mcu.externaltools.gnu-tools-for-stm32.12.3.rel1.win32_1.1.0.202410251130/tools/bin/../lib/gcc/arm-none-eabi/12.3.1/thumb/v7e-m+fp/hard/crtbegin.o
 .text          0x081002d8       0x30 C:/ST/STM32CubeIDE_1.16.1/STM32CubeIDE/plugins/com.st.stm32cube.ide.mcu.externaltools.gnu-tools-for-stm32.12.3.rel1.win32_1.1.0.202410251130/tools/bin/../lib/gcc/arm-none-eabi/12.3.1/thumb/v7e-m+fp/hard\libgcc.a(_aeabi_uldivmod.o)
                0x081002d8                __aeabi_uldivmod
 .text          0x08100308      0x2bc C:/ST/STM32CubeIDE_1.16.1/STM32CubeIDE/plugins/com.st.stm32cube.ide.mcu.externaltools.gnu-tools-for-stm32.12.3.rel1.win32_1.1.0.202410251130/tools/bin/../lib/gcc/arm-none-eabi/12.3.1/thumb/v7e-m+fp/hard\libgcc.a(_udivmoddi4.o)
                0x08100308                __udivmoddi4
 .text          0x081005c4        0x4 C:/ST/STM32CubeIDE_1.16.1/STM32CubeIDE/plugins/com.st.stm32cube.ide.mcu.externaltools.gnu-tools-for-stm32.12.3.rel1.win32_1.1.0.202410251130/tools/bin/../lib/gcc/arm-none-eabi/12.3.1/thumb/v7e-m+fp/hard\libgcc.a(_dvmd_tls.o)
                0x081005c4                __aeabi_idiv0
                0x081005c4                __aeabi_ldiv0
 *(.text*)
 .text.SystemInit
                0x081005c8       0x30 ./Common/Src/system_stm32h7xx_dualcore_boot_cm4_cm7.o
                0x081005c8                SystemInit
 .text.ExitRun0Mode
                0x081005f8       0x30 ./Common/Src/system_stm32h7xx_dualcore_boot_cm4_cm7.o
                0x081005f8                ExitRun0Mode
 .text.main     0x08100628       0xa8 ./Core/Src/main.o
                0x08100628                main
 .text.MX_ETH_Init
                0x081006d0       0x98 ./Core/Src/main.o
 .text.MX_FDCAN1_Init
                0x08100768       0xc8 ./Core/Src/main.o
 .text.MX_FDCAN2_Init
                0x08100830       0xc8 ./Core/Src/main.o
 .text.MX_LTDC_Init
                0x081008f8      0x164 ./Core/Src/main.o
 .text.MX_QUADSPI_Init
                0x08100a5c       0x58 ./Core/Src/main.o
 .text.MX_SAI2_Init
                0x08100ab4      0x17c ./Core/Src/main.o
 .text.MX_SDMMC1_MMC_Init
                0x08100c30       0x48 ./Core/Src/main.o
 .text.MX_USART3_UART_Init
                0x08100c78       0x98 ./Core/Src/main.o
 .text.MX_USB_OTG_FS_PCD_Init
                0x08100d10       0x64 ./Core/Src/main.o
 .text.MX_FMC_Init
                0x08100d74       0x9c ./Core/Src/main.o
 .text.MX_GPIO_Init
                0x08100e10      0x190 ./Core/Src/main.o
 .text.Error_Handler
                0x08100fa0        0xc ./Core/Src/main.o
                0x08100fa0                Error_Handler
 .text.HAL_MspInit
                0x08100fac       0x34 ./Core/Src/stm32h7xx_hal_msp.o
                0x08100fac                HAL_MspInit
 .text.HAL_ETH_MspInit
                0x08100fe0      0x260 ./Core/Src/stm32h7xx_hal_msp.o
                0x08100fe0                HAL_ETH_MspInit
 .text.HAL_FDCAN_MspInit
                0x08101240      0x1a0 ./Core/Src/stm32h7xx_hal_msp.o
                0x08101240                HAL_FDCAN_MspInit
 .text.HAL_LTDC_MspInit
                0x081013e0      0x1dc ./Core/Src/stm32h7xx_hal_msp.o
                0x081013e0                HAL_LTDC_MspInit
 .text.HAL_QSPI_MspInit
                0x081015bc      0x198 ./Core/Src/stm32h7xx_hal_msp.o
                0x081015bc                HAL_QSPI_MspInit
 .text.HAL_MMC_MspInit
                0x08101754      0x16c ./Core/Src/stm32h7xx_hal_msp.o
                0x08101754                HAL_MMC_MspInit
 .text.HAL_UART_MspInit
                0x081018c0       0xd4 ./Core/Src/stm32h7xx_hal_msp.o
                0x081018c0                HAL_UART_MspInit
 .text.HAL_PCD_MspInit
                0x08101994       0xf8 ./Core/Src/stm32h7xx_hal_msp.o
                0x08101994                HAL_PCD_MspInit
 .text.HAL_FMC_MspInit
                0x08101a8c      0x178 ./Core/Src/stm32h7xx_hal_msp.o
 .text.HAL_SDRAM_MspInit
                0x08101c04       0x14 ./Core/Src/stm32h7xx_hal_msp.o
                0x08101c04                HAL_SDRAM_MspInit
 .text.HAL_SAI_MspInit
                0x08101c18      0x148 ./Core/Src/stm32h7xx_hal_msp.o
                0x08101c18                HAL_SAI_MspInit
 .text.NMI_Handler
                0x08101d60        0x8 ./Core/Src/stm32h7xx_it.o
                0x08101d60                NMI_Handler
 .text.HardFault_Handler
                0x08101d68        0x8 ./Core/Src/stm32h7xx_it.o
                0x08101d68                HardFault_Handler
 .text.MemManage_Handler
                0x08101d70        0x8 ./Core/Src/stm32h7xx_it.o
                0x08101d70                MemManage_Handler
 .text.BusFault_Handler
                0x08101d78        0x8 ./Core/Src/stm32h7xx_it.o
                0x08101d78                BusFault_Handler
 .text.UsageFault_Handler
                0x08101d80        0x8 ./Core/Src/stm32h7xx_it.o
                0x08101d80                UsageFault_Handler
 .text.SVC_Handler
                0x08101d88        0xe ./Core/Src/stm32h7xx_it.o
                0x08101d88                SVC_Handler
 .text.DebugMon_Handler
                0x08101d96        0xe ./Core/Src/stm32h7xx_it.o
                0x08101d96                DebugMon_Handler
 .text.PendSV_Handler
                0x08101da4        0xe ./Core/Src/stm32h7xx_it.o
                0x08101da4                PendSV_Handler
 .text.SysTick_Handler
                0x08101db2        0xc ./Core/Src/stm32h7xx_it.o
                0x08101db2                SysTick_Handler
 *fill*         0x08101dbe        0x2 
 .text.Reset_Handler
                0x08101dc0       0x54 ./Core/Startup/startup_stm32h745xihx.o
                0x08101dc0                Reset_Handler
 .text.Default_Handler
                0x08101e14        0x2 ./Core/Startup/startup_stm32h745xihx.o
                0x08101e14                RTC_Alarm_IRQHandler
                0x08101e14                EXTI2_IRQHandler
                0x08101e14                TIM8_CC_IRQHandler
                0x08101e14                HRTIM1_Master_IRQHandler
                0x08101e14                UART8_IRQHandler
                0x08101e14                SPI4_IRQHandler
                0x08101e14                TIM1_CC_IRQHandler
                0x08101e14                BDMA_Channel6_IRQHandler
                0x08101e14                DMA2_Stream5_IRQHandler
                0x08101e14                HRTIM1_FLT_IRQHandler
                0x08101e14                JPEG_IRQHandler
                0x08101e14                DMA1_Stream5_IRQHandler
                0x08101e14                BDMA_Channel1_IRQHandler
                0x08101e14                HRTIM1_TIMD_IRQHandler
                0x08101e14                TAMP_STAMP_IRQHandler
                0x08101e14                EXTI3_IRQHandler
                0x08101e14                LPTIM4_IRQHandler
                0x08101e14                TIM8_TRG_COM_TIM14_IRQHandler
                0x08101e14                LPTIM2_IRQHandler
                0x08101e14                DFSDM1_FLT1_IRQHandler
                0x08101e14                DMAMUX2_OVR_IRQHandler
                0x08101e14                TIM8_UP_TIM13_IRQHandler
                0x08101e14                I2C3_ER_IRQHandler
                0x08101e14                DFSDM1_FLT2_IRQHandler
                0x08101e14                MDMA_IRQHandler
                0x08101e14                LPTIM3_IRQHandler
                0x08101e14                HSEM1_IRQHandler
                0x08101e14                EXTI0_IRQHandler
                0x08101e14                I2C2_EV_IRQHandler
                0x08101e14                DMA1_Stream2_IRQHandler
                0x08101e14                FPU_IRQHandler
                0x08101e14                OTG_HS_WKUP_IRQHandler
                0x08101e14                FDCAN1_IT1_IRQHandler
                0x08101e14                LTDC_ER_IRQHandler
                0x08101e14                DMA2_Stream2_IRQHandler
                0x08101e14                HRTIM1_TIME_IRQHandler
                0x08101e14                SPI1_IRQHandler
                0x08101e14                TIM6_DAC_IRQHandler
                0x08101e14                DCMI_IRQHandler
                0x08101e14                HRTIM1_TIMC_IRQHandler
                0x08101e14                DMA2_Stream3_IRQHandler
                0x08101e14                SAI2_IRQHandler
                0x08101e14                DFSDM1_FLT3_IRQHandler
                0x08101e14                USART6_IRQHandler
                0x08101e14                TIM17_IRQHandler
                0x08101e14                USART3_IRQHandler
                0x08101e14                BDMA_Channel7_IRQHandler
                0x08101e14                LPTIM5_IRQHandler
                0x08101e14                UART5_IRQHandler
                0x08101e14                ADC3_IRQHandler
                0x08101e14                DMA2_Stream0_IRQHandler
                0x08101e14                TIM4_IRQHandler
                0x08101e14                BDMA_Channel2_IRQHandler
                0x08101e14                QUADSPI_IRQHandler
                0x08101e14                I2C1_EV_IRQHandler
                0x08101e14                DMA1_Stream6_IRQHandler
                0x08101e14                DMAMUX1_OVR_IRQHandler
                0x08101e14                DMA1_Stream1_IRQHandler
                0x08101e14                TIM16_IRQHandler
                0x08101e14                UART4_IRQHandler
                0x08101e14                BDMA_Channel5_IRQHandler
                0x08101e14                TIM3_IRQHandler
                0x08101e14                RCC_IRQHandler
                0x08101e14                TIM8_BRK_TIM12_IRQHandler
                0x08101e14                TIM1_TRG_COM_IRQHandler
                0x08101e14                Default_Handler
                0x08101e14                ECC_IRQHandler
                0x08101e14                CEC_IRQHandler
                0x08101e14                EXTI15_10_IRQHandler
                0x08101e14                BDMA_Channel0_IRQHandler
                0x08101e14                ADC_IRQHandler
                0x08101e14                DMA1_Stream7_IRQHandler
                0x08101e14                HRTIM1_TIMA_IRQHandler
                0x08101e14                SPI5_IRQHandler
                0x08101e14                TIM7_IRQHandler
                0x08101e14                SDMMC1_IRQHandler
                0x08101e14                TIM5_IRQHandler
                0x08101e14                DMA2_Stream7_IRQHandler
                0x08101e14                TIM15_IRQHandler
                0x08101e14                PVD_AVD_IRQHandler
                0x08101e14                I2C3_EV_IRQHandler
                0x08101e14                EXTI9_5_IRQHandler
                0x08101e14                RTC_WKUP_IRQHandler
                0x08101e14                LTDC_IRQHandler
                0x08101e14                SAI3_IRQHandler
                0x08101e14                ETH_WKUP_IRQHandler
                0x08101e14                SPDIF_RX_IRQHandler
                0x08101e14                SPI2_IRQHandler
                0x08101e14                OTG_HS_EP1_IN_IRQHandler
                0x08101e14                DMA1_Stream0_IRQHandler
                0x08101e14                CRS_IRQHandler
                0x08101e14                CM7_SEV_IRQHandler
                0x08101e14                EXTI4_IRQHandler
                0x08101e14                RNG_IRQHandler
                0x08101e14                CM4_SEV_IRQHandler
                0x08101e14                HRTIM1_TIMB_IRQHandler
                0x08101e14                FDCAN2_IT1_IRQHandler
                0x08101e14                ETH_IRQHandler
                0x08101e14                TIM1_UP_IRQHandler
                0x08101e14                WWDG_RST_IRQHandler
                0x08101e14                BDMA_Channel4_IRQHandler
                0x08101e14                OTG_HS_EP1_OUT_IRQHandler
                0x08101e14                WWDG_IRQHandler
                0x08101e14                SPI6_IRQHandler
                0x08101e14                MDIOS_IRQHandler
                0x08101e14                I2C4_EV_IRQHandler
                0x08101e14                FDCAN2_IT0_IRQHandler
                0x08101e14                LPUART1_IRQHandler
                0x08101e14                FDCAN1_IT0_IRQHandler
                0x08101e14                TIM2_IRQHandler
                0x08101e14                OTG_FS_WKUP_IRQHandler
                0x08101e14                OTG_HS_IRQHandler
                0x08101e14                HSEM2_IRQHandler
                0x08101e14                DMA2D_IRQHandler
                0x08101e14                TIM1_BRK_IRQHandler
                0x08101e14                EXTI1_IRQHandler
                0x08101e14                SDMMC2_IRQHandler
                0x08101e14                OTG_FS_EP1_OUT_IRQHandler
                0x08101e14                BDMA_Channel3_IRQHandler
                0x08101e14                HOLD_CORE_IRQHandler
                0x08101e14                UART7_IRQHandler
                0x08101e14                MDIOS_WKUP_IRQHandler
                0x08101e14                USART2_IRQHandler
                0x08101e14                DFSDM1_FLT0_IRQHandler
                0x08101e14                SAI4_IRQHandler
                0x08101e14                I2C2_ER_IRQHandler
                0x08101e14                DMA2_Stream1_IRQHandler
                0x08101e14                FLASH_IRQHandler
                0x08101e14                DMA2_Stream4_IRQHandler
                0x08101e14                USART1_IRQHandler
                0x08101e14                OTG_FS_IRQHandler
                0x08101e14                SPI3_IRQHandler
                0x08101e14                WAKEUP_PIN_IRQHandler
                0x08101e14                DMA1_Stream4_IRQHandler
                0x08101e14                OTG_FS_EP1_IN_IRQHandler
                0x08101e14                I2C1_ER_IRQHandler
                0x08101e14                FMC_IRQHandler
                0x08101e14                FDCAN_CAL_IRQHandler
                0x08101e14                SWPMI1_IRQHandler
                0x08101e14                COMP1_IRQHandler
                0x08101e14                LPTIM1_IRQHandler
                0x08101e14                I2C4_ER_IRQHandler
                0x08101e14                DMA2_Stream6_IRQHandler
                0x08101e14                SAI1_IRQHandler
                0x08101e14                DMA1_Stream3_IRQHandler
 *fill*         0x08101e16        0x2 
 .text.HAL_Init
                0x08101e18       0xbc ./Drivers/STM32H7xx_HAL_Driver/stm32h7xx_hal.o
                0x08101e18                HAL_Init
 .text.HAL_InitTick
                0x08101ed4       0x6c ./Drivers/STM32H7xx_HAL_Driver/stm32h7xx_hal.o
                0x08101ed4                HAL_InitTick
 .text.HAL_IncTick
                0x08101f40       0x28 ./Drivers/STM32H7xx_HAL_Driver/stm32h7xx_hal.o
                0x08101f40                HAL_IncTick
 .text.HAL_GetTick
                0x08101f68       0x18 ./Drivers/STM32H7xx_HAL_Driver/stm32h7xx_hal.o
                0x08101f68                HAL_GetTick
 .text.HAL_Delay
                0x08101f80       0x48 ./Drivers/STM32H7xx_HAL_Driver/stm32h7xx_hal.o
                0x08101f80                HAL_Delay
 .text.HAL_GetREVID
                0x08101fc8       0x18 ./Drivers/STM32H7xx_HAL_Driver/stm32h7xx_hal.o
                0x08101fc8                HAL_GetREVID
 .text.HAL_SYSCFG_ETHInterfaceSelect
                0x08101fe0       0x28 ./Drivers/STM32H7xx_HAL_Driver/stm32h7xx_hal.o
                0x08101fe0                HAL_SYSCFG_ETHInterfaceSelect
 .text.__NVIC_SetPriorityGrouping
                0x08102008       0x48 ./Drivers/STM32H7xx_HAL_Driver/stm32h7xx_hal_cortex.o
 .text.__NVIC_GetPriorityGrouping
                0x08102050       0x1c ./Drivers/STM32H7xx_HAL_Driver/stm32h7xx_hal_cortex.o
 .text.__NVIC_SetPriority
                0x0810206c       0x54 ./Drivers/STM32H7xx_HAL_Driver/stm32h7xx_hal_cortex.o
 .text.NVIC_EncodePriority
                0x081020c0       0x66 ./Drivers/STM32H7xx_HAL_Driver/stm32h7xx_hal_cortex.o
 *fill*         0x08102126        0x2 
 .text.SysTick_Config
                0x08102128       0x44 ./Drivers/STM32H7xx_HAL_Driver/stm32h7xx_hal_cortex.o
 .text.HAL_NVIC_SetPriorityGrouping
                0x0810216c       0x16 ./Drivers/STM32H7xx_HAL_Driver/stm32h7xx_hal_cortex.o
                0x0810216c                HAL_NVIC_SetPriorityGrouping
 .text.HAL_NVIC_SetPriority
                0x08102182       0x34 ./Drivers/STM32H7xx_HAL_Driver/stm32h7xx_hal_cortex.o
                0x08102182                HAL_NVIC_SetPriority
 .text.HAL_SYSTICK_Config
                0x081021b6       0x18 ./Drivers/STM32H7xx_HAL_Driver/stm32h7xx_hal_cortex.o
                0x081021b6                HAL_SYSTICK_Config
 *fill*         0x081021ce        0x2 
 .text.HAL_GetCurrentCPUID
                0x081021d0       0x28 ./Drivers/STM32H7xx_HAL_Driver/stm32h7xx_hal_cortex.o
                0x081021d0                HAL_GetCurrentCPUID
 .text.HAL_ETH_Init
                0x081021f8      0x1fc ./Drivers/STM32H7xx_HAL_Driver/stm32h7xx_hal_eth.o
                0x081021f8                HAL_ETH_Init
 .text.HAL_ETH_SetMDIOClockRange
                0x081023f4       0xa0 ./Drivers/STM32H7xx_HAL_Driver/stm32h7xx_hal_eth.o
                0x081023f4                HAL_ETH_SetMDIOClockRange
 .text.ETH_SetMACConfig
                0x08102494      0x238 ./Drivers/STM32H7xx_HAL_Driver/stm32h7xx_hal_eth.o
 .text.ETH_SetDMAConfig
                0x081026cc      0x10c ./Drivers/STM32H7xx_HAL_Driver/stm32h7xx_hal_eth.o
 .text.ETH_MACDMAConfig
                0x081027d8      0x13a ./Drivers/STM32H7xx_HAL_Driver/stm32h7xx_hal_eth.o
 .text.ETH_DMATxDescListInit
                0x08102912       0x92 ./Drivers/STM32H7xx_HAL_Driver/stm32h7xx_hal_eth.o
 .text.ETH_DMARxDescListInit
                0x081029a4       0xba ./Drivers/STM32H7xx_HAL_Driver/stm32h7xx_hal_eth.o
 *fill*         0x08102a5e        0x2 
 .text.HAL_FDCAN_Init
                0x08102a60      0x3bc ./Drivers/STM32H7xx_HAL_Driver/stm32h7xx_hal_fdcan.o
                0x08102a60                HAL_FDCAN_Init
 .text.FDCAN_CalcultateRamBlockAddresses
                0x08102e1c      0x320 ./Drivers/STM32H7xx_HAL_Driver/stm32h7xx_hal_fdcan.o
 .text.HAL_GPIO_Init
                0x0810313c      0x360 ./Drivers/STM32H7xx_HAL_Driver/stm32h7xx_hal_gpio.o
                0x0810313c                HAL_GPIO_Init
 .text.HAL_HSEM_ActivateNotification
                0x0810349c       0x24 ./Drivers/STM32H7xx_HAL_Driver/stm32h7xx_hal_hsem.o
                0x0810349c                HAL_HSEM_ActivateNotification
 .text.HAL_LTDC_Init
                0x081034c0      0x13a ./Drivers/STM32H7xx_HAL_Driver/stm32h7xx_hal_ltdc.o
                0x081034c0                HAL_LTDC_Init
 .text.HAL_LTDC_ConfigLayer
                0x081035fa       0x7c ./Drivers/STM32H7xx_HAL_Driver/stm32h7xx_hal_ltdc.o
                0x081035fa                HAL_LTDC_ConfigLayer
 .text.LTDC_SetConfig
                0x08103676      0x2e6 ./Drivers/STM32H7xx_HAL_Driver/stm32h7xx_hal_ltdc.o
 .text.HAL_MMC_Init
                0x0810395c       0x7e ./Drivers/STM32H7xx_HAL_Driver/stm32h7xx_hal_mmc.o
                0x0810395c                HAL_MMC_Init
 *fill*         0x081039da        0x2 
 .text.HAL_MMC_InitCard
                0x081039dc      0x138 ./Drivers/STM32H7xx_HAL_Driver/stm32h7xx_hal_mmc.o
                0x081039dc                HAL_MMC_InitCard
 .text.HAL_MMC_GetCardCSD
                0x08103b14      0x348 ./Drivers/STM32H7xx_HAL_Driver/stm32h7xx_hal_mmc.o
                0x08103b14                HAL_MMC_GetCardCSD
 .text.HAL_MMC_GetCardExtCSD
                0x08103e5c      0x1f8 ./Drivers/STM32H7xx_HAL_Driver/stm32h7xx_hal_mmc.o
                0x08103e5c                HAL_MMC_GetCardExtCSD
 .text.HAL_MMC_ConfigWideBusOperation
                0x08104054      0x198 ./Drivers/STM32H7xx_HAL_Driver/stm32h7xx_hal_mmc.o
                0x08104054                HAL_MMC_ConfigWideBusOperation
 .text.MMC_InitCard
                0x081041ec      0x1fa ./Drivers/STM32H7xx_HAL_Driver/stm32h7xx_hal_mmc.o
 *fill*         0x081043e6        0x2 
 .text.MMC_PowerON
                0x081043e8       0xa0 ./Drivers/STM32H7xx_HAL_Driver/stm32h7xx_hal_mmc.o
 .text.MMC_ReadExtCSD
                0x08104488      0x1e8 ./Drivers/STM32H7xx_HAL_Driver/stm32h7xx_hal_mmc.o
 .text.MMC_PwrClassUpdate
                0x08104670      0x140 ./Drivers/STM32H7xx_HAL_Driver/stm32h7xx_hal_mmc.o
 .text.HAL_PCD_Init
                0x081047b0      0x218 ./Drivers/STM32H7xx_HAL_Driver/stm32h7xx_hal_pcd.o
                0x081047b0                HAL_PCD_Init
 .text.HAL_PCDEx_ActivateLPM
                0x081049c8       0x48 ./Drivers/STM32H7xx_HAL_Driver/stm32h7xx_hal_pcd_ex.o
                0x081049c8                HAL_PCDEx_ActivateLPM
 .text.HAL_PWREx_EnterSTOPMode
                0x08104a10       0xf4 ./Drivers/STM32H7xx_HAL_Driver/stm32h7xx_hal_pwr_ex.o
                0x08104a10                HAL_PWREx_EnterSTOPMode
 .text.HAL_PWREx_ClearPendingEvent
                0x08104b04       0x1a ./Drivers/STM32H7xx_HAL_Driver/stm32h7xx_hal_pwr_ex.o
                0x08104b04                HAL_PWREx_ClearPendingEvent
 *fill*         0x08104b1e        0x2 
 .text.HAL_PWREx_EnableUSBVoltageDetector
                0x08104b20       0x20 ./Drivers/STM32H7xx_HAL_Driver/stm32h7xx_hal_pwr_ex.o
                0x08104b20                HAL_PWREx_EnableUSBVoltageDetector
 .text.HAL_QSPI_Init
                0x08104b40       0xe8 ./Drivers/STM32H7xx_HAL_Driver/stm32h7xx_hal_qspi.o
                0x08104b40                HAL_QSPI_Init
 .text.HAL_QSPI_SetTimeout
                0x08104c28       0x1c ./Drivers/STM32H7xx_HAL_Driver/stm32h7xx_hal_qspi.o
                0x08104c28                HAL_QSPI_SetTimeout
 .text.QSPI_WaitFlagStateUntilTimeout
                0x08104c44       0x6e ./Drivers/STM32H7xx_HAL_Driver/stm32h7xx_hal_qspi.o
 *fill*         0x08104cb2        0x2 
 .text.HAL_RCC_GetSysClockFreq
                0x08104cb4      0x2f4 ./Drivers/STM32H7xx_HAL_Driver/stm32h7xx_hal_rcc.o
                0x08104cb4                HAL_RCC_GetSysClockFreq
 .text.HAL_RCC_GetHCLKFreq
                0x08104fa8       0x64 ./Drivers/STM32H7xx_HAL_Driver/stm32h7xx_hal_rcc.o
                0x08104fa8                HAL_RCC_GetHCLKFreq
 .text.HAL_RCC_GetPCLK1Freq
                0x0810500c       0x2c ./Drivers/STM32H7xx_HAL_Driver/stm32h7xx_hal_rcc.o
                0x0810500c                HAL_RCC_GetPCLK1Freq
 .text.HAL_RCC_GetPCLK2Freq
                0x08105038       0x2c ./Drivers/STM32H7xx_HAL_Driver/stm32h7xx_hal_rcc.o
                0x08105038                HAL_RCC_GetPCLK2Freq
 .text.HAL_RCCEx_PeriphCLKConfig
                0x08105064     0x1414 ./Drivers/STM32H7xx_HAL_Driver/stm32h7xx_hal_rcc_ex.o
                0x08105064                HAL_RCCEx_PeriphCLKConfig
 .text.HAL_RCCEx_GetPeriphCLKFreq
                0x08106478      0xb00 ./Drivers/STM32H7xx_HAL_Driver/stm32h7xx_hal_rcc_ex.o
                0x08106478                HAL_RCCEx_GetPeriphCLKFreq
 .text.HAL_RCCEx_GetD3PCLK1Freq
                0x08106f78       0x2c ./Drivers/STM32H7xx_HAL_Driver/stm32h7xx_hal_rcc_ex.o
                0x08106f78                HAL_RCCEx_GetD3PCLK1Freq
 .text.HAL_RCCEx_GetPLL2ClockFreq
                0x08106fa4      0x2a8 ./Drivers/STM32H7xx_HAL_Driver/stm32h7xx_hal_rcc_ex.o
                0x08106fa4                HAL_RCCEx_GetPLL2ClockFreq
 .text.HAL_RCCEx_GetPLL3ClockFreq
                0x0810724c      0x2a8 ./Drivers/STM32H7xx_HAL_Driver/stm32h7xx_hal_rcc_ex.o
                0x0810724c                HAL_RCCEx_GetPLL3ClockFreq
 .text.HAL_RCCEx_GetPLL1ClockFreq
                0x081074f4      0x2a4 ./Drivers/STM32H7xx_HAL_Driver/stm32h7xx_hal_rcc_ex.o
                0x081074f4                HAL_RCCEx_GetPLL1ClockFreq
 .text.RCCEx_PLL2_Config
                0x08107798      0x164 ./Drivers/STM32H7xx_HAL_Driver/stm32h7xx_hal_rcc_ex.o
 .text.RCCEx_PLL3_Config
                0x081078fc      0x164 ./Drivers/STM32H7xx_HAL_Driver/stm32h7xx_hal_rcc_ex.o
 .text.HAL_SAI_Init
                0x08107a60      0x554 ./Drivers/STM32H7xx_HAL_Driver/stm32h7xx_hal_sai.o
                0x08107a60                HAL_SAI_Init
 .text.SAI_Disable
                0x08107fb4       0x74 ./Drivers/STM32H7xx_HAL_Driver/stm32h7xx_hal_sai.o
 .text.HAL_SDRAM_Init
                0x08108028       0x78 ./Drivers/STM32H7xx_HAL_Driver/stm32h7xx_hal_sdram.o
                0x08108028                HAL_SDRAM_Init
 .text.HAL_UART_Init
                0x081080a0       0xa0 ./Drivers/STM32H7xx_HAL_Driver/stm32h7xx_hal_uart.o
                0x081080a0                HAL_UART_Init
 .text.UART_SetConfig
                0x08108140      0xad0 ./Drivers/STM32H7xx_HAL_Driver/stm32h7xx_hal_uart.o
                0x08108140                UART_SetConfig
 .text.UART_AdvFeatureConfig
                0x08108c10      0x144 ./Drivers/STM32H7xx_HAL_Driver/stm32h7xx_hal_uart.o
                0x08108c10                UART_AdvFeatureConfig
 .text.UART_CheckIdleState
                0x08108d54      0x154 ./Drivers/STM32H7xx_HAL_Driver/stm32h7xx_hal_uart.o
                0x08108d54                UART_CheckIdleState
 .text.UART_WaitOnFlagUntilTimeout
                0x08108ea8       0xda ./Drivers/STM32H7xx_HAL_Driver/stm32h7xx_hal_uart.o
                0x08108ea8                UART_WaitOnFlagUntilTimeout
 .text.UART_EndRxTransfer
                0x08108f82       0xcc ./Drivers/STM32H7xx_HAL_Driver/stm32h7xx_hal_uart.o
 .text.HAL_UARTEx_DisableFifoMode
                0x0810904e       0x72 ./Drivers/STM32H7xx_HAL_Driver/stm32h7xx_hal_uart_ex.o
                0x0810904e                HAL_UARTEx_DisableFifoMode
 .text.HAL_UARTEx_SetTxFifoThreshold
                0x081090c0       0x7c ./Drivers/STM32H7xx_HAL_Driver/stm32h7xx_hal_uart_ex.o
                0x081090c0                HAL_UARTEx_SetTxFifoThreshold
 .text.HAL_UARTEx_SetRxFifoThreshold
                0x0810913c       0x7c ./Drivers/STM32H7xx_HAL_Driver/stm32h7xx_hal_uart_ex.o
                0x0810913c                HAL_UARTEx_SetRxFifoThreshold
 .text.UARTEx_SetNbDataToProcess
                0x081091b8       0x9c ./Drivers/STM32H7xx_HAL_Driver/stm32h7xx_hal_uart_ex.o
 .text.FMC_SDRAM_Init
                0x08109254       0xba ./Drivers/STM32H7xx_HAL_Driver/stm32h7xx_ll_fmc.o
                0x08109254                FMC_SDRAM_Init
 .text.FMC_SDRAM_Timing_Init
                0x0810930e       0xd2 ./Drivers/STM32H7xx_HAL_Driver/stm32h7xx_ll_fmc.o
                0x0810930e                FMC_SDRAM_Timing_Init
 .text.SDMMC_Init
                0x081093e0       0x54 ./Drivers/STM32H7xx_HAL_Driver/stm32h7xx_ll_sdmmc.o
                0x081093e0                SDMMC_Init
 .text.SDMMC_ReadFIFO
                0x08109434       0x1a ./Drivers/STM32H7xx_HAL_Driver/stm32h7xx_ll_sdmmc.o
                0x08109434                SDMMC_ReadFIFO
 .text.SDMMC_PowerState_ON
                0x0810944e       0x22 ./Drivers/STM32H7xx_HAL_Driver/stm32h7xx_ll_sdmmc.o
                0x0810944e                SDMMC_PowerState_ON
 .text.SDMMC_GetPowerState
                0x08109470       0x1c ./Drivers/STM32H7xx_HAL_Driver/stm32h7xx_ll_sdmmc.o
                0x08109470                SDMMC_GetPowerState
 .text.SDMMC_SendCommand
                0x0810948c       0x54 ./Drivers/STM32H7xx_HAL_Driver/stm32h7xx_ll_sdmmc.o
                0x0810948c                SDMMC_SendCommand
 .text.SDMMC_GetCommandResponse
                0x081094e0       0x1a ./Drivers/STM32H7xx_HAL_Driver/stm32h7xx_ll_sdmmc.o
                0x081094e0                SDMMC_GetCommandResponse
 .text.SDMMC_GetResponse
                0x081094fa       0x26 ./Drivers/STM32H7xx_HAL_Driver/stm32h7xx_ll_sdmmc.o
                0x081094fa                SDMMC_GetResponse
 .text.SDMMC_ConfigData
                0x08109520       0x58 ./Drivers/STM32H7xx_HAL_Driver/stm32h7xx_ll_sdmmc.o
                0x08109520                SDMMC_ConfigData
 .text.SDMMC_CmdBlockLength
                0x08109578       0x46 ./Drivers/STM32H7xx_HAL_Driver/stm32h7xx_ll_sdmmc.o
                0x08109578                SDMMC_CmdBlockLength
 .text.SDMMC_CmdSelDesel
                0x081095be       0x46 ./Drivers/STM32H7xx_HAL_Driver/stm32h7xx_ll_sdmmc.o
                0x081095be                SDMMC_CmdSelDesel
 .text.SDMMC_CmdGoIdleState
                0x08109604       0x3c ./Drivers/STM32H7xx_HAL_Driver/stm32h7xx_ll_sdmmc.o
                0x08109604                SDMMC_CmdGoIdleState
 .text.SDMMC_CmdSendCID
                0x08109640       0x3e ./Drivers/STM32H7xx_HAL_Driver/stm32h7xx_ll_sdmmc.o
                0x08109640                SDMMC_CmdSendCID
 .text.SDMMC_CmdSendCSD
                0x0810967e       0x40 ./Drivers/STM32H7xx_HAL_Driver/stm32h7xx_ll_sdmmc.o
                0x0810967e                SDMMC_CmdSendCSD
 .text.SDMMC_CmdSetRelAddMmc
                0x081096be       0x4a ./Drivers/STM32H7xx_HAL_Driver/stm32h7xx_ll_sdmmc.o
                0x081096be                SDMMC_CmdSetRelAddMmc
 .text.SDMMC_CmdSendStatus
                0x08109708       0x46 ./Drivers/STM32H7xx_HAL_Driver/stm32h7xx_ll_sdmmc.o
                0x08109708                SDMMC_CmdSendStatus
 .text.SDMMC_CmdOpCondition
                0x0810974e       0x40 ./Drivers/STM32H7xx_HAL_Driver/stm32h7xx_ll_sdmmc.o
                0x0810974e                SDMMC_CmdOpCondition
 .text.SDMMC_CmdSwitch
                0x0810978e       0x46 ./Drivers/STM32H7xx_HAL_Driver/stm32h7xx_ll_sdmmc.o
                0x0810978e                SDMMC_CmdSwitch
 .text.SDMMC_CmdSendEXTCSD
                0x081097d4       0x46 ./Drivers/STM32H7xx_HAL_Driver/stm32h7xx_ll_sdmmc.o
                0x081097d4                SDMMC_CmdSendEXTCSD
 *fill*         0x0810981a        0x2 
 .text.SDMMC_GetCmdResp1
                0x0810981c      0x1e4 ./Drivers/STM32H7xx_HAL_Driver/stm32h7xx_ll_sdmmc.o
                0x0810981c                SDMMC_GetCmdResp1
 .text.SDMMC_GetCmdResp2
                0x08109a00       0x94 ./Drivers/STM32H7xx_HAL_Driver/stm32h7xx_ll_sdmmc.o
                0x08109a00                SDMMC_GetCmdResp2
 .text.SDMMC_GetCmdResp3
                0x08109a94       0x80 ./Drivers/STM32H7xx_HAL_Driver/stm32h7xx_ll_sdmmc.o
                0x08109a94                SDMMC_GetCmdResp3
 .text.SDMMC_GetCmdError
                0x08109b14       0x5c ./Drivers/STM32H7xx_HAL_Driver/stm32h7xx_ll_sdmmc.o
 .text.USB_CoreInit
                0x08109b70       0xe2 ./Drivers/STM32H7xx_HAL_Driver/stm32h7xx_ll_usb.o
                0x08109b70                USB_CoreInit
 .text.USB_DisableGlobalInt
                0x08109c52       0x22 ./Drivers/STM32H7xx_HAL_Driver/stm32h7xx_ll_usb.o
                0x08109c52                USB_DisableGlobalInt
 .text.USB_SetCurrentMode
                0x08109c74       0x98 ./Drivers/STM32H7xx_HAL_Driver/stm32h7xx_ll_usb.o
                0x08109c74                USB_SetCurrentMode
 .text.USB_DevInit
                0x08109d0c      0x2bc ./Drivers/STM32H7xx_HAL_Driver/stm32h7xx_ll_usb.o
                0x08109d0c                USB_DevInit
 .text.USB_FlushTxFifo
                0x08109fc8       0x64 ./Drivers/STM32H7xx_HAL_Driver/stm32h7xx_ll_usb.o
                0x08109fc8                USB_FlushTxFifo
 .text.USB_FlushRxFifo
                0x0810a02c       0x5c ./Drivers/STM32H7xx_HAL_Driver/stm32h7xx_ll_usb.o
                0x0810a02c                USB_FlushRxFifo
 .text.USB_SetDevSpeed
                0x0810a088       0x32 ./Drivers/STM32H7xx_HAL_Driver/stm32h7xx_ll_usb.o
                0x0810a088                USB_SetDevSpeed
 .text.USB_DevDisconnect
                0x0810a0ba       0x42 ./Drivers/STM32H7xx_HAL_Driver/stm32h7xx_ll_usb.o
                0x0810a0ba                USB_DevDisconnect
 .text.USB_GetMode
                0x0810a0fc       0x1c ./Drivers/STM32H7xx_HAL_Driver/stm32h7xx_ll_usb.o
                0x0810a0fc                USB_GetMode
 .text.USB_CoreReset
                0x0810a118       0x62 ./Drivers/STM32H7xx_HAL_Driver/stm32h7xx_ll_usb.o
 .text.memset   0x0810a17a       0x10 C:/ST/STM32CubeIDE_1.16.1/STM32CubeIDE/plugins/com.st.stm32cube.ide.mcu.externaltools.gnu-tools-for-stm32.12.3.rel1.win32_1.1.0.202410251130/tools/bin/../lib/gcc/arm-none-eabi/12.3.1/../../../../arm-none-eabi/lib/thumb/v7e-m+fp/hard\libc_nano.a(libc_a-memset.o)
                0x0810a17a                memset
 *fill*         0x0810a18a        0x2 
 .text.__libc_init_array
                0x0810a18c       0x48 C:/ST/STM32CubeIDE_1.16.1/STM32CubeIDE/plugins/com.st.stm32cube.ide.mcu.externaltools.gnu-tools-for-stm32.12.3.rel1.win32_1.1.0.202410251130/tools/bin/../lib/gcc/arm-none-eabi/12.3.1/../../../../arm-none-eabi/lib/thumb/v7e-m+fp/hard\libc_nano.a(libc_a-init.o)
                0x0810a18c                __libc_init_array
 .text.memcpy   0x0810a1d4       0x1c C:/ST/STM32CubeIDE_1.16.1/STM32CubeIDE/plugins/com.st.stm32cube.ide.mcu.externaltools.gnu-tools-for-stm32.12.3.rel1.win32_1.1.0.202410251130/tools/bin/../lib/gcc/arm-none-eabi/12.3.1/../../../../arm-none-eabi/lib/thumb/v7e-m+fp/hard\libc_nano.a(libc_a-memcpy-stub.o)
                0x0810a1d4                memcpy
 *(.glue_7)
 .glue_7        0x0810a1f0        0x0 linker stubs
 *(.glue_7t)
 .glue_7t       0x0810a1f0        0x0 linker stubs
 *(.eh_frame)
 .eh_frame      0x0810a1f0        0x0 C:/ST/STM32CubeIDE_1.16.1/STM32CubeIDE/plugins/com.st.stm32cube.ide.mcu.externaltools.gnu-tools-for-stm32.12.3.rel1.win32_1.1.0.202410251130/tools/bin/../lib/gcc/arm-none-eabi/12.3.1/thumb/v7e-m+fp/hard/crtbegin.o
 *(.init)
 .init          0x0810a1f0        0x4 C:/ST/STM32CubeIDE_1.16.1/STM32CubeIDE/plugins/com.st.stm32cube.ide.mcu.externaltools.gnu-tools-for-stm32.12.3.rel1.win32_1.1.0.202410251130/tools/bin/../lib/gcc/arm-none-eabi/12.3.1/thumb/v7e-m+fp/hard/crti.o
                0x0810a1f0                _init
 .init          0x0810a1f4        0x8 C:/ST/STM32CubeIDE_1.16.1/STM32CubeIDE/plugins/com.st.stm32cube.ide.mcu.externaltools.gnu-tools-for-stm32.12.3.rel1.win32_1.1.0.202410251130/tools/bin/../lib/gcc/arm-none-eabi/12.3.1/thumb/v7e-m+fp/hard/crtn.o
 *(.fini)
 .fini          0x0810a1fc        0x4 C:/ST/STM32CubeIDE_1.16.1/STM32CubeIDE/plugins/com.st.stm32cube.ide.mcu.externaltools.gnu-tools-for-stm32.12.3.rel1.win32_1.1.0.202410251130/tools/bin/../lib/gcc/arm-none-eabi/12.3.1/thumb/v7e-m+fp/hard/crti.o
                0x0810a1fc                _fini
 .fini          0x0810a200        0x8 C:/ST/STM32CubeIDE_1.16.1/STM32CubeIDE/plugins/com.st.stm32cube.ide.mcu.externaltools.gnu-tools-for-stm32.12.3.rel1.win32_1.1.0.202410251130/tools/bin/../lib/gcc/arm-none-eabi/12.3.1/thumb/v7e-m+fp/hard/crtn.o
                0x0810a208                        . = ALIGN (0x4)
                0x0810a208                        _etext = .

.vfp11_veneer   0x0810a208        0x0
 .vfp11_veneer  0x0810a208        0x0 linker stubs

.v4_bx          0x0810a208        0x0
 .v4_bx         0x0810a208        0x0 linker stubs

.iplt           0x0810a208        0x0
 .iplt          0x0810a208        0x0 C:/ST/STM32CubeIDE_1.16.1/STM32CubeIDE/plugins/com.st.stm32cube.ide.mcu.externaltools.gnu-tools-for-stm32.12.3.rel1.win32_1.1.0.202410251130/tools/bin/../lib/gcc/arm-none-eabi/12.3.1/thumb/v7e-m+fp/hard/crtbegin.o

.rodata         0x0810a208       0x84
                0x0810a208                        . = ALIGN (0x4)
 *(.rodata)
 .rodata        0x0810a208       0x4c ./Drivers/STM32H7xx_HAL_Driver/stm32h7xx_hal_fdcan.o
 *(.rodata*)
 .rodata.D1CorePrescTable
                0x0810a254       0x10 ./Common/Src/system_stm32h7xx_dualcore_boot_cm4_cm7.o
                0x0810a254                D1CorePrescTable
 .rodata.UARTPrescTable
                0x0810a264       0x18 ./Drivers/STM32H7xx_HAL_Driver/stm32h7xx_hal_uart.o
                0x0810a264                UARTPrescTable
 .rodata.numerator.1
                0x0810a27c        0x8 ./Drivers/STM32H7xx_HAL_Driver/stm32h7xx_hal_uart_ex.o
 .rodata.denominator.0
                0x0810a284        0x8 ./Drivers/STM32H7xx_HAL_Driver/stm32h7xx_hal_uart_ex.o
                0x0810a28c                        . = ALIGN (0x4)

.ARM.extab
 *(.ARM.extab* .gnu.linkonce.armextab.*)

.ARM            0x0810a28c        0x8
                0x0810a28c                        __exidx_start = .
 *(.ARM.exidx*)
 .ARM.exidx     0x0810a28c        0x8 C:/ST/STM32CubeIDE_1.16.1/STM32CubeIDE/plugins/com.st.stm32cube.ide.mcu.externaltools.gnu-tools-for-stm32.12.3.rel1.win32_1.1.0.202410251130/tools/bin/../lib/gcc/arm-none-eabi/12.3.1/thumb/v7e-m+fp/hard\libgcc.a(_udivmoddi4.o)
                0x0810a294                        __exidx_end = .

.preinit_array  0x0810a294        0x0
                0x0810a294                        PROVIDE (__preinit_array_start = .)
 *(.preinit_array*)
                0x0810a294                        PROVIDE (__preinit_array_end = .)

.init_array     0x0810a294        0x4
                0x0810a294                        PROVIDE (__init_array_start = .)
 *(SORT_BY_NAME(.init_array.*))
 *(.init_array*)
 .init_array    0x0810a294        0x4 C:/ST/STM32CubeIDE_1.16.1/STM32CubeIDE/plugins/com.st.stm32cube.ide.mcu.externaltools.gnu-tools-for-stm32.12.3.rel1.win32_1.1.0.202410251130/tools/bin/../lib/gcc/arm-none-eabi/12.3.1/thumb/v7e-m+fp/hard/crtbegin.o
                0x0810a298                        PROVIDE (__init_array_end = .)

.fini_array     0x0810a298        0x4
                [!provide]                        PROVIDE (__fini_array_start = .)
 *(SORT_BY_NAME(.fini_array.*))
 *(.fini_array*)
 .fini_array    0x0810a298        0x4 C:/ST/STM32CubeIDE_1.16.1/STM32CubeIDE/plugins/com.st.stm32cube.ide.mcu.externaltools.gnu-tools-for-stm32.12.3.rel1.win32_1.1.0.202410251130/tools/bin/../lib/gcc/arm-none-eabi/12.3.1/thumb/v7e-m+fp/hard/crtbegin.o
                [!provide]                        PROVIDE (__fini_array_end = .)
                0x0810a29c                        _sidata = LOADADDR (.data)

.rel.dyn        0x0810a29c        0x0
 .rel.iplt      0x0810a29c        0x0 C:/ST/STM32CubeIDE_1.16.1/STM32CubeIDE/plugins/com.st.stm32cube.ide.mcu.externaltools.gnu-tools-for-stm32.12.3.rel1.win32_1.1.0.202410251130/tools/bin/../lib/gcc/arm-none-eabi/12.3.1/thumb/v7e-m+fp/hard/crtbegin.o

.data           0x10000000       0x10 load address 0x0810a29c
                0x10000000                        . = ALIGN (0x4)
                0x10000000                        _sdata = .
 *(.data)
 *(.data*)
 .data.SystemCoreClock
                0x10000000        0x4 ./Common/Src/system_stm32h7xx_dualcore_boot_cm4_cm7.o
                0x10000000                SystemCoreClock
 .data.SystemD2Clock
                0x10000004        0x4 ./Common/Src/system_stm32h7xx_dualcore_boot_cm4_cm7.o
                0x10000004                SystemD2Clock
 .data.uwTickPrio
                0x10000008        0x4 ./Drivers/STM32H7xx_HAL_Driver/stm32h7xx_hal.o
                0x10000008                uwTickPrio
 .data.uwTickFreq
                0x1000000c        0x1 ./Drivers/STM32H7xx_HAL_Driver/stm32h7xx_hal.o
                0x1000000c                uwTickFreq
 *(.RamFunc)
 *(.RamFunc*)
                0x10000010                        . = ALIGN (0x4)
 *fill*         0x1000000d        0x3 
                0x10000010                        _edata = .

.igot.plt       0x10000010        0x0 load address 0x0810a2ac
 .igot.plt      0x10000010        0x0 C:/ST/STM32CubeIDE_1.16.1/STM32CubeIDE/plugins/com.st.stm32cube.ide.mcu.externaltools.gnu-tools-for-stm32.12.3.rel1.win32_1.1.0.202410251130/tools/bin/../lib/gcc/arm-none-eabi/12.3.1/thumb/v7e-m+fp/hard/crtbegin.o

.RxDescripSection
                0x10000010       0x60 load address 0x0810a2ac
 .RxDescripSection
                0x10000010       0x60 ./Core/Src/main.o
                0x10000010                DMARxDscrTab

.TxDescripSection
                0x10000070       0x60 load address 0x0810a30c
 .TxDescripSection
                0x10000070       0x60 ./Core/Src/main.o
                0x10000070                DMATxDscrTab
                0x100000d0                        . = ALIGN (0x4)

.bss            0x100000d0      0xca4 load address 0x0810a36c
                0x100000d0                        _sbss = .
                0x100000d0                        __bss_start__ = _sbss
 *(.bss)
 .bss           0x100000d0       0x1c C:/ST/STM32CubeIDE_1.16.1/STM32CubeIDE/plugins/com.st.stm32cube.ide.mcu.externaltools.gnu-tools-for-stm32.12.3.rel1.win32_1.1.0.202410251130/tools/bin/../lib/gcc/arm-none-eabi/12.3.1/thumb/v7e-m+fp/hard/crtbegin.o
 *(.bss*)
 .bss.TxConfig  0x100000ec       0x38 ./Core/Src/main.o
                0x100000ec                TxConfig
 .bss.heth      0x10000124       0xb0 ./Core/Src/main.o
                0x10000124                heth
 .bss.hfdcan1   0x100001d4       0xa0 ./Core/Src/main.o
                0x100001d4                hfdcan1
 .bss.hfdcan2   0x10000274       0xa0 ./Core/Src/main.o
                0x10000274                hfdcan2
 .bss.hltdc     0x10000314       0xa8 ./Core/Src/main.o
                0x10000314                hltdc
 .bss.hqspi     0x100003bc       0x4c ./Core/Src/main.o
                0x100003bc                hqspi
 .bss.hsai_BlockA2
                0x10000408       0x98 ./Core/Src/main.o
                0x10000408                hsai_BlockA2
 .bss.hsai_BlockB2
                0x100004a0       0x98 ./Core/Src/main.o
                0x100004a0                hsai_BlockB2
 .bss.hmmc1     0x10000538      0x278 ./Core/Src/main.o
                0x10000538                hmmc1
 .bss.huart3    0x100007b0       0x94 ./Core/Src/main.o
                0x100007b0                huart3
 .bss.hpcd_USB_OTG_FS
                0x10000844      0x4e4 ./Core/Src/main.o
                0x10000844                hpcd_USB_OTG_FS
 .bss.hsdram1   0x10000d28       0x34 ./Core/Src/main.o
                0x10000d28                hsdram1
 .bss.MACAddr.0
                0x10000d5c        0x6 ./Core/Src/main.o
 *fill*         0x10000d62        0x2 
 .bss.HAL_RCC_FDCAN_CLK_ENABLED
                0x10000d64        0x4 ./Core/Src/stm32h7xx_hal_msp.o
 .bss.FMC_Initialized
                0x10000d68        0x4 ./Core/Src/stm32h7xx_hal_msp.o
 .bss.SAI2_client
                0x10000d6c        0x4 ./Core/Src/stm32h7xx_hal_msp.o
 .bss.uwTick    0x10000d70        0x4 ./Drivers/STM32H7xx_HAL_Driver/stm32h7xx_hal.o
                0x10000d70                uwTick
 *(COMMON)
                0x10000d74                        . = ALIGN (0x4)
                0x10000d74                        _ebss = .
                0x10000d74                        __bss_end__ = _ebss

._user_heap_stack
                0x10000d74      0x604 load address 0x0810a36c
                0x10000d78                        . = ALIGN (0x8)
 *fill*         0x10000d74        0x4 
                [!provide]                        PROVIDE (end = .)
                0x10000d78                        PROVIDE (_end = .)
                0x10000f78                        . = (. + _Min_Heap_Size)
 *fill*         0x10000d78      0x200 
                0x10001378                        . = (. + _Min_Stack_Size)
 *fill*         0x10000f78      0x400 
                0x10001378                        . = ALIGN (0x8)

/DISCARD/
 libc.a(*)
 libm.a(*)
 libgcc.a(*)

.ARM.attributes
                0x00000000       0x30
 *(.ARM.attributes)
 .ARM.attributes
                0x00000000       0x22 C:/ST/STM32CubeIDE_1.16.1/STM32CubeIDE/plugins/com.st.stm32cube.ide.mcu.externaltools.gnu-tools-for-stm32.12.3.rel1.win32_1.1.0.202410251130/tools/bin/../lib/gcc/arm-none-eabi/12.3.1/thumb/v7e-m+fp/hard/crti.o
 .ARM.attributes
                0x00000022       0x34 C:/ST/STM32CubeIDE_1.16.1/STM32CubeIDE/plugins/com.st.stm32cube.ide.mcu.externaltools.gnu-tools-for-stm32.12.3.rel1.win32_1.1.0.202410251130/tools/bin/../lib/gcc/arm-none-eabi/12.3.1/thumb/v7e-m+fp/hard/crtbegin.o
 .ARM.attributes
                0x00000056       0x34 ./Common/Src/system_stm32h7xx_dualcore_boot_cm4_cm7.o
 .ARM.attributes
                0x0000008a       0x34 ./Core/Src/main.o
 .ARM.attributes
                0x000000be       0x34 ./Core/Src/stm32h7xx_hal_msp.o
 .ARM.attributes
                0x000000f2       0x34 ./Core/Src/stm32h7xx_it.o
 .ARM.attributes
                0x00000126       0x21 ./Core/Startup/startup_stm32h745xihx.o
 .ARM.attributes
                0x00000147       0x34 ./Drivers/STM32H7xx_HAL_Driver/stm32h7xx_hal.o
 .ARM.attributes
                0x0000017b       0x34 ./Drivers/STM32H7xx_HAL_Driver/stm32h7xx_hal_cortex.o
 .ARM.attributes
                0x000001af       0x34 ./Drivers/STM32H7xx_HAL_Driver/stm32h7xx_hal_eth.o
 .ARM.attributes
                0x000001e3       0x34 ./Drivers/STM32H7xx_HAL_Driver/stm32h7xx_hal_fdcan.o
 .ARM.attributes
                0x00000217       0x34 ./Drivers/STM32H7xx_HAL_Driver/stm32h7xx_hal_gpio.o
 .ARM.attributes
                0x0000024b       0x34 ./Drivers/STM32H7xx_HAL_Driver/stm32h7xx_hal_hsem.o
 .ARM.attributes
                0x0000027f       0x34 ./Drivers/STM32H7xx_HAL_Driver/stm32h7xx_hal_ltdc.o
 .ARM.attributes
                0x000002b3       0x34 ./Drivers/STM32H7xx_HAL_Driver/stm32h7xx_hal_mmc.o
 .ARM.attributes
                0x000002e7       0x34 ./Drivers/STM32H7xx_HAL_Driver/stm32h7xx_hal_pcd.o
 .ARM.attributes
                0x0000031b       0x34 ./Drivers/STM32H7xx_HAL_Driver/stm32h7xx_hal_pcd_ex.o
 .ARM.attributes
                0x0000034f       0x34 ./Drivers/STM32H7xx_HAL_Driver/stm32h7xx_hal_pwr_ex.o
 .ARM.attributes
                0x00000383       0x34 ./Drivers/STM32H7xx_HAL_Driver/stm32h7xx_hal_qspi.o
 .ARM.attributes
                0x000003b7       0x34 ./Drivers/STM32H7xx_HAL_Driver/stm32h7xx_hal_rcc.o
 .ARM.attributes
                0x000003eb       0x34 ./Drivers/STM32H7xx_HAL_Driver/stm32h7xx_hal_rcc_ex.o
 .ARM.attributes
                0x0000041f       0x34 ./Drivers/STM32H7xx_HAL_Driver/stm32h7xx_hal_sai.o
 .ARM.attributes
                0x00000453       0x34 ./Drivers/STM32H7xx_HAL_Driver/stm32h7xx_hal_sdram.o
 .ARM.attributes
                0x00000487       0x34 ./Drivers/STM32H7xx_HAL_Driver/stm32h7xx_hal_uart.o
 .ARM.attributes
                0x000004bb       0x34 ./Drivers/STM32H7xx_HAL_Driver/stm32h7xx_hal_uart_ex.o
 .ARM.attributes
                0x000004ef       0x34 ./Drivers/STM32H7xx_HAL_Driver/stm32h7xx_ll_fmc.o
 .ARM.attributes
                0x00000523       0x34 ./Drivers/STM32H7xx_HAL_Driver/stm32h7xx_ll_sdmmc.o
 .ARM.attributes
                0x00000557       0x34 ./Drivers/STM32H7xx_HAL_Driver/stm32h7xx_ll_usb.o
 .ARM.attributes
                0x0000058b       0x34 C:/ST/STM32CubeIDE_1.16.1/STM32CubeIDE/plugins/com.st.stm32cube.ide.mcu.externaltools.gnu-tools-for-stm32.12.3.rel1.win32_1.1.0.202410251130/tools/bin/../lib/gcc/arm-none-eabi/12.3.1/../../../../arm-none-eabi/lib/thumb/v7e-m+fp/hard\libc_nano.a(libc_a-memset.o)
 .ARM.attributes
                0x000005bf       0x34 C:/ST/STM32CubeIDE_1.16.1/STM32CubeIDE/plugins/com.st.stm32cube.ide.mcu.externaltools.gnu-tools-for-stm32.12.3.rel1.win32_1.1.0.202410251130/tools/bin/../lib/gcc/arm-none-eabi/12.3.1/../../../../arm-none-eabi/lib/thumb/v7e-m+fp/hard\libc_nano.a(libc_a-init.o)
 .ARM.attributes
                0x000005f3       0x34 C:/ST/STM32CubeIDE_1.16.1/STM32CubeIDE/plugins/com.st.stm32cube.ide.mcu.externaltools.gnu-tools-for-stm32.12.3.rel1.win32_1.1.0.202410251130/tools/bin/../lib/gcc/arm-none-eabi/12.3.1/../../../../arm-none-eabi/lib/thumb/v7e-m+fp/hard\libc_nano.a(libc_a-memcpy-stub.o)
 .ARM.attributes
                0x00000627       0x22 C:/ST/STM32CubeIDE_1.16.1/STM32CubeIDE/plugins/com.st.stm32cube.ide.mcu.externaltools.gnu-tools-for-stm32.12.3.rel1.win32_1.1.0.202410251130/tools/bin/../lib/gcc/arm-none-eabi/12.3.1/thumb/v7e-m+fp/hard\libgcc.a(_aeabi_uldivmod.o)
 .ARM.attributes
                0x00000649       0x34 C:/ST/STM32CubeIDE_1.16.1/STM32CubeIDE/plugins/com.st.stm32cube.ide.mcu.externaltools.gnu-tools-for-stm32.12.3.rel1.win32_1.1.0.202410251130/tools/bin/../lib/gcc/arm-none-eabi/12.3.1/thumb/v7e-m+fp/hard\libgcc.a(_udivmoddi4.o)
 .ARM.attributes
                0x0000067d       0x22 C:/ST/STM32CubeIDE_1.16.1/STM32CubeIDE/plugins/com.st.stm32cube.ide.mcu.externaltools.gnu-tools-for-stm32.12.3.rel1.win32_1.1.0.202410251130/tools/bin/../lib/gcc/arm-none-eabi/12.3.1/thumb/v7e-m+fp/hard\libgcc.a(_dvmd_tls.o)
 .ARM.attributes
                0x0000069f       0x22 C:/ST/STM32CubeIDE_1.16.1/STM32CubeIDE/plugins/com.st.stm32cube.ide.mcu.externaltools.gnu-tools-for-stm32.12.3.rel1.win32_1.1.0.202410251130/tools/bin/../lib/gcc/arm-none-eabi/12.3.1/thumb/v7e-m+fp/hard/crtn.o
OUTPUT(test_CM4.elf elf32-littlearm)
LOAD linker stubs
LOAD C:/ST/STM32CubeIDE_1.16.1/STM32CubeIDE/plugins/com.st.stm32cube.ide.mcu.externaltools.gnu-tools-for-stm32.12.3.rel1.win32_1.1.0.202410251130/tools/bin/../lib/gcc/arm-none-eabi/12.3.1/../../../../arm-none-eabi/lib/thumb/v7e-m+fp/hard\libc.a
LOAD C:/ST/STM32CubeIDE_1.16.1/STM32CubeIDE/plugins/com.st.stm32cube.ide.mcu.externaltools.gnu-tools-for-stm32.12.3.rel1.win32_1.1.0.202410251130/tools/bin/../lib/gcc/arm-none-eabi/12.3.1/../../../../arm-none-eabi/lib/thumb/v7e-m+fp/hard\libm.a
LOAD C:/ST/STM32CubeIDE_1.16.1/STM32CubeIDE/plugins/com.st.stm32cube.ide.mcu.externaltools.gnu-tools-for-stm32.12.3.rel1.win32_1.1.0.202410251130/tools/bin/../lib/gcc/arm-none-eabi/12.3.1/thumb/v7e-m+fp/hard\libgcc.a

.debug_info     0x00000000    0x26d1e
 .debug_info    0x00000000      0x823 ./Common/Src/system_stm32h7xx_dualcore_boot_cm4_cm7.o
 .debug_info    0x00000823     0x42eb ./Core/Src/main.o
 .debug_info    0x00004b0e     0x4440 ./Core/Src/stm32h7xx_hal_msp.o
 .debug_info    0x00008f4e      0x128 ./Core/Src/stm32h7xx_it.o
 .debug_info    0x00009076       0x30 ./Core/Startup/startup_stm32h745xihx.o
 .debug_info    0x000090a6     0x17b0 ./Drivers/STM32H7xx_HAL_Driver/stm32h7xx_hal.o
 .debug_info    0x0000a856      0xf2c ./Drivers/STM32H7xx_HAL_Driver/stm32h7xx_hal_cortex.o
 .debug_info    0x0000b782     0x2a75 ./Drivers/STM32H7xx_HAL_Driver/stm32h7xx_hal_eth.o
 .debug_info    0x0000e1f7     0x2baf ./Drivers/STM32H7xx_HAL_Driver/stm32h7xx_hal_fdcan.o
 .debug_info    0x00010da6      0xd06 ./Drivers/STM32H7xx_HAL_Driver/stm32h7xx_hal_gpio.o
 .debug_info    0x00011aac      0x3d3 ./Drivers/STM32H7xx_HAL_Driver/stm32h7xx_hal_hsem.o
 .debug_info    0x00011e7f     0x1047 ./Drivers/STM32H7xx_HAL_Driver/stm32h7xx_hal_ltdc.o
 .debug_info    0x00012ec6     0x2296 ./Drivers/STM32H7xx_HAL_Driver/stm32h7xx_hal_mmc.o
 .debug_info    0x0001515c     0x1561 ./Drivers/STM32H7xx_HAL_Driver/stm32h7xx_hal_pcd.o
 .debug_info    0x000166bd      0x8b3 ./Drivers/STM32H7xx_HAL_Driver/stm32h7xx_hal_pcd_ex.o
 .debug_info    0x00016f70     0x1030 ./Drivers/STM32H7xx_HAL_Driver/stm32h7xx_hal_pwr_ex.o
 .debug_info    0x00017fa0     0x12b8 ./Drivers/STM32H7xx_HAL_Driver/stm32h7xx_hal_qspi.o
 .debug_info    0x00019258      0xe67 ./Drivers/STM32H7xx_HAL_Driver/stm32h7xx_hal_rcc.o
 .debug_info    0x0001a0bf     0x1303 ./Drivers/STM32H7xx_HAL_Driver/stm32h7xx_hal_rcc_ex.o
 .debug_info    0x0001b3c2     0x13d7 ./Drivers/STM32H7xx_HAL_Driver/stm32h7xx_hal_sai.o
 .debug_info    0x0001c799     0x107c ./Drivers/STM32H7xx_HAL_Driver/stm32h7xx_hal_sdram.o
 .debug_info    0x0001d815     0x4b1d ./Drivers/STM32H7xx_HAL_Driver/stm32h7xx_hal_uart.o
 .debug_info    0x00022332      0xfbf ./Drivers/STM32H7xx_HAL_Driver/stm32h7xx_hal_uart_ex.o
 .debug_info    0x000232f1      0xbe3 ./Drivers/STM32H7xx_HAL_Driver/stm32h7xx_ll_fmc.o
 .debug_info    0x00023ed4     0x142c ./Drivers/STM32H7xx_HAL_Driver/stm32h7xx_ll_sdmmc.o
 .debug_info    0x00025300     0x1a1e ./Drivers/STM32H7xx_HAL_Driver/stm32h7xx_ll_usb.o

.debug_abbrev   0x00000000     0x3ce0
 .debug_abbrev  0x00000000      0x152 ./Common/Src/system_stm32h7xx_dualcore_boot_cm4_cm7.o
 .debug_abbrev  0x00000152      0x319 ./Core/Src/main.o
 .debug_abbrev  0x0000046b      0x2c6 ./Core/Src/stm32h7xx_hal_msp.o
 .debug_abbrev  0x00000731       0x73 ./Core/Src/stm32h7xx_it.o
 .debug_abbrev  0x000007a4       0x24 ./Core/Startup/startup_stm32h745xihx.o
 .debug_abbrev  0x000007c8      0x29f ./Drivers/STM32H7xx_HAL_Driver/stm32h7xx_hal.o
 .debug_abbrev  0x00000a67      0x337 ./Drivers/STM32H7xx_HAL_Driver/stm32h7xx_hal_cortex.o
 .debug_abbrev  0x00000d9e      0x347 ./Drivers/STM32H7xx_HAL_Driver/stm32h7xx_hal_eth.o
 .debug_abbrev  0x000010e5      0x288 ./Drivers/STM32H7xx_HAL_Driver/stm32h7xx_hal_fdcan.o
 .debug_abbrev  0x0000136d      0x205 ./Drivers/STM32H7xx_HAL_Driver/stm32h7xx_hal_gpio.o
 .debug_abbrev  0x00001572      0x1d3 ./Drivers/STM32H7xx_HAL_Driver/stm32h7xx_hal_hsem.o
 .debug_abbrev  0x00001745      0x23a ./Drivers/STM32H7xx_HAL_Driver/stm32h7xx_hal_ltdc.o
 .debug_abbrev  0x0000197f      0x2d3 ./Drivers/STM32H7xx_HAL_Driver/stm32h7xx_hal_mmc.o
 .debug_abbrev  0x00001c52      0x2dc ./Drivers/STM32H7xx_HAL_Driver/stm32h7xx_hal_pcd.o
 .debug_abbrev  0x00001f2e      0x256 ./Drivers/STM32H7xx_HAL_Driver/stm32h7xx_hal_pcd_ex.o
 .debug_abbrev  0x00002184      0x2d6 ./Drivers/STM32H7xx_HAL_Driver/stm32h7xx_hal_pwr_ex.o
 .debug_abbrev  0x0000245a      0x24d ./Drivers/STM32H7xx_HAL_Driver/stm32h7xx_hal_qspi.o
 .debug_abbrev  0x000026a7      0x2c8 ./Drivers/STM32H7xx_HAL_Driver/stm32h7xx_hal_rcc.o
 .debug_abbrev  0x0000296f      0x269 ./Drivers/STM32H7xx_HAL_Driver/stm32h7xx_hal_rcc_ex.o
 .debug_abbrev  0x00002bd8      0x28b ./Drivers/STM32H7xx_HAL_Driver/stm32h7xx_hal_sai.o
 .debug_abbrev  0x00002e63      0x209 ./Drivers/STM32H7xx_HAL_Driver/stm32h7xx_hal_sdram.o
 .debug_abbrev  0x0000306c      0x33d ./Drivers/STM32H7xx_HAL_Driver/stm32h7xx_hal_uart.o
 .debug_abbrev  0x000033a9      0x2d2 ./Drivers/STM32H7xx_HAL_Driver/stm32h7xx_hal_uart_ex.o
 .debug_abbrev  0x0000367b      0x1ac ./Drivers/STM32H7xx_HAL_Driver/stm32h7xx_ll_fmc.o
 .debug_abbrev  0x00003827      0x206 ./Drivers/STM32H7xx_HAL_Driver/stm32h7xx_ll_sdmmc.o
 .debug_abbrev  0x00003a2d      0x2b3 ./Drivers/STM32H7xx_HAL_Driver/stm32h7xx_ll_usb.o

.debug_aranges  0x00000000     0x1d88
 .debug_aranges
                0x00000000       0x30 ./Common/Src/system_stm32h7xx_dualcore_boot_cm4_cm7.o
 .debug_aranges
                0x00000030       0x80 ./Core/Src/main.o
 .debug_aranges
                0x000000b0       0xc0 ./Core/Src/stm32h7xx_hal_msp.o
 .debug_aranges
                0x00000170       0x60 ./Core/Src/stm32h7xx_it.o
 .debug_aranges
                0x000001d0       0x28 ./Core/Startup/startup_stm32h745xihx.o
 .debug_aranges
                0x000001f8      0x200 ./Drivers/STM32H7xx_HAL_Driver/stm32h7xx_hal.o
 .debug_aranges
                0x000003f8      0x130 ./Drivers/STM32H7xx_HAL_Driver/stm32h7xx_hal_cortex.o
 .debug_aranges
                0x00000528      0x1e0 ./Drivers/STM32H7xx_HAL_Driver/stm32h7xx_hal_eth.o
 .debug_aranges
                0x00000708      0x338 ./Drivers/STM32H7xx_HAL_Driver/stm32h7xx_hal_fdcan.o
 .debug_aranges
                0x00000a40       0x58 ./Drivers/STM32H7xx_HAL_Driver/stm32h7xx_hal_gpio.o
 .debug_aranges
                0x00000a98       0x70 ./Drivers/STM32H7xx_HAL_Driver/stm32h7xx_hal_hsem.o
 .debug_aranges
                0x00000b08      0x158 ./Drivers/STM32H7xx_HAL_Driver/stm32h7xx_hal_ltdc.o
 .debug_aranges
                0x00000c60      0x1c0 ./Drivers/STM32H7xx_HAL_Driver/stm32h7xx_hal_mmc.o
 .debug_aranges
                0x00000e20      0x140 ./Drivers/STM32H7xx_HAL_Driver/stm32h7xx_hal_pcd.o
 .debug_aranges
                0x00000f60       0x60 ./Drivers/STM32H7xx_HAL_Driver/stm32h7xx_hal_pcd_ex.o
 .debug_aranges
                0x00000fc0      0x170 ./Drivers/STM32H7xx_HAL_Driver/stm32h7xx_hal_pwr_ex.o
 .debug_aranges
                0x00001130      0x148 ./Drivers/STM32H7xx_HAL_Driver/stm32h7xx_hal_qspi.o
 .debug_aranges
                0x00001278       0x88 ./Drivers/STM32H7xx_HAL_Driver/stm32h7xx_hal_rcc.o
 .debug_aranges
                0x00001300      0x100 ./Drivers/STM32H7xx_HAL_Driver/stm32h7xx_hal_rcc_ex.o
 .debug_aranges
                0x00001400      0x178 ./Drivers/STM32H7xx_HAL_Driver/stm32h7xx_hal_sai.o
 .debug_aranges
                0x00001578       0xe8 ./Drivers/STM32H7xx_HAL_Driver/stm32h7xx_hal_sdram.o
 .debug_aranges
                0x00001660      0x248 ./Drivers/STM32H7xx_HAL_Driver/stm32h7xx_hal_uart.o
 .debug_aranges
                0x000018a8       0xa8 ./Drivers/STM32H7xx_HAL_Driver/stm32h7xx_hal_uart_ex.o
 .debug_aranges
                0x00001950       0xc8 ./Drivers/STM32H7xx_HAL_Driver/stm32h7xx_ll_fmc.o
 .debug_aranges
                0x00001a18      0x1d0 ./Drivers/STM32H7xx_HAL_Driver/stm32h7xx_ll_sdmmc.o
 .debug_aranges
                0x00001be8      0x1a0 ./Drivers/STM32H7xx_HAL_Driver/stm32h7xx_ll_usb.o

.debug_rnglists
                0x00000000     0x16fc
 .debug_rnglists
                0x00000000       0x20 ./Common/Src/system_stm32h7xx_dualcore_boot_cm4_cm7.o
 .debug_rnglists
                0x00000020       0x64 ./Core/Src/main.o
 .debug_rnglists
                0x00000084       0x97 ./Core/Src/stm32h7xx_hal_msp.o
 .debug_rnglists
                0x0000011b       0x43 ./Core/Src/stm32h7xx_it.o
 .debug_rnglists
                0x0000015e       0x19 ./Core/Startup/startup_stm32h745xihx.o
 .debug_rnglists
                0x00000177      0x181 ./Drivers/STM32H7xx_HAL_Driver/stm32h7xx_hal.o
 .debug_rnglists
                0x000002f8       0xe0 ./Drivers/STM32H7xx_HAL_Driver/stm32h7xx_hal_cortex.o
 .debug_rnglists
                0x000003d8      0x17c ./Drivers/STM32H7xx_HAL_Driver/stm32h7xx_hal_eth.o
 .debug_rnglists
                0x00000554      0x28b ./Drivers/STM32H7xx_HAL_Driver/stm32h7xx_hal_fdcan.o
 .debug_rnglists
                0x000007df       0x3f ./Drivers/STM32H7xx_HAL_Driver/stm32h7xx_hal_gpio.o
 .debug_rnglists
                0x0000081e       0x4f ./Drivers/STM32H7xx_HAL_Driver/stm32h7xx_hal_hsem.o
 .debug_rnglists
                0x0000086d      0x10a ./Drivers/STM32H7xx_HAL_Driver/stm32h7xx_hal_ltdc.o
 .debug_rnglists
                0x00000977      0x16c ./Drivers/STM32H7xx_HAL_Driver/stm32h7xx_hal_mmc.o
 .debug_rnglists
                0x00000ae3       0xf4 ./Drivers/STM32H7xx_HAL_Driver/stm32h7xx_hal_pcd.o
 .debug_rnglists
                0x00000bd7       0x45 ./Drivers/STM32H7xx_HAL_Driver/stm32h7xx_hal_pcd_ex.o
 .debug_rnglists
                0x00000c1c      0x117 ./Drivers/STM32H7xx_HAL_Driver/stm32h7xx_hal_pwr_ex.o
 .debug_rnglists
                0x00000d33      0x101 ./Drivers/STM32H7xx_HAL_Driver/stm32h7xx_hal_qspi.o
 .debug_rnglists
                0x00000e34       0x68 ./Drivers/STM32H7xx_HAL_Driver/stm32h7xx_hal_rcc.o
 .debug_rnglists
                0x00000e9c       0xc6 ./Drivers/STM32H7xx_HAL_Driver/stm32h7xx_hal_rcc_ex.o
 .debug_rnglists
                0x00000f62      0x136 ./Drivers/STM32H7xx_HAL_Driver/stm32h7xx_hal_sai.o
 .debug_rnglists
                0x00001098       0xb1 ./Drivers/STM32H7xx_HAL_Driver/stm32h7xx_hal_sdram.o
 .debug_rnglists
                0x00001149      0x1fa ./Drivers/STM32H7xx_HAL_Driver/stm32h7xx_hal_uart.o
 .debug_rnglists
                0x00001343       0x7f ./Drivers/STM32H7xx_HAL_Driver/stm32h7xx_hal_uart_ex.o
 .debug_rnglists
                0x000013c2       0x95 ./Drivers/STM32H7xx_HAL_Driver/stm32h7xx_ll_fmc.o
 .debug_rnglists
                0x00001457      0x15e ./Drivers/STM32H7xx_HAL_Driver/stm32h7xx_ll_sdmmc.o
 .debug_rnglists
                0x000015b5      0x147 ./Drivers/STM32H7xx_HAL_Driver/stm32h7xx_ll_usb.o

.debug_macro    0x00000000    0x3f7bf
 .debug_macro   0x00000000      0x368 ./Common/Src/system_stm32h7xx_dualcore_boot_cm4_cm7.o
 .debug_macro   0x00000368      0xac0 ./Common/Src/system_stm32h7xx_dualcore_boot_cm4_cm7.o
 .debug_macro   0x00000e28       0x2e ./Common/Src/system_stm32h7xx_dualcore_boot_cm4_cm7.o
 .debug_macro   0x00000e56       0x3b ./Common/Src/system_stm32h7xx_dualcore_boot_cm4_cm7.o
 .debug_macro   0x00000e91       0x22 ./Common/Src/system_stm32h7xx_dualcore_boot_cm4_cm7.o
 .debug_macro   0x00000eb3       0x8e ./Common/Src/system_stm32h7xx_dualcore_boot_cm4_cm7.o
 .debug_macro   0x00000f41       0x51 ./Common/Src/system_stm32h7xx_dualcore_boot_cm4_cm7.o
 .debug_macro   0x00000f92      0x103 ./Common/Src/system_stm32h7xx_dualcore_boot_cm4_cm7.o
 .debug_macro   0x00001095       0x6a ./Common/Src/system_stm32h7xx_dualcore_boot_cm4_cm7.o
 .debug_macro   0x000010ff      0x1df ./Common/Src/system_stm32h7xx_dualcore_boot_cm4_cm7.o
 .debug_macro   0x000012de       0x1c ./Common/Src/system_stm32h7xx_dualcore_boot_cm4_cm7.o
 .debug_macro   0x000012fa       0x22 ./Common/Src/system_stm32h7xx_dualcore_boot_cm4_cm7.o
 .debug_macro   0x0000131c       0xfb ./Common/Src/system_stm32h7xx_dualcore_boot_cm4_cm7.o
 .debug_macro   0x00001417     0x1011 ./Common/Src/system_stm32h7xx_dualcore_boot_cm4_cm7.o
 .debug_macro   0x00002428      0x11f ./Common/Src/system_stm32h7xx_dualcore_boot_cm4_cm7.o
 .debug_macro   0x00002547    0x27046 ./Common/Src/system_stm32h7xx_dualcore_boot_cm4_cm7.o
 .debug_macro   0x0002958d       0x6d ./Common/Src/system_stm32h7xx_dualcore_boot_cm4_cm7.o
 .debug_macro   0x000295fa      0x262 ./Common/Src/system_stm32h7xx_dualcore_boot_cm4_cm7.o
 .debug_macro   0x0002985c     0x3d79 ./Common/Src/system_stm32h7xx_dualcore_boot_cm4_cm7.o
 .debug_macro   0x0002d5d5      0x189 ./Common/Src/system_stm32h7xx_dualcore_boot_cm4_cm7.o
 .debug_macro   0x0002d75e       0x61 ./Common/Src/system_stm32h7xx_dualcore_boot_cm4_cm7.o
 .debug_macro   0x0002d7bf       0x2a ./Common/Src/system_stm32h7xx_dualcore_boot_cm4_cm7.o
 .debug_macro   0x0002d7e9       0x43 ./Common/Src/system_stm32h7xx_dualcore_boot_cm4_cm7.o
 .debug_macro   0x0002d82c       0x34 ./Common/Src/system_stm32h7xx_dualcore_boot_cm4_cm7.o
 .debug_macro   0x0002d860       0x16 ./Common/Src/system_stm32h7xx_dualcore_boot_cm4_cm7.o
 .debug_macro   0x0002d876       0x43 ./Common/Src/system_stm32h7xx_dualcore_boot_cm4_cm7.o
 .debug_macro   0x0002d8b9       0x34 ./Common/Src/system_stm32h7xx_dualcore_boot_cm4_cm7.o
 .debug_macro   0x0002d8ed       0x10 ./Common/Src/system_stm32h7xx_dualcore_boot_cm4_cm7.o
 .debug_macro   0x0002d8fd       0x58 ./Common/Src/system_stm32h7xx_dualcore_boot_cm4_cm7.o
 .debug_macro   0x0002d955       0x8e ./Common/Src/system_stm32h7xx_dualcore_boot_cm4_cm7.o
 .debug_macro   0x0002d9e3       0x1c ./Common/Src/system_stm32h7xx_dualcore_boot_cm4_cm7.o
 .debug_macro   0x0002d9ff      0x177 ./Common/Src/system_stm32h7xx_dualcore_boot_cm4_cm7.o
 .debug_macro   0x0002db76      0x369 ./Common/Src/system_stm32h7xx_dualcore_boot_cm4_cm7.o
 .debug_macro   0x0002dedf      0x19b ./Common/Src/system_stm32h7xx_dualcore_boot_cm4_cm7.o
 .debug_macro   0x0002e07a       0x5d ./Common/Src/system_stm32h7xx_dualcore_boot_cm4_cm7.o
 .debug_macro   0x0002e0d7     0x3a9d ./Common/Src/system_stm32h7xx_dualcore_boot_cm4_cm7.o
 .debug_macro   0x00031b74     0x1072 ./Common/Src/system_stm32h7xx_dualcore_boot_cm4_cm7.o
 .debug_macro   0x00032be6      0x154 ./Common/Src/system_stm32h7xx_dualcore_boot_cm4_cm7.o
 .debug_macro   0x00032d3a      0x130 ./Common/Src/system_stm32h7xx_dualcore_boot_cm4_cm7.o
 .debug_macro   0x00032e6a      0x3c2 ./Common/Src/system_stm32h7xx_dualcore_boot_cm4_cm7.o
 .debug_macro   0x0003322c       0xac ./Common/Src/system_stm32h7xx_dualcore_boot_cm4_cm7.o
 .debug_macro   0x000332d8      0x72d ./Common/Src/system_stm32h7xx_dualcore_boot_cm4_cm7.o
 .debug_macro   0x00033a05      0x228 ./Common/Src/system_stm32h7xx_dualcore_boot_cm4_cm7.o
 .debug_macro   0x00033c2d       0x66 ./Common/Src/system_stm32h7xx_dualcore_boot_cm4_cm7.o
 .debug_macro   0x00033c93      0x3bb ./Common/Src/system_stm32h7xx_dualcore_boot_cm4_cm7.o
 .debug_macro   0x0003404e      0xa95 ./Common/Src/system_stm32h7xx_dualcore_boot_cm4_cm7.o
 .debug_macro   0x00034ae3      0x129 ./Common/Src/system_stm32h7xx_dualcore_boot_cm4_cm7.o
 .debug_macro   0x00034c0c      0x407 ./Common/Src/system_stm32h7xx_dualcore_boot_cm4_cm7.o
 .debug_macro   0x00035013      0x244 ./Common/Src/system_stm32h7xx_dualcore_boot_cm4_cm7.o
 .debug_macro   0x00035257      0xe42 ./Common/Src/system_stm32h7xx_dualcore_boot_cm4_cm7.o
 .debug_macro   0x00036099      0x3ca ./Common/Src/system_stm32h7xx_dualcore_boot_cm4_cm7.o
 .debug_macro   0x00036463      0x4a2 ./Common/Src/system_stm32h7xx_dualcore_boot_cm4_cm7.o
 .debug_macro   0x00036905       0x51 ./Common/Src/system_stm32h7xx_dualcore_boot_cm4_cm7.o
 .debug_macro   0x00036956       0x4a ./Common/Src/system_stm32h7xx_dualcore_boot_cm4_cm7.o
 .debug_macro   0x000369a0      0x22c ./Common/Src/system_stm32h7xx_dualcore_boot_cm4_cm7.o
 .debug_macro   0x00036bcc       0x67 ./Common/Src/system_stm32h7xx_dualcore_boot_cm4_cm7.o
 .debug_macro   0x00036c33       0xa5 ./Common/Src/system_stm32h7xx_dualcore_boot_cm4_cm7.o
 .debug_macro   0x00036cd8      0xa0c ./Common/Src/system_stm32h7xx_dualcore_boot_cm4_cm7.o
 .debug_macro   0x000376e4      0x296 ./Common/Src/system_stm32h7xx_dualcore_boot_cm4_cm7.o
 .debug_macro   0x0003797a       0x12 ./Common/Src/system_stm32h7xx_dualcore_boot_cm4_cm7.o
 .debug_macro   0x0003798c      0x198 ./Common/Src/system_stm32h7xx_dualcore_boot_cm4_cm7.o
 .debug_macro   0x00037b24       0xd6 ./Common/Src/system_stm32h7xx_dualcore_boot_cm4_cm7.o
 .debug_macro   0x00037bfa      0x218 ./Common/Src/system_stm32h7xx_dualcore_boot_cm4_cm7.o
 .debug_macro   0x00037e12      0x2ea ./Common/Src/system_stm32h7xx_dualcore_boot_cm4_cm7.o
 .debug_macro   0x000380fc       0x35 ./Common/Src/system_stm32h7xx_dualcore_boot_cm4_cm7.o
 .debug_macro   0x00038131       0x16 ./Common/Src/system_stm32h7xx_dualcore_boot_cm4_cm7.o
 .debug_macro   0x00038147      0x2ce ./Common/Src/system_stm32h7xx_dualcore_boot_cm4_cm7.o
 .debug_macro   0x00038415      0x3bb ./Common/Src/system_stm32h7xx_dualcore_boot_cm4_cm7.o
 .debug_macro   0x000387d0       0x10 ./Common/Src/system_stm32h7xx_dualcore_boot_cm4_cm7.o
 .debug_macro   0x000387e0       0xe4 ./Common/Src/system_stm32h7xx_dualcore_boot_cm4_cm7.o
 .debug_macro   0x000388c4      0x512 ./Common/Src/system_stm32h7xx_dualcore_boot_cm4_cm7.o
 .debug_macro   0x00038dd6      0x693 ./Common/Src/system_stm32h7xx_dualcore_boot_cm4_cm7.o
 .debug_macro   0x00039469       0xa6 ./Common/Src/system_stm32h7xx_dualcore_boot_cm4_cm7.o
 .debug_macro   0x0003950f      0x293 ./Common/Src/system_stm32h7xx_dualcore_boot_cm4_cm7.o
 .debug_macro   0x000397a2       0x90 ./Common/Src/system_stm32h7xx_dualcore_boot_cm4_cm7.o
 .debug_macro   0x00039832      0x7a4 ./Common/Src/system_stm32h7xx_dualcore_boot_cm4_cm7.o
 .debug_macro   0x00039fd6      0x3ad ./Core/Src/main.o
 .debug_macro   0x0003a383      0x1fe ./Core/Src/main.o
 .debug_macro   0x0003a581       0x16 ./Core/Src/main.o
 .debug_macro   0x0003a597       0x35 ./Core/Src/main.o
 .debug_macro   0x0003a5cc       0x20 ./Core/Src/main.o
 .debug_macro   0x0003a5ec      0x377 ./Core/Src/stm32h7xx_hal_msp.o
 .debug_macro   0x0003a963      0x381 ./Core/Src/stm32h7xx_it.o
 .debug_macro   0x0003ace4      0x392 ./Drivers/STM32H7xx_HAL_Driver/stm32h7xx_hal.o
 .debug_macro   0x0003b076      0x368 ./Drivers/STM32H7xx_HAL_Driver/stm32h7xx_hal_cortex.o
 .debug_macro   0x0003b3de      0x3fc ./Drivers/STM32H7xx_HAL_Driver/stm32h7xx_hal_eth.o
 .debug_macro   0x0003b7da      0x42d ./Drivers/STM32H7xx_HAL_Driver/stm32h7xx_hal_fdcan.o
 .debug_macro   0x0003bc07      0x37c ./Drivers/STM32H7xx_HAL_Driver/stm32h7xx_hal_gpio.o
 .debug_macro   0x0003bf83      0x37a ./Drivers/STM32H7xx_HAL_Driver/stm32h7xx_hal_hsem.o
 .debug_macro   0x0003c2fd      0x370 ./Drivers/STM32H7xx_HAL_Driver/stm32h7xx_hal_ltdc.o
 .debug_macro   0x0003c66d      0x3e0 ./Drivers/STM32H7xx_HAL_Driver/stm32h7xx_hal_mmc.o
 .debug_macro   0x0003ca4d      0x374 ./Drivers/STM32H7xx_HAL_Driver/stm32h7xx_hal_pcd.o
 .debug_macro   0x0003cdc1      0x368 ./Drivers/STM32H7xx_HAL_Driver/stm32h7xx_hal_pcd_ex.o
 .debug_macro   0x0003d129      0x3a1 ./Drivers/STM32H7xx_HAL_Driver/stm32h7xx_hal_pwr_ex.o
 .debug_macro   0x0003d4ca      0x38c ./Drivers/STM32H7xx_HAL_Driver/stm32h7xx_hal_qspi.o
 .debug_macro   0x0003d856      0x38c ./Drivers/STM32H7xx_HAL_Driver/stm32h7xx_hal_rcc.o
 .debug_macro   0x0003dbe2      0x386 ./Drivers/STM32H7xx_HAL_Driver/stm32h7xx_hal_rcc_ex.o
 .debug_macro   0x0003df68      0x385 ./Drivers/STM32H7xx_HAL_Driver/stm32h7xx_hal_sai.o
 .debug_macro   0x0003e2ed      0x368 ./Drivers/STM32H7xx_HAL_Driver/stm32h7xx_hal_sdram.o
 .debug_macro   0x0003e655      0x393 ./Drivers/STM32H7xx_HAL_Driver/stm32h7xx_hal_uart.o
 .debug_macro   0x0003e9e8      0x374 ./Drivers/STM32H7xx_HAL_Driver/stm32h7xx_hal_uart_ex.o
 .debug_macro   0x0003ed5c      0x392 ./Drivers/STM32H7xx_HAL_Driver/stm32h7xx_ll_fmc.o
 .debug_macro   0x0003f0ee      0x369 ./Drivers/STM32H7xx_HAL_Driver/stm32h7xx_ll_sdmmc.o
 .debug_macro   0x0003f457      0x368 ./Drivers/STM32H7xx_HAL_Driver/stm32h7xx_ll_usb.o

.debug_line     0x00000000    0x25b91
 .debug_line    0x00000000      0xc0d ./Common/Src/system_stm32h7xx_dualcore_boot_cm4_cm7.o
 .debug_line    0x00000c0d      0xebe ./Core/Src/main.o
 .debug_line    0x00001acb     0x101b ./Core/Src/stm32h7xx_hal_msp.o
 .debug_line    0x00002ae6      0xb1a ./Core/Src/stm32h7xx_it.o
 .debug_line    0x00003600       0x7b ./Core/Startup/startup_stm32h745xihx.o
 .debug_line    0x0000367b     0x1194 ./Drivers/STM32H7xx_HAL_Driver/stm32h7xx_hal.o
 .debug_line    0x0000480f     0x106d ./Drivers/STM32H7xx_HAL_Driver/stm32h7xx_hal_cortex.o
 .debug_line    0x0000587c     0x1e03 ./Drivers/STM32H7xx_HAL_Driver/stm32h7xx_hal_eth.o
 .debug_line    0x0000767f     0x2af1 ./Drivers/STM32H7xx_HAL_Driver/stm32h7xx_hal_fdcan.o
 .debug_line    0x0000a170      0xf0c ./Drivers/STM32H7xx_HAL_Driver/stm32h7xx_hal_gpio.o
 .debug_line    0x0000b07c      0xbfa ./Drivers/STM32H7xx_HAL_Driver/stm32h7xx_hal_hsem.o
 .debug_line    0x0000bc76     0x1a86 ./Drivers/STM32H7xx_HAL_Driver/stm32h7xx_hal_ltdc.o
 .debug_line    0x0000d6fc     0x37d4 ./Drivers/STM32H7xx_HAL_Driver/stm32h7xx_hal_mmc.o
 .debug_line    0x00010ed0     0x1856 ./Drivers/STM32H7xx_HAL_Driver/stm32h7xx_hal_pcd.o
 .debug_line    0x00012726      0xc8f ./Drivers/STM32H7xx_HAL_Driver/stm32h7xx_hal_pcd_ex.o
 .debug_line    0x000133b5     0x1272 ./Drivers/STM32H7xx_HAL_Driver/stm32h7xx_hal_pwr_ex.o
 .debug_line    0x00014627     0x16e3 ./Drivers/STM32H7xx_HAL_Driver/stm32h7xx_hal_qspi.o
 .debug_line    0x00015d0a     0x1602 ./Drivers/STM32H7xx_HAL_Driver/stm32h7xx_hal_rcc.o
 .debug_line    0x0001730c     0x1fb7 ./Drivers/STM32H7xx_HAL_Driver/stm32h7xx_hal_rcc_ex.o
 .debug_line    0x000192c3     0x20fd ./Drivers/STM32H7xx_HAL_Driver/stm32h7xx_hal_sai.o
 .debug_line    0x0001b3c0     0x1175 ./Drivers/STM32H7xx_HAL_Driver/stm32h7xx_hal_sdram.o
 .debug_line    0x0001c535     0x40ff ./Drivers/STM32H7xx_HAL_Driver/stm32h7xx_hal_uart.o
 .debug_line    0x00020634     0x10d0 ./Drivers/STM32H7xx_HAL_Driver/stm32h7xx_hal_uart_ex.o
 .debug_line    0x00021704      0xe7a ./Drivers/STM32H7xx_HAL_Driver/stm32h7xx_ll_fmc.o
 .debug_line    0x0002257e     0x14ee ./Drivers/STM32H7xx_HAL_Driver/stm32h7xx_ll_sdmmc.o
 .debug_line    0x00023a6c     0x2125 ./Drivers/STM32H7xx_HAL_Driver/stm32h7xx_ll_usb.o

.debug_str      0x00000000   0x19bf9e
 .debug_str     0x00000000   0x18eb4e ./Common/Src/system_stm32h7xx_dualcore_boot_cm4_cm7.o
                             0x18efa0 (size before relaxing)
 .debug_str     0x0018eb4e     0x2e98 ./Core/Src/main.o
                             0x191f99 (size before relaxing)
 .debug_str     0x001919e6      0x54c ./Core/Src/stm32h7xx_hal_msp.o
                             0x191ff8 (size before relaxing)
 .debug_str     0x00191f32       0xc9 ./Core/Src/stm32h7xx_it.o
                             0x18f48e (size before relaxing)
 .debug_str     0x00191ffb       0x44 ./Core/Startup/startup_stm32h745xihx.o
                                 0x7b (size before relaxing)
 .debug_str     0x0019203f     0x1285 ./Drivers/STM32H7xx_HAL_Driver/stm32h7xx_hal.o
                             0x1902c1 (size before relaxing)
 .debug_str     0x001932c4      0x3b0 ./Drivers/STM32H7xx_HAL_Driver/stm32h7xx_hal_cortex.o
                             0x18fa47 (size before relaxing)
 .debug_str     0x00193674     0x1078 ./Drivers/STM32H7xx_HAL_Driver/stm32h7xx_hal_eth.o
                             0x190a43 (size before relaxing)
 .debug_str     0x001946ec     0x1bcc ./Drivers/STM32H7xx_HAL_Driver/stm32h7xx_hal_fdcan.o
                             0x190e70 (size before relaxing)
 .debug_str     0x001962b8      0x182 ./Drivers/STM32H7xx_HAL_Driver/stm32h7xx_hal_gpio.o
                             0x18f1af (size before relaxing)
 .debug_str     0x0019643a      0x1cd ./Drivers/STM32H7xx_HAL_Driver/stm32h7xx_hal_hsem.o
                             0x18ee3a (size before relaxing)
 .debug_str     0x00196607      0x4ca ./Drivers/STM32H7xx_HAL_Driver/stm32h7xx_hal_ltdc.o
                             0x18f44f (size before relaxing)
 .debug_str     0x00196ad1      0xd13 ./Drivers/STM32H7xx_HAL_Driver/stm32h7xx_hal_mmc.o
                             0x18fdc7 (size before relaxing)
 .debug_str     0x001977e4      0x82f ./Drivers/STM32H7xx_HAL_Driver/stm32h7xx_hal_pcd.o
                             0x18f8ed (size before relaxing)
 .debug_str     0x00198013      0x19e ./Drivers/STM32H7xx_HAL_Driver/stm32h7xx_hal_pcd_ex.o
                             0x18f28b (size before relaxing)
 .debug_str     0x001981b1      0x65c ./Drivers/STM32H7xx_HAL_Driver/stm32h7xx_hal_pwr_ex.o
                             0x18f605 (size before relaxing)
 .debug_str     0x0019880d      0x6ca ./Drivers/STM32H7xx_HAL_Driver/stm32h7xx_hal_qspi.o
                             0x18f893 (size before relaxing)
 .debug_str     0x00198ed7      0x51c ./Drivers/STM32H7xx_HAL_Driver/stm32h7xx_hal_rcc.o
                             0x18f530 (size before relaxing)
 .debug_str     0x001993f3      0x674 ./Drivers/STM32H7xx_HAL_Driver/stm32h7xx_hal_rcc_ex.o
                             0x18fa65 (size before relaxing)
 .debug_str     0x00199a67      0x4d3 ./Drivers/STM32H7xx_HAL_Driver/stm32h7xx_hal_sai.o
                             0x18f7e0 (size before relaxing)
 .debug_str     0x00199f3a      0x3ec ./Drivers/STM32H7xx_HAL_Driver/stm32h7xx_hal_sdram.o
                             0x18f607 (size before relaxing)
 .debug_str     0x0019a326      0xa40 ./Drivers/STM32H7xx_HAL_Driver/stm32h7xx_hal_uart.o
                             0x19005e (size before relaxing)
 .debug_str     0x0019ad66      0x28b ./Drivers/STM32H7xx_HAL_Driver/stm32h7xx_hal_uart_ex.o
                             0x18f61e (size before relaxing)
 .debug_str     0x0019aff1      0x772 ./Drivers/STM32H7xx_HAL_Driver/stm32h7xx_ll_fmc.o
                             0x18f6b7 (size before relaxing)
 .debug_str     0x0019b763      0x36f ./Drivers/STM32H7xx_HAL_Driver/stm32h7xx_ll_sdmmc.o
                             0x18f39e (size before relaxing)
 .debug_str     0x0019bad2      0x4cc ./Drivers/STM32H7xx_HAL_Driver/stm32h7xx_ll_usb.o
                             0x18f7e7 (size before relaxing)

.comment        0x00000000       0x43
 .comment       0x00000000       0x43 ./Common/Src/system_stm32h7xx_dualcore_boot_cm4_cm7.o
                                 0x44 (size before relaxing)
 .comment       0x00000043       0x44 ./Core/Src/main.o
 .comment       0x00000043       0x44 ./Core/Src/stm32h7xx_hal_msp.o
 .comment       0x00000043       0x44 ./Core/Src/stm32h7xx_it.o
 .comment       0x00000043       0x44 ./Drivers/STM32H7xx_HAL_Driver/stm32h7xx_hal.o
 .comment       0x00000043       0x44 ./Drivers/STM32H7xx_HAL_Driver/stm32h7xx_hal_cortex.o
 .comment       0x00000043       0x44 ./Drivers/STM32H7xx_HAL_Driver/stm32h7xx_hal_eth.o
 .comment       0x00000043       0x44 ./Drivers/STM32H7xx_HAL_Driver/stm32h7xx_hal_fdcan.o
 .comment       0x00000043       0x44 ./Drivers/STM32H7xx_HAL_Driver/stm32h7xx_hal_gpio.o
 .comment       0x00000043       0x44 ./Drivers/STM32H7xx_HAL_Driver/stm32h7xx_hal_hsem.o
 .comment       0x00000043       0x44 ./Drivers/STM32H7xx_HAL_Driver/stm32h7xx_hal_ltdc.o
 .comment       0x00000043       0x44 ./Drivers/STM32H7xx_HAL_Driver/stm32h7xx_hal_mmc.o
 .comment       0x00000043       0x44 ./Drivers/STM32H7xx_HAL_Driver/stm32h7xx_hal_pcd.o
 .comment       0x00000043       0x44 ./Drivers/STM32H7xx_HAL_Driver/stm32h7xx_hal_pcd_ex.o
 .comment       0x00000043       0x44 ./Drivers/STM32H7xx_HAL_Driver/stm32h7xx_hal_pwr_ex.o
 .comment       0x00000043       0x44 ./Drivers/STM32H7xx_HAL_Driver/stm32h7xx_hal_qspi.o
 .comment       0x00000043       0x44 ./Drivers/STM32H7xx_HAL_Driver/stm32h7xx_hal_rcc.o
 .comment       0x00000043       0x44 ./Drivers/STM32H7xx_HAL_Driver/stm32h7xx_hal_rcc_ex.o
 .comment       0x00000043       0x44 ./Drivers/STM32H7xx_HAL_Driver/stm32h7xx_hal_sai.o
 .comment       0x00000043       0x44 ./Drivers/STM32H7xx_HAL_Driver/stm32h7xx_hal_sdram.o
 .comment       0x00000043       0x44 ./Drivers/STM32H7xx_HAL_Driver/stm32h7xx_hal_uart.o
 .comment       0x00000043       0x44 ./Drivers/STM32H7xx_HAL_Driver/stm32h7xx_hal_uart_ex.o
 .comment       0x00000043       0x44 ./Drivers/STM32H7xx_HAL_Driver/stm32h7xx_ll_fmc.o
 .comment       0x00000043       0x44 ./Drivers/STM32H7xx_HAL_Driver/stm32h7xx_ll_sdmmc.o
 .comment       0x00000043       0x44 ./Drivers/STM32H7xx_HAL_Driver/stm32h7xx_ll_usb.o

.debug_frame    0x00000000     0x821c
 .debug_frame   0x00000000       0x78 ./Common/Src/system_stm32h7xx_dualcore_boot_cm4_cm7.o
 .debug_frame   0x00000078      0x194 ./Core/Src/main.o
 .debug_frame   0x0000020c      0x324 ./Core/Src/stm32h7xx_hal_msp.o
 .debug_frame   0x00000530      0x104 ./Core/Src/stm32h7xx_it.o
 .debug_frame   0x00000634      0x848 ./Drivers/STM32H7xx_HAL_Driver/stm32h7xx_hal.o
 .debug_frame   0x00000e7c      0x508 ./Drivers/STM32H7xx_HAL_Driver/stm32h7xx_hal_cortex.o
 .debug_frame   0x00001384      0x8c0 ./Drivers/STM32H7xx_HAL_Driver/stm32h7xx_hal_eth.o
 .debug_frame   0x00001c44      0xf9c ./Drivers/STM32H7xx_HAL_Driver/stm32h7xx_hal_fdcan.o
 .debug_frame   0x00002be0      0x14c ./Drivers/STM32H7xx_HAL_Driver/stm32h7xx_hal_gpio.o
 .debug_frame   0x00002d2c      0x1bc ./Drivers/STM32H7xx_HAL_Driver/stm32h7xx_hal_hsem.o
 .debug_frame   0x00002ee8      0x61c ./Drivers/STM32H7xx_HAL_Driver/stm32h7xx_hal_ltdc.o
 .debug_frame   0x00003504      0x800 ./Drivers/STM32H7xx_HAL_Driver/stm32h7xx_hal_mmc.o
 .debug_frame   0x00003d04      0x590 ./Drivers/STM32H7xx_HAL_Driver/stm32h7xx_hal_pcd.o
 .debug_frame   0x00004294      0x174 ./Drivers/STM32H7xx_HAL_Driver/stm32h7xx_hal_pcd_ex.o
 .debug_frame   0x00004408      0x5ec ./Drivers/STM32H7xx_HAL_Driver/stm32h7xx_hal_pwr_ex.o
 .debug_frame   0x000049f4      0x5ec ./Drivers/STM32H7xx_HAL_Driver/stm32h7xx_hal_qspi.o
 .debug_frame   0x00004fe0      0x1f8 ./Drivers/STM32H7xx_HAL_Driver/stm32h7xx_hal_rcc.o
 .debug_frame   0x000051d8      0x43c ./Drivers/STM32H7xx_HAL_Driver/stm32h7xx_hal_rcc_ex.o
 .debug_frame   0x00005614      0x69c ./Drivers/STM32H7xx_HAL_Driver/stm32h7xx_hal_sai.o
 .debug_frame   0x00005cb0      0x3f0 ./Drivers/STM32H7xx_HAL_Driver/stm32h7xx_hal_sdram.o
 .debug_frame   0x000060a0      0xa94 ./Drivers/STM32H7xx_HAL_Driver/stm32h7xx_hal_uart.o
 .debug_frame   0x00006b34      0x2c0 ./Drivers/STM32H7xx_HAL_Driver/stm32h7xx_hal_uart_ex.o
 .debug_frame   0x00006df4      0x37c ./Drivers/STM32H7xx_HAL_Driver/stm32h7xx_ll_fmc.o
 .debug_frame   0x00007170      0x818 ./Drivers/STM32H7xx_HAL_Driver/stm32h7xx_ll_sdmmc.o
 .debug_frame   0x00007988      0x7c0 ./Drivers/STM32H7xx_HAL_Driver/stm32h7xx_ll_usb.o
 .debug_frame   0x00008148       0x20 C:/ST/STM32CubeIDE_1.16.1/STM32CubeIDE/plugins/com.st.stm32cube.ide.mcu.externaltools.gnu-tools-for-stm32.12.3.rel1.win32_1.1.0.202410251130/tools/bin/../lib/gcc/arm-none-eabi/12.3.1/../../../../arm-none-eabi/lib/thumb/v7e-m+fp/hard\libc_nano.a(libc_a-memset.o)
 .debug_frame   0x00008168       0x2c C:/ST/STM32CubeIDE_1.16.1/STM32CubeIDE/plugins/com.st.stm32cube.ide.mcu.externaltools.gnu-tools-for-stm32.12.3.rel1.win32_1.1.0.202410251130/tools/bin/../lib/gcc/arm-none-eabi/12.3.1/../../../../arm-none-eabi/lib/thumb/v7e-m+fp/hard\libc_nano.a(libc_a-init.o)
 .debug_frame   0x00008194       0x28 C:/ST/STM32CubeIDE_1.16.1/STM32CubeIDE/plugins/com.st.stm32cube.ide.mcu.externaltools.gnu-tools-for-stm32.12.3.rel1.win32_1.1.0.202410251130/tools/bin/../lib/gcc/arm-none-eabi/12.3.1/../../../../arm-none-eabi/lib/thumb/v7e-m+fp/hard\libc_nano.a(libc_a-memcpy-stub.o)
 .debug_frame   0x000081bc       0x2c C:/ST/STM32CubeIDE_1.16.1/STM32CubeIDE/plugins/com.st.stm32cube.ide.mcu.externaltools.gnu-tools-for-stm32.12.3.rel1.win32_1.1.0.202410251130/tools/bin/../lib/gcc/arm-none-eabi/12.3.1/thumb/v7e-m+fp/hard\libgcc.a(_aeabi_uldivmod.o)
 .debug_frame   0x000081e8       0x34 C:/ST/STM32CubeIDE_1.16.1/STM32CubeIDE/plugins/com.st.stm32cube.ide.mcu.externaltools.gnu-tools-for-stm32.12.3.rel1.win32_1.1.0.202410251130/tools/bin/../lib/gcc/arm-none-eabi/12.3.1/thumb/v7e-m+fp/hard\libgcc.a(_udivmoddi4.o)

.debug_line_str
                0x00000000       0x5f
 .debug_line_str
                0x00000000       0x5f ./Core/Startup/startup_stm32h745xihx.o
