Archive member included to satisfy reference by file (symbol)

C:/ST/STM32CubeIDE_1.16.1/STM32CubeIDE/plugins/com.st.stm32cube.ide.mcu.externaltools.gnu-tools-for-stm32.12.3.rel1.win32_1.1.0.202410251130/tools/bin/../lib/gcc/arm-none-eabi/12.3.1/../../../../arm-none-eabi/lib/thumb/v7e-m+dp/hard\libc_nano.a(libc_a-exit.o)
                              C:/ST/STM32CubeIDE_1.16.1/STM32CubeIDE/plugins/com.st.stm32cube.ide.mcu.externaltools.gnu-tools-for-stm32.12.3.rel1.win32_1.1.0.202410251130/tools/bin/../lib/gcc/arm-none-eabi/12.3.1/../../../../arm-none-eabi/lib/thumb/v7e-m+dp/hard/crt0.o (exit)
C:/ST/STM32CubeIDE_1.16.1/STM32CubeIDE/plugins/com.st.stm32cube.ide.mcu.externaltools.gnu-tools-for-stm32.12.3.rel1.win32_1.1.0.202410251130/tools/bin/../lib/gcc/arm-none-eabi/12.3.1/../../../../arm-none-eabi/lib/thumb/v7e-m+dp/hard\libc_nano.a(libc_a-findfp.o)
                              C:/ST/STM32CubeIDE_1.16.1/STM32CubeIDE/plugins/com.st.stm32cube.ide.mcu.externaltools.gnu-tools-for-stm32.12.3.rel1.win32_1.1.0.202410251130/tools/bin/../lib/gcc/arm-none-eabi/12.3.1/../../../../arm-none-eabi/lib/thumb/v7e-m+dp/hard\libc_nano.a(libc_a-exit.o) (__stdio_exit_handler)
C:/ST/STM32CubeIDE_1.16.1/STM32CubeIDE/plugins/com.st.stm32cube.ide.mcu.externaltools.gnu-tools-for-stm32.12.3.rel1.win32_1.1.0.202410251130/tools/bin/../lib/gcc/arm-none-eabi/12.3.1/../../../../arm-none-eabi/lib/thumb/v7e-m+dp/hard\libc_nano.a(libc_a-fwalk.o)
                              C:/ST/STM32CubeIDE_1.16.1/STM32CubeIDE/plugins/com.st.stm32cube.ide.mcu.externaltools.gnu-tools-for-stm32.12.3.rel1.win32_1.1.0.202410251130/tools/bin/../lib/gcc/arm-none-eabi/12.3.1/../../../../arm-none-eabi/lib/thumb/v7e-m+dp/hard\libc_nano.a(libc_a-findfp.o) (_fwalk_sglue)
C:/ST/STM32CubeIDE_1.16.1/STM32CubeIDE/plugins/com.st.stm32cube.ide.mcu.externaltools.gnu-tools-for-stm32.12.3.rel1.win32_1.1.0.202410251130/tools/bin/../lib/gcc/arm-none-eabi/12.3.1/../../../../arm-none-eabi/lib/thumb/v7e-m+dp/hard\libc_nano.a(libc_a-stdio.o)
                              C:/ST/STM32CubeIDE_1.16.1/STM32CubeIDE/plugins/com.st.stm32cube.ide.mcu.externaltools.gnu-tools-for-stm32.12.3.rel1.win32_1.1.0.202410251130/tools/bin/../lib/gcc/arm-none-eabi/12.3.1/../../../../arm-none-eabi/lib/thumb/v7e-m+dp/hard\libc_nano.a(libc_a-findfp.o) (__sread)
C:/ST/STM32CubeIDE_1.16.1/STM32CubeIDE/plugins/com.st.stm32cube.ide.mcu.externaltools.gnu-tools-for-stm32.12.3.rel1.win32_1.1.0.202410251130/tools/bin/../lib/gcc/arm-none-eabi/12.3.1/../../../../arm-none-eabi/lib/thumb/v7e-m+dp/hard\libc_nano.a(libc_a-memset.o)
                              C:/ST/STM32CubeIDE_1.16.1/STM32CubeIDE/plugins/com.st.stm32cube.ide.mcu.externaltools.gnu-tools-for-stm32.12.3.rel1.win32_1.1.0.202410251130/tools/bin/../lib/gcc/arm-none-eabi/12.3.1/../../../../arm-none-eabi/lib/thumb/v7e-m+dp/hard/crt0.o (memset)
C:/ST/STM32CubeIDE_1.16.1/STM32CubeIDE/plugins/com.st.stm32cube.ide.mcu.externaltools.gnu-tools-for-stm32.12.3.rel1.win32_1.1.0.202410251130/tools/bin/../lib/gcc/arm-none-eabi/12.3.1/../../../../arm-none-eabi/lib/thumb/v7e-m+dp/hard\libc_nano.a(libc_a-closer.o)
                              C:/ST/STM32CubeIDE_1.16.1/STM32CubeIDE/plugins/com.st.stm32cube.ide.mcu.externaltools.gnu-tools-for-stm32.12.3.rel1.win32_1.1.0.202410251130/tools/bin/../lib/gcc/arm-none-eabi/12.3.1/../../../../arm-none-eabi/lib/thumb/v7e-m+dp/hard\libc_nano.a(libc_a-stdio.o) (_close_r)
C:/ST/STM32CubeIDE_1.16.1/STM32CubeIDE/plugins/com.st.stm32cube.ide.mcu.externaltools.gnu-tools-for-stm32.12.3.rel1.win32_1.1.0.202410251130/tools/bin/../lib/gcc/arm-none-eabi/12.3.1/../../../../arm-none-eabi/lib/thumb/v7e-m+dp/hard\libc_nano.a(libc_a-reent.o)
                              C:/ST/STM32CubeIDE_1.16.1/STM32CubeIDE/plugins/com.st.stm32cube.ide.mcu.externaltools.gnu-tools-for-stm32.12.3.rel1.win32_1.1.0.202410251130/tools/bin/../lib/gcc/arm-none-eabi/12.3.1/../../../../arm-none-eabi/lib/thumb/v7e-m+dp/hard\libc_nano.a(libc_a-closer.o) (errno)
C:/ST/STM32CubeIDE_1.16.1/STM32CubeIDE/plugins/com.st.stm32cube.ide.mcu.externaltools.gnu-tools-for-stm32.12.3.rel1.win32_1.1.0.202410251130/tools/bin/../lib/gcc/arm-none-eabi/12.3.1/../../../../arm-none-eabi/lib/thumb/v7e-m+dp/hard\libc_nano.a(libc_a-impure.o)
                              C:/ST/STM32CubeIDE_1.16.1/STM32CubeIDE/plugins/com.st.stm32cube.ide.mcu.externaltools.gnu-tools-for-stm32.12.3.rel1.win32_1.1.0.202410251130/tools/bin/../lib/gcc/arm-none-eabi/12.3.1/../../../../arm-none-eabi/lib/thumb/v7e-m+dp/hard\libc_nano.a(libc_a-reent.o) (_impure_ptr)
C:/ST/STM32CubeIDE_1.16.1/STM32CubeIDE/plugins/com.st.stm32cube.ide.mcu.externaltools.gnu-tools-for-stm32.12.3.rel1.win32_1.1.0.202410251130/tools/bin/../lib/gcc/arm-none-eabi/12.3.1/../../../../arm-none-eabi/lib/thumb/v7e-m+dp/hard\libc_nano.a(libc_a-lseekr.o)
[...]
Memory Configuration

Name             Origin             Length             Attributes
RAM_D1           0x24000000         0x00080000         xrw
FLASH            0x08000000         0x00100000         xr
DTCMRAM          0x20000000         0x00020000         xrw
RAM_D2           0x30000000         0x00048000         xrw
RAM_D3           0x38000000         0x00010000         xrw
ITCMRAM          0x00000000         0x00010000         xrw
*default*        0x00000000         0xffffffff

Linker script and memory map

LOAD C:/ST/STM32CubeIDE_1.16.1/STM32CubeIDE/plugins/com.st.stm32cube.ide.mcu.externaltools.gnu-tools-for-stm32.12.3.rel1.win32_1.1.0.202410251130/tools/bin/../lib/gcc/arm-none-eabi/12.3.1/thumb/v7e-m+dp/hard/crti.o
LOAD C:/ST/STM32CubeIDE_1.16.1/STM32CubeIDE/plugins/com.st.stm32cube.ide.mcu.externaltools.gnu-tools-for-stm32.12.3.rel1.win32_1.1.0.202410251130/tools/bin/../lib/gcc/arm-none-eabi/12.3.1/thumb/v7e-m+dp/hard/crtbegin.o
LOAD C:/ST/STM32CubeIDE_1.16.1/STM32CubeIDE/plugins/com.st.stm32cube.ide.mcu.externaltools.gnu-tools-for-stm32.12.3.rel1.win32_1.1.0.202410251130/tools/bin/../lib/gcc/arm-none-eabi/12.3.1/../../../../arm-none-eabi/lib/thumb/v7e-m+dp/hard/crt0.o
LOAD ./Common/Src/system_stm32h7xx_dualcore_boot_cm4_cm7.o
LOAD ./Core/Src/expander.o
LOAD ./Core/Src/main.o
LOAD ./Core/Src/stm32h7xx_hal_msp.o
LOAD ./Core/Src/stm32h7xx_it.o
LOAD ./Core/Src/syscalls.o
LOAD ./Core/Src/sysmem.o
LOAD ./Core/Startup/startup_stm32h745xihx.o
LOAD ./Drivers/STM32H7xx_HAL_Driver/stm32h7xx_hal.o
LOAD ./Drivers/STM32H7xx_HAL_Driver/stm32h7xx_hal_cortex.o
LOAD ./Drivers/STM32H7xx_HAL_Driver/stm32h7xx_hal_dma.o
LOAD ./Drivers/STM32H7xx_HAL_Driver/stm32h7xx_hal_dma_ex.o
LOAD ./Drivers/STM32H7xx_HAL_Driver/stm32h7xx_hal_exti.o
LOAD ./Drivers/STM32H7xx_HAL_Driver/stm32h7xx_hal_flash.o
LOAD ./Drivers/STM32H7xx_HAL_Driver/stm32h7xx_hal_flash_ex.o
LOAD ./Drivers/STM32H7xx_HAL_Driver/stm32h7xx_hal_gpio.o
LOAD ./Drivers/STM32H7xx_HAL_Driver/stm32h7xx_hal_hsem.o
LOAD ./Drivers/STM32H7xx_HAL_Driver/stm32h7xx_hal_i2c.o
LOAD ./Drivers/STM32H7xx_HAL_Driver/stm32h7xx_hal_i2c_ex.o
LOAD ./Drivers/STM32H7xx_HAL_Driver/stm32h7xx_hal_mdma.o
LOAD ./Drivers/STM32H7xx_HAL_Driver/stm32h7xx_hal_pwr.o
LOAD ./Drivers/STM32H7xx_HAL_Driver/stm32h7xx_hal_pwr_ex.o
LOAD ./Drivers/STM32H7xx_HAL_Driver/stm32h7xx_hal_rcc.o
LOAD ./Drivers/STM32H7xx_HAL_Driver/stm32h7xx_hal_rcc_ex.o
LOAD ./Drivers/STM32H7xx_HAL_Driver/stm32h7xx_hal_spi.o
LOAD ./Drivers/STM32H7xx_HAL_Driver/stm32h7xx_hal_spi_ex.o
START GROUP
LOAD C:/ST/STM32CubeIDE_1.16.1/STM32CubeIDE/plugins/com.st.stm32cube.ide.mcu.externaltools.gnu-tools-for-stm32.12.3.rel1.win32_1.1.0.202410251130/tools/bin/../lib/gcc/arm-none-eabi/12.3.1/../../../../arm-none-eabi/lib/thumb/v7e-m+dp/hard\libstdc++_nano.a
LOAD C:/ST/STM32CubeIDE_1.16.1/STM32CubeIDE/plugins/com.st.stm32cube.ide.mcu.externaltools.gnu-tools-for-stm32.12.3.rel1.win32_1.1.0.202410251130/tools/bin/../lib/gcc/arm-none-eabi/12.3.1/../../../../arm-none-eabi/lib/thumb/v7e-m+dp/hard\libsupc++_nano.a
END GROUP
LOAD C:/ST/STM32CubeIDE_1.16.1/STM32CubeIDE/plugins/com.st.stm32cube.ide.mcu.externaltools.gnu-tools-for-stm32.12.3.rel1.win32_1.1.0.202410251130/tools/bin/../lib/gcc/arm-none-eabi/12.3.1/../../../../arm-none-eabi/lib/thumb/v7e-m+dp/hard\libstdc++_nano.a
LOAD C:/ST/STM32CubeIDE_1.16.1/STM32CubeIDE/plugins/com.st.stm32cube.ide.mcu.externaltools.gnu-tools-for-stm32.12.3.rel1.win32_1.1.0.202410251130/tools/bin/../lib/gcc/arm-none-eabi/12.3.1/../../../../arm-none-eabi/lib/thumb/v7e-m+dp/hard\libm.a
LOAD C:/ST/STM32CubeIDE_1.16.1/STM32CubeIDE/plugins/com.st.stm32cube.ide.mcu.externaltools.gnu-tools-for-stm32.12.3.rel1.win32_1.1.0.202410251130/tools/bin/../lib/gcc/arm-none-eabi/12.3.1/../../../../arm-none-eabi/lib/thumb/v7e-m+dp/hard\libc_nano.a
START GROUP
LOAD C:/ST/STM32CubeIDE_1.16.1/STM32CubeIDE/plugins/com.st.stm32cube.ide.mcu.externaltools.gnu-tools-for-stm32.12.3.rel1.win32_1.1.0.202410251130/tools/bin/../lib/gcc/arm-none-eabi/12.3.1/thumb/v7e-m+dp/hard\libgcc.a
LOAD C:/ST/STM32CubeIDE_1.16.1/STM32CubeIDE/plugins/com.st.stm32cube.ide.mcu.externaltools.gnu-tools-for-stm32.12.3.rel1.win32_1.1.0.202410251130/tools/bin/../lib/gcc/arm-none-eabi/12.3.1/../../../../arm-none-eabi/lib/thumb/v7e-m+dp/hard\libc_nano.a
END GROUP
START GROUP
LOAD C:/ST/STM32CubeIDE_1.16.1/STM32CubeIDE/plugins/com.st.stm32cube.ide.mcu.externaltools.gnu-tools-for-stm32.12.3.rel1.win32_1.1.0.202410251130/tools/bin/../lib/gcc/arm-none-eabi/12.3.1/thumb/v7e-m+dp/hard\libgcc.a
LOAD C:/ST/STM32CubeIDE_1.16.1/STM32CubeIDE/plugins/com.st.stm32cube.ide.mcu.externaltools.gnu-tools-for-stm32.12.3.rel1.win32_1.1.0.202410251130/tools/bin/../lib/gcc/arm-none-eabi/12.3.1/../../../../arm-none-eabi/lib/thumb/v7e-m+dp/hard\libc_nano.a
LOAD C:/ST/STM32CubeIDE_1.16.1/STM32CubeIDE/plugins/com.st.stm32cube.ide.mcu.externaltools.gnu-tools-for-stm32.12.3.rel1.win32_1.1.0.202410251130/tools/bin/../lib/gcc/arm-none-eabi/12.3.1/../../../../arm-none-eabi/lib/thumb/v7e-m+dp/hard\libnosys.a
END GROUP
START GROUP
LOAD C:/ST/STM32CubeIDE_1.16.1/STM32CubeIDE/plugins/com.st.stm32cube.ide.mcu.externaltools.gnu-tools-for-stm32.12.3.rel1.win32_1.1.0.202410251130/tools/bin/../lib/gcc/arm-none-eabi/12.3.1/thumb/v7e-m+dp/hard\libgcc.a
LOAD C:/ST/STM32CubeIDE_1.16.1/STM32CubeIDE/plugins/com.st.stm32cube.ide.mcu.externaltools.gnu-tools-for-stm32.12.3.rel1.win32_1.1.0.202410251130/tools/bin/../lib/gcc/arm-none-eabi/12.3.1/../../../../arm-none-eabi/lib/thumb/v7e-m+dp/hard\libc_nano.a
LOAD C:/ST/STM32CubeIDE_1.16.1/STM32CubeIDE/plugins/com.st.stm32cube.ide.mcu.externaltools.gnu-tools-for-stm32.12.3.rel1.win32_1.1.0.202410251130/tools/bin/../lib/gcc/arm-none-eabi/12.3.1/../../../../arm-none-eabi/lib/thumb/v7e-m+dp/hard\libnosys.a
END GROUP
LOAD C:/ST/STM32CubeIDE_1.16.1/STM32CubeIDE/plugins/com.st.stm32cube.ide.mcu.externaltools.gnu-tools-for-stm32.12.3.rel1.win32_1.1.0.202410251130/tools/bin/../lib/gcc/arm-none-eabi/12.3.1/thumb/v7e-m+dp/hard/crtend.o
LOAD C:/ST/STM32CubeIDE_1.16.1/STM32CubeIDE/plugins/com.st.stm32cube.ide.mcu.externaltools.gnu-tools-for-stm32.12.3.rel1.win32_1.1.0.202410251130/tools/bin/../lib/gcc/arm-none-eabi/12.3.1/thumb/v7e-m+dp/hard/crtn.o
                0x24080000                        _estack = (ORIGIN (RAM_D1) + LENGTH (RAM_D1))
                0x00000200                        _Min_Heap_Size = 0x200
                0x00000400                        _Min_Stack_Size = 0x400

.isr_vector     0x08000000      0x298
                0x08000000                        . = ALIGN (0x4)
 *(.isr_vector)
 .isr_vector    0x08000000      0x298 ./Core/Startup/startup_stm32h745xihx.o
                0x08000000                g_pfnVectors
                0x08000298                        . = ALIGN (0x4)

.text           0x08000298     0x4b90
                0x08000298                        . = ALIGN (0x4)
 *(.text)
 .text          0x08000298       0x40 C:/ST/STM32CubeIDE_1.16.1/STM32CubeIDE/plugins/com.st.stm32cube.ide.mcu.externaltools.gnu-tools-for-stm32.12.3.rel1.win32_1.1.0.202410251130/tools/bin/../lib/gcc/arm-none-eabi/12.3.1/thumb/v7e-m+dp/hard/crtbegin.o
 *(.text*)
 .text.SystemInit
                0x080002d8      0x12c ./Common/Src/system_stm32h7xx_dualcore_boot_cm4_cm7.o
                0x080002d8                SystemInit
 .text.ExitRun0Mode
                0x08000404       0x30 ./Common/Src/system_stm32h7xx_dualcore_boot_cm4_cm7.o
                0x08000404                ExitRun0Mode
 .text.Expander_Init
                0x08000434       0x5e ./Core/Src/expander.o
                0x08000434                Expander_Init
 *fill*         0x08000492        0x2 
 .text.Expander_WriteRegister
                0x08000494       0x80 ./Core/Src/expander.o
                0x08000494                Expander_WriteRegister
 .text.Expander_WriteGPIO
                0x08000514       0x34 ./Core/Src/expander.o
                0x08000514                Expander_WriteGPIO
 .text.HAL_SPI_TxCpltCallback
                0x08000548       0x6c ./Core/Src/main.o
                0x08000548                HAL_SPI_TxCpltCallback
 .text.HAL_SPI_RxCpltCallback
                0x080005b4       0x50 ./Core/Src/main.o
                0x080005b4                HAL_SPI_RxCpltCallback
 .text.HAL_SPI_ErrorCallback
                0x08000604       0x48 ./Core/Src/main.o
                0x08000604                HAL_SPI_ErrorCallback
 .text.main     0x0800064c      0x134 ./Core/Src/main.o
                0x0800064c                main
 .text.SystemClock_Config
                0x08000780      0x100 ./Core/Src/main.o
                0x08000780                SystemClock_Config
 .text.MX_SPI2_Init
                0x08000880       0xac ./Core/Src/main.o
 .text.MX_GPIO_Init
                0x0800092c       0xe4 ./Core/Src/main.o
 .text.Error_Handler
                0x08000a10        0xc ./Core/Src/main.o
                0x08000a10                Error_Handler
 .text.HAL_MspInit
                0x08000a1c       0x34 ./Core/Src/stm32h7xx_hal_msp.o
                0x08000a1c                HAL_MspInit
 .text.HAL_SPI_MspInit
                0x08000a50      0x17c ./Core/Src/stm32h7xx_hal_msp.o
                0x08000a50                HAL_SPI_MspInit
 .text.NMI_Handler
                0x08000bcc        0x8 ./Core/Src/stm32h7xx_it.o
                0x08000bcc                NMI_Handler
 .text.HardFault_Handler
                0x08000bd4        0x8 ./Core/Src/stm32h7xx_it.o
                0x08000bd4                HardFault_Handler
 .text.MemManage_Handler
                0x08000bdc        0x8 ./Core/Src/stm32h7xx_it.o
                0x08000bdc                MemManage_Handler
 .text.BusFault_Handler
                0x08000be4        0x8 ./Core/Src/stm32h7xx_it.o
                0x08000be4                BusFault_Handler
 .text.UsageFault_Handler
                0x08000bec        0x8 ./Core/Src/stm32h7xx_it.o
                0x08000bec                UsageFault_Handler
 .text.SVC_Handler
                0x08000bf4        0xe ./Core/Src/stm32h7xx_it.o
                0x08000bf4                SVC_Handler
 .text.DebugMon_Handler
                0x08000c02        0xe ./Core/Src/stm32h7xx_it.o
                0x08000c02                DebugMon_Handler
 .text.PendSV_Handler
                0x08000c10        0xe ./Core/Src/stm32h7xx_it.o
                0x08000c10                PendSV_Handler
 .text.SysTick_Handler
                0x08000c1e        0xc ./Core/Src/stm32h7xx_it.o
                0x08000c1e                SysTick_Handler
 *fill*         0x08000c2a        0x2 
 .text.SPI2_IRQHandler
                0x08000c2c       0x14 ./Core/Src/stm32h7xx_it.o
                0x08000c2c                SPI2_IRQHandler
 .text.Reset_Handler
                0x08000c40       0x54 ./Core/Startup/startup_stm32h745xihx.o
                0x08000c40                Reset_Handler
 .text.Default_Handler
                0x08000c94        0x2 ./Core/Startup/startup_stm32h745xihx.o
                0x08000c94                RTC_Alarm_IRQHandler
                0x08000c94                EXTI2_IRQHandler
                0x08000c94                TIM8_CC_IRQHandler
                0x08000c94                HRTIM1_Master_IRQHandler
                0x08000c94                UART8_IRQHandler
                0x08000c94                SPI4_IRQHandler
                0x08000c94                TIM1_CC_IRQHandler
                0x08000c94                BDMA_Channel6_IRQHandler
                0x08000c94                DMA2_Stream5_IRQHandler
                0x08000c94                HRTIM1_FLT_IRQHandler
                0x08000c94                JPEG_IRQHandler
                0x08000c94                DMA1_Stream5_IRQHandler
                0x08000c94                BDMA_Channel1_IRQHandler
                0x08000c94                HRTIM1_TIMD_IRQHandler
                0x08000c94                TAMP_STAMP_IRQHandler
                0x08000c94                EXTI3_IRQHandler
                0x08000c94                LPTIM4_IRQHandler
                0x08000c94                TIM8_TRG_COM_TIM14_IRQHandler
                0x08000c94                LPTIM2_IRQHandler
                0x08000c94                DFSDM1_FLT1_IRQHandler
                0x08000c94                DMAMUX2_OVR_IRQHandler
                0x08000c94                TIM8_UP_TIM13_IRQHandler
                0x08000c94                I2C3_ER_IRQHandler
                0x08000c94                DFSDM1_FLT2_IRQHandler
                0x08000c94                MDMA_IRQHandler
                0x08000c94                LPTIM3_IRQHandler
                0x08000c94                HSEM1_IRQHandler
                0x08000c94                EXTI0_IRQHandler
                0x08000c94                I2C2_EV_IRQHandler
                0x08000c94                DMA1_Stream2_IRQHandler
                0x08000c94                FPU_IRQHandler
                0x08000c94                OTG_HS_WKUP_IRQHandler
                0x08000c94                FDCAN1_IT1_IRQHandler
                0x08000c94                LTDC_ER_IRQHandler
                0x08000c94                DMA2_Stream2_IRQHandler
                0x08000c94                HRTIM1_TIME_IRQHandler
                0x08000c94                SPI1_IRQHandler
                0x08000c94                TIM6_DAC_IRQHandler
                0x08000c94                DCMI_IRQHandler
                0x08000c94                HRTIM1_TIMC_IRQHandler
                0x08000c94                DMA2_Stream3_IRQHandler
                0x08000c94                SAI2_IRQHandler
                0x08000c94                DFSDM1_FLT3_IRQHandler
                0x08000c94                USART6_IRQHandler
                0x08000c94                TIM17_IRQHandler
                0x08000c94                USART3_IRQHandler
                0x08000c94                BDMA_Channel7_IRQHandler
                0x08000c94                LPTIM5_IRQHandler
                0x08000c94                UART5_IRQHandler
                0x08000c94                ADC3_IRQHandler
                0x08000c94                DMA2_Stream0_IRQHandler
                0x08000c94                TIM4_IRQHandler
                0x08000c94                BDMA_Channel2_IRQHandler
                0x08000c94                QUADSPI_IRQHandler
                0x08000c94                I2C1_EV_IRQHandler
                0x08000c94                DMA1_Stream6_IRQHandler
                0x08000c94                DMAMUX1_OVR_IRQHandler
                0x08000c94                DMA1_Stream1_IRQHandler
                0x08000c94                TIM16_IRQHandler
                0x08000c94                UART4_IRQHandler
                0x08000c94                BDMA_Channel5_IRQHandler
                0x08000c94                TIM3_IRQHandler
                0x08000c94                RCC_IRQHandler
                0x08000c94                TIM8_BRK_TIM12_IRQHandler
                0x08000c94                TIM1_TRG_COM_IRQHandler
                0x08000c94                Default_Handler
                0x08000c94                ECC_IRQHandler
                0x08000c94                CEC_IRQHandler
                0x08000c94                EXTI15_10_IRQHandler
                0x08000c94                BDMA_Channel0_IRQHandler
                0x08000c94                ADC_IRQHandler
                0x08000c94                DMA1_Stream7_IRQHandler
                0x08000c94                HRTIM1_TIMA_IRQHandler
                0x08000c94                SPI5_IRQHandler
                0x08000c94                TIM7_IRQHandler
                0x08000c94                SDMMC1_IRQHandler
                0x08000c94                TIM5_IRQHandler
                0x08000c94                DMA2_Stream7_IRQHandler
                0x08000c94                TIM15_IRQHandler
                0x08000c94                PVD_AVD_IRQHandler
                0x08000c94                I2C3_EV_IRQHandler
                0x08000c94                EXTI9_5_IRQHandler
                0x08000c94                RTC_WKUP_IRQHandler
                0x08000c94                LTDC_IRQHandler
                0x08000c94                SAI3_IRQHandler
                0x08000c94                ETH_WKUP_IRQHandler
                0x08000c94                SPDIF_RX_IRQHandler
                0x08000c94                OTG_HS_EP1_IN_IRQHandler
                0x08000c94                DMA1_Stream0_IRQHandler
                0x08000c94                CRS_IRQHandler
                0x08000c94                CM7_SEV_IRQHandler
                0x08000c94                EXTI4_IRQHandler
                0x08000c94                RNG_IRQHandler
                0x08000c94                CM4_SEV_IRQHandler
                0x08000c94                HRTIM1_TIMB_IRQHandler
                0x08000c94                FDCAN2_IT1_IRQHandler
                0x08000c94                ETH_IRQHandler
                0x08000c94                TIM1_UP_IRQHandler
                0x08000c94                WWDG_RST_IRQHandler
                0x08000c94                BDMA_Channel4_IRQHandler
                0x08000c94                OTG_HS_EP1_OUT_IRQHandler
                0x08000c94                WWDG_IRQHandler
                0x08000c94                SPI6_IRQHandler
                0x08000c94                MDIOS_IRQHandler
                0x08000c94                I2C4_EV_IRQHandler
                0x08000c94                FDCAN2_IT0_IRQHandler
                0x08000c94                LPUART1_IRQHandler
                0x08000c94                FDCAN1_IT0_IRQHandler
                0x08000c94                TIM2_IRQHandler
                0x08000c94                OTG_FS_WKUP_IRQHandler
                0x08000c94                OTG_HS_IRQHandler
                0x08000c94                HSEM2_IRQHandler
                0x08000c94                DMA2D_IRQHandler
                0x08000c94                TIM1_BRK_IRQHandler
                0x08000c94                EXTI1_IRQHandler
                0x08000c94                SDMMC2_IRQHandler
                0x08000c94                OTG_FS_EP1_OUT_IRQHandler
                0x08000c94                BDMA_Channel3_IRQHandler
                0x08000c94                HOLD_CORE_IRQHandler
                0x08000c94                UART7_IRQHandler
                0x08000c94                MDIOS_WKUP_IRQHandler
                0x08000c94                USART2_IRQHandler
                0x08000c94                DFSDM1_FLT0_IRQHandler
                0x08000c94                SAI4_IRQHandler
                0x08000c94                I2C2_ER_IRQHandler
                0x08000c94                DMA2_Stream1_IRQHandler
                0x08000c94                FLASH_IRQHandler
                0x08000c94                DMA2_Stream4_IRQHandler
                0x08000c94                USART1_IRQHandler
                0x08000c94                OTG_FS_IRQHandler
                0x08000c94                SPI3_IRQHandler
                0x08000c94                WAKEUP_PIN_IRQHandler
                0x08000c94                DMA1_Stream4_IRQHandler
                0x08000c94                OTG_FS_EP1_IN_IRQHandler
                0x08000c94                I2C1_ER_IRQHandler
                0x08000c94                FMC_IRQHandler
                0x08000c94                FDCAN_CAL_IRQHandler
                0x08000c94                SWPMI1_IRQHandler
                0x08000c94                COMP1_IRQHandler
                0x08000c94                LPTIM1_IRQHandler
                0x08000c94                I2C4_ER_IRQHandler
                0x08000c94                DMA2_Stream6_IRQHandler
                0x08000c94                SAI1_IRQHandler
                0x08000c94                DMA1_Stream3_IRQHandler
 *fill*         0x08000c96        0x2 
 .text.HAL_Init
                0x08000c98       0x78 ./Drivers/STM32H7xx_HAL_Driver/stm32h7xx_hal.o
                0x08000c98                HAL_Init
 .text.HAL_InitTick
                0x08000d10       0x6c ./Drivers/STM32H7xx_HAL_Driver/stm32h7xx_hal.o
                0x08000d10                HAL_InitTick
 .text.HAL_IncTick
                0x08000d7c       0x28 ./Drivers/STM32H7xx_HAL_Driver/stm32h7xx_hal.o
                0x08000d7c                HAL_IncTick
 .text.HAL_GetTick
                0x08000da4       0x18 ./Drivers/STM32H7xx_HAL_Driver/stm32h7xx_hal.o
                0x08000da4                HAL_GetTick
 .text.HAL_Delay
                0x08000dbc       0x48 ./Drivers/STM32H7xx_HAL_Driver/stm32h7xx_hal.o
                0x08000dbc                HAL_Delay
 .text.HAL_GetREVID
                0x08000e04       0x18 ./Drivers/STM32H7xx_HAL_Driver/stm32h7xx_hal.o
                0x08000e04                HAL_GetREVID
 .text.__NVIC_SetPriorityGrouping
                0x08000e1c       0x48 ./Drivers/STM32H7xx_HAL_Driver/stm32h7xx_hal_cortex.o
 .text.__NVIC_GetPriorityGrouping
                0x08000e64       0x1c ./Drivers/STM32H7xx_HAL_Driver/stm32h7xx_hal_cortex.o
 .text.__NVIC_EnableIRQ
                0x08000e80       0x3c ./Drivers/STM32H7xx_HAL_Driver/stm32h7xx_hal_cortex.o
 .text.__NVIC_SetPriority
                0x08000ebc       0x54 ./Drivers/STM32H7xx_HAL_Driver/stm32h7xx_hal_cortex.o
 .text.NVIC_EncodePriority
                0x08000f10       0x66 ./Drivers/STM32H7xx_HAL_Driver/stm32h7xx_hal_cortex.o
 *fill*         0x08000f76        0x2 
 .text.SysTick_Config
                0x08000f78       0x44 ./Drivers/STM32H7xx_HAL_Driver/stm32h7xx_hal_cortex.o
 .text.HAL_NVIC_SetPriorityGrouping
                0x08000fbc       0x16 ./Drivers/STM32H7xx_HAL_Driver/stm32h7xx_hal_cortex.o
                0x08000fbc                HAL_NVIC_SetPriorityGrouping
 .text.HAL_NVIC_SetPriority
                0x08000fd2       0x34 ./Drivers/STM32H7xx_HAL_Driver/stm32h7xx_hal_cortex.o
                0x08000fd2                HAL_NVIC_SetPriority
 .text.HAL_NVIC_EnableIRQ
                0x08001006       0x1c ./Drivers/STM32H7xx_HAL_Driver/stm32h7xx_hal_cortex.o
                0x08001006                HAL_NVIC_EnableIRQ
 .text.HAL_SYSTICK_Config
                0x08001022       0x18 ./Drivers/STM32H7xx_HAL_Driver/stm32h7xx_hal_cortex.o
                0x08001022                HAL_SYSTICK_Config
 *fill*         0x0800103a        0x2 
 .text.HAL_DMA_Abort_IT
                0x0800103c      0x48c ./Drivers/STM32H7xx_HAL_Driver/stm32h7xx_hal_dma.o
                0x0800103c                HAL_DMA_Abort_IT
 .text.HAL_GPIO_Init
                0x080014c8      0x360 ./Drivers/STM32H7xx_HAL_Driver/stm32h7xx_hal_gpio.o
                0x080014c8                HAL_GPIO_Init
 .text.HAL_GPIO_WritePin
                0x08001828       0x32 ./Drivers/STM32H7xx_HAL_Driver/stm32h7xx_hal_gpio.o
                0x08001828                HAL_GPIO_WritePin
 *fill*         0x0800185a        0x2 
 .text.HAL_HSEM_FastTake
                0x0800185c       0x34 ./Drivers/STM32H7xx_HAL_Driver/stm32h7xx_hal_hsem.o
                0x0800185c                HAL_HSEM_FastTake
 .text.HAL_HSEM_Release
                0x08001890       0x28 ./Drivers/STM32H7xx_HAL_Driver/stm32h7xx_hal_hsem.o
                0x08001890                HAL_HSEM_Release
 .text.HAL_PWREx_ConfigSupply
                0x080018b8       0xb4 ./Drivers/STM32H7xx_HAL_Driver/stm32h7xx_hal_pwr_ex.o
                0x080018b8                HAL_PWREx_ConfigSupply
 .text.HAL_RCC_OscConfig
                0x0800196c      0x8b4 ./Drivers/STM32H7xx_HAL_Driver/stm32h7xx_hal_rcc.o
                0x0800196c                HAL_RCC_OscConfig
 .text.HAL_RCC_ClockConfig
                0x08002220      0x36c ./Drivers/STM32H7xx_HAL_Driver/stm32h7xx_hal_rcc.o
                0x08002220                HAL_RCC_ClockConfig
 .text.HAL_RCC_GetSysClockFreq
                0x0800258c      0x2f4 ./Drivers/STM32H7xx_HAL_Driver/stm32h7xx_hal_rcc.o
                0x0800258c                HAL_RCC_GetSysClockFreq
 .text.HAL_RCCEx_PeriphCLKConfig
                0x08002880     0x1414 ./Drivers/STM32H7xx_HAL_Driver/stm32h7xx_hal_rcc_ex.o
                0x08002880                HAL_RCCEx_PeriphCLKConfig
 .text.RCCEx_PLL2_Config
                0x08003c94      0x164 ./Drivers/STM32H7xx_HAL_Driver/stm32h7xx_hal_rcc_ex.o
 .text.RCCEx_PLL3_Config
                0x08003df8      0x164 ./Drivers/STM32H7xx_HAL_Driver/stm32h7xx_hal_rcc_ex.o
 .text.HAL_SPI_Init
                0x08003f5c      0x248 ./Drivers/STM32H7xx_HAL_Driver/stm32h7xx_hal_spi.o
                0x08003f5c                HAL_SPI_Init
 .text.HAL_SPI_Transmit
                0x080041a4      0x3dc ./Drivers/STM32H7xx_HAL_Driver/stm32h7xx_hal_spi.o
                0x080041a4                HAL_SPI_Transmit
 .text.HAL_SPI_Receive_IT
                0x08004580      0x154 ./Drivers/STM32H7xx_HAL_Driver/stm32h7xx_hal_spi.o
                0x08004580                HAL_SPI_Receive_IT
 .text.HAL_SPI_IRQHandler
                0x080046d4      0x39c ./Drivers/STM32H7xx_HAL_Driver/stm32h7xx_hal_spi.o
                0x080046d4                HAL_SPI_IRQHandler
 .text.HAL_SPI_TxRxCpltCallback
                0x08004a70       0x14 ./Drivers/STM32H7xx_HAL_Driver/stm32h7xx_hal_spi.o
                0x08004a70                HAL_SPI_TxRxCpltCallback
 .text.HAL_SPI_SuspendCallback
                0x08004a84       0x14 ./Drivers/STM32H7xx_HAL_Driver/stm32h7xx_hal_spi.o
                0x08004a84                HAL_SPI_SuspendCallback
 .text.SPI_DMAAbortOnError
                0x08004a98       0x34 ./Drivers/STM32H7xx_HAL_Driver/stm32h7xx_hal_spi.o
 .text.SPI_RxISR_8BIT
                0x08004acc       0x5e ./Drivers/STM32H7xx_HAL_Driver/stm32h7xx_hal_spi.o
 .text.SPI_RxISR_16BIT
                0x08004b2a       0x60 ./Drivers/STM32H7xx_HAL_Driver/stm32h7xx_hal_spi.o
 .text.SPI_RxISR_32BIT
                0x08004b8a       0x58 ./Drivers/STM32H7xx_HAL_Driver/stm32h7xx_hal_spi.o
 *fill*         0x08004be2        0x2 
 .text.SPI_CloseTransfer
                0x08004be4      0x140 ./Drivers/STM32H7xx_HAL_Driver/stm32h7xx_hal_spi.o
 .text.SPI_WaitOnFlagUntilTimeout
                0x08004d24       0x5c ./Drivers/STM32H7xx_HAL_Driver/stm32h7xx_hal_spi.o
 .text.SPI_GetPacketSize
                0x08004d80       0x36 ./Drivers/STM32H7xx_HAL_Driver/stm32h7xx_hal_spi.o
 .text.memset   0x08004db6       0x10 C:/ST/STM32CubeIDE_1.16.1/STM32CubeIDE/plugins/com.st.stm32cube.ide.mcu.externaltools.gnu-tools-for-stm32.12.3.rel1.win32_1.1.0.202410251130/tools/bin/../lib/gcc/arm-none-eabi/12.3.1/../../../../arm-none-eabi/lib/thumb/v7e-m+dp/hard\libc_nano.a(libc_a-memset.o)
                0x08004db6                memset
 *fill*         0x08004dc6        0x2 
 .text.__libc_init_array
                0x08004dc8       0x48 C:/ST/STM32CubeIDE_1.16.1/STM32CubeIDE/plugins/com.st.stm32cube.ide.mcu.externaltools.gnu-tools-for-stm32.12.3.rel1.win32_1.1.0.202410251130/tools/bin/../lib/gcc/arm-none-eabi/12.3.1/../../../../arm-none-eabi/lib/thumb/v7e-m+dp/hard\libc_nano.a(libc_a-init.o)
                0x08004dc8                __libc_init_array
 *(.glue_7)
 .glue_7        0x08004e10        0x0 linker stubs
 *(.glue_7t)
 .glue_7t       0x08004e10        0x0 linker stubs
 *(.eh_frame)
 .eh_frame      0x08004e10        0x0 C:/ST/STM32CubeIDE_1.16.1/STM32CubeIDE/plugins/com.st.stm32cube.ide.mcu.externaltools.gnu-tools-for-stm32.12.3.rel1.win32_1.1.0.202410251130/tools/bin/../lib/gcc/arm-none-eabi/12.3.1/thumb/v7e-m+dp/hard/crtbegin.o
 *(.init)
 .init          0x08004e10        0x4 C:/ST/STM32CubeIDE_1.16.1/STM32CubeIDE/plugins/com.st.stm32cube.ide.mcu.externaltools.gnu-tools-for-stm32.12.3.rel1.win32_1.1.0.202410251130/tools/bin/../lib/gcc/arm-none-eabi/12.3.1/thumb/v7e-m+dp/hard/crti.o
                0x08004e10                _init
 .init          0x08004e14        0x8 C:/ST/STM32CubeIDE_1.16.1/STM32CubeIDE/plugins/com.st.stm32cube.ide.mcu.externaltools.gnu-tools-for-stm32.12.3.rel1.win32_1.1.0.202410251130/tools/bin/../lib/gcc/arm-none-eabi/12.3.1/thumb/v7e-m+dp/hard/crtn.o
 *(.fini)
 .fini          0x08004e1c        0x4 C:/ST/STM32CubeIDE_1.16.1/STM32CubeIDE/plugins/com.st.stm32cube.ide.mcu.externaltools.gnu-tools-for-stm32.12.3.rel1.win32_1.1.0.202410251130/tools/bin/../lib/gcc/arm-none-eabi/12.3.1/thumb/v7e-m+dp/hard/crti.o
                0x08004e1c                _fini
 .fini          0x08004e20        0x8 C:/ST/STM32CubeIDE_1.16.1/STM32CubeIDE/plugins/com.st.stm32cube.ide.mcu.externaltools.gnu-tools-for-stm32.12.3.rel1.win32_1.1.0.202410251130/tools/bin/../lib/gcc/arm-none-eabi/12.3.1/thumb/v7e-m+dp/hard/crtn.o
                0x08004e28                        . = ALIGN (0x4)
                0x08004e28                        _etext = .

.vfp11_veneer   0x08004e28        0x0
 .vfp11_veneer  0x08004e28        0x0 linker stubs

.v4_bx          0x08004e28        0x0
 .v4_bx         0x08004e28        0x0 linker stubs

.iplt           0x08004e28        0x0
 .iplt          0x08004e28        0x0 C:/ST/STM32CubeIDE_1.16.1/STM32CubeIDE/plugins/com.st.stm32cube.ide.mcu.externaltools.gnu-tools-for-stm32.12.3.rel1.win32_1.1.0.202410251130/tools/bin/../lib/gcc/arm-none-eabi/12.3.1/thumb/v7e-m+dp/hard/crtbegin.o

.rodata         0x08004e28       0x10
                0x08004e28                        . = ALIGN (0x4)
 *(.rodata)
 *(.rodata*)
 .rodata.D1CorePrescTable
                0x08004e28       0x10 ./Common/Src/system_stm32h7xx_dualcore_boot_cm4_cm7.o
                0x08004e28                D1CorePrescTable
                0x08004e38                        . = ALIGN (0x4)

.ARM.extab      0x08004e38        0x0
                0x08004e38                        . = ALIGN (0x4)
 *(.ARM.extab* .gnu.linkonce.armextab.*)
                0x08004e38                        . = ALIGN (0x4)

.ARM            0x08004e38        0x0
                0x08004e38                        . = ALIGN (0x4)
                0x08004e38                        __exidx_start = .
 *(.ARM.exidx*)
                0x08004e38                        __exidx_end = .
                0x08004e38                        . = ALIGN (0x4)

.preinit_array  0x08004e38        0x0
                0x08004e38                        . = ALIGN (0x4)
                0x08004e38                        PROVIDE (__preinit_array_start = .)
 *(.preinit_array*)
                0x08004e38                        PROVIDE (__preinit_array_end = .)
                0x08004e38                        . = ALIGN (0x4)

.init_array     0x08004e38        0x4
                0x08004e38                        . = ALIGN (0x4)
                0x08004e38                        PROVIDE (__init_array_start = .)
 *(SORT_BY_NAME(.init_array.*))
 *(.init_array*)
 .init_array    0x08004e38        0x4 C:/ST/STM32CubeIDE_1.16.1/STM32CubeIDE/plugins/com.st.stm32cube.ide.mcu.externaltools.gnu-tools-for-stm32.12.3.rel1.win32_1.1.0.202410251130/tools/bin/../lib/gcc/arm-none-eabi/12.3.1/thumb/v7e-m+dp/hard/crtbegin.o
                0x08004e3c                        PROVIDE (__init_array_end = .)
                0x08004e3c                        . = ALIGN (0x4)

.fini_array     0x08004e3c        0x4
                0x08004e3c                        . = ALIGN (0x4)
                [!provide]                        PROVIDE (__fini_array_start = .)
 *(SORT_BY_NAME(.fini_array.*))
 *(.fini_array*)
 .fini_array    0x08004e3c        0x4 C:/ST/STM32CubeIDE_1.16.1/STM32CubeIDE/plugins/com.st.stm32cube.ide.mcu.externaltools.gnu-tools-for-stm32.12.3.rel1.win32_1.1.0.202410251130/tools/bin/../lib/gcc/arm-none-eabi/12.3.1/thumb/v7e-m+dp/hard/crtbegin.o
                [!provide]                        PROVIDE (__fini_array_end = .)
                0x08004e40                        . = ALIGN (0x4)
                0x08004e40                        _sidata = LOADADDR (.data)

.rel.dyn        0x08004e40        0x0
 .rel.iplt      0x08004e40        0x0 C:/ST/STM32CubeIDE_1.16.1/STM32CubeIDE/plugins/com.st.stm32cube.ide.mcu.externaltools.gnu-tools-for-stm32.12.3.rel1.win32_1.1.0.202410251130/tools/bin/../lib/gcc/arm-none-eabi/12.3.1/thumb/v7e-m+dp/hard/crtbegin.o

.data           0x24000000       0x10 load address 0x08004e40
                0x24000000                        . = ALIGN (0x4)
                0x24000000                        _sdata = .
 *(.data)
 *(.data*)
 .data.SystemCoreClock
                0x24000000        0x4 ./Common/Src/system_stm32h7xx_dualcore_boot_cm4_cm7.o
                0x24000000                SystemCoreClock
 .data.SystemD2Clock
                0x24000004        0x4 ./Common/Src/system_stm32h7xx_dualcore_boot_cm4_cm7.o
                0x24000004                SystemD2Clock
 .data.uwTickPrio
                0x24000008        0x4 ./Drivers/STM32H7xx_HAL_Driver/stm32h7xx_hal.o
                0x24000008                uwTickPrio
 .data.uwTickFreq
                0x2400000c        0x1 ./Drivers/STM32H7xx_HAL_Driver/stm32h7xx_hal.o
                0x2400000c                uwTickFreq
 *(.RamFunc)
 *(.RamFunc*)
                0x24000010                        . = ALIGN (0x4)
 *fill*         0x2400000d        0x3 
                0x24000010                        _edata = .

.igot.plt       0x24000010        0x0 load address 0x08004e50
 .igot.plt      0x24000010        0x0 C:/ST/STM32CubeIDE_1.16.1/STM32CubeIDE/plugins/com.st.stm32cube.ide.mcu.externaltools.gnu-tools-for-stm32.12.3.rel1.win32_1.1.0.202410251130/tools/bin/../lib/gcc/arm-none-eabi/12.3.1/thumb/v7e-m+dp/hard/crtbegin.o
                0x24000010                        . = ALIGN (0x4)

.bss            0x24000010       0xbc load address 0x08004e50
                0x24000010                        _sbss = .
                0x24000010                        __bss_start__ = _sbss
 *(.bss)
 .bss           0x24000010       0x1c C:/ST/STM32CubeIDE_1.16.1/STM32CubeIDE/plugins/com.st.stm32cube.ide.mcu.externaltools.gnu-tools-for-stm32.12.3.rel1.win32_1.1.0.202410251130/tools/bin/../lib/gcc/arm-none-eabi/12.3.1/thumb/v7e-m+dp/hard/crtbegin.o
 *(.bss*)
 .bss.hspi2     0x2400002c       0x88 ./Core/Src/main.o
                0x2400002c                hspi2
 .bss.expander1
                0x240000b4        0xc ./Core/Src/main.o
 .bss.current_expander
                0x240000c0        0x4 ./Core/Src/main.o
 .bss.led_state.0
                0x240000c4        0x1 ./Core/Src/main.o
 *fill*         0x240000c5        0x3 
 .bss.uwTick    0x240000c8        0x4 ./Drivers/STM32H7xx_HAL_Driver/stm32h7xx_hal.o
                0x240000c8                uwTick
 *(COMMON)
                0x240000cc                        . = ALIGN (0x4)
                0x240000cc                        _ebss = .
                0x240000cc                        __bss_end__ = _ebss

._user_heap_stack
                0x240000cc      0x604 load address 0x08004e50
                0x240000d0                        . = ALIGN (0x8)
 *fill*         0x240000cc        0x4 
                [!provide]                        PROVIDE (end = .)
                0x240000d0                        PROVIDE (_end = .)
                0x240002d0                        . = (. + _Min_Heap_Size)
 *fill*         0x240000d0      0x200 
                0x240006d0                        . = (. + _Min_Stack_Size)
 *fill*         0x240002d0      0x400 
                0x240006d0                        . = ALIGN (0x8)

/DISCARD/
 libc.a(*)
 libm.a(*)
 libgcc.a(*)

.ARM.attributes
                0x00000000       0x2e
 *(.ARM.attributes)
 .ARM.attributes
                0x00000000       0x20 C:/ST/STM32CubeIDE_1.16.1/STM32CubeIDE/plugins/com.st.stm32cube.ide.mcu.externaltools.gnu-tools-for-stm32.12.3.rel1.win32_1.1.0.202410251130/tools/bin/../lib/gcc/arm-none-eabi/12.3.1/thumb/v7e-m+dp/hard/crti.o
 .ARM.attributes
                0x00000020       0x32 C:/ST/STM32CubeIDE_1.16.1/STM32CubeIDE/plugins/com.st.stm32cube.ide.mcu.externaltools.gnu-tools-for-stm32.12.3.rel1.win32_1.1.0.202410251130/tools/bin/../lib/gcc/arm-none-eabi/12.3.1/thumb/v7e-m+dp/hard/crtbegin.o
 .ARM.attributes
                0x00000052       0x32 ./Common/Src/system_stm32h7xx_dualcore_boot_cm4_cm7.o
 .ARM.attributes
                0x00000084       0x32 ./Core/Src/expander.o
 .ARM.attributes
                0x000000b6       0x32 ./Core/Src/main.o
 .ARM.attributes
                0x000000e8       0x32 ./Core/Src/stm32h7xx_hal_msp.o
 .ARM.attributes
                0x0000011a       0x32 ./Core/Src/stm32h7xx_it.o
 .ARM.attributes
                0x0000014c       0x21 ./Core/Startup/startup_stm32h745xihx.o
 .ARM.attributes
                0x0000016d       0x32 ./Drivers/STM32H7xx_HAL_Driver/stm32h7xx_hal.o
 .ARM.attributes
                0x0000019f       0x32 ./Drivers/STM32H7xx_HAL_Driver/stm32h7xx_hal_cortex.o
 .ARM.attributes
                0x000001d1       0x32 ./Drivers/STM32H7xx_HAL_Driver/stm32h7xx_hal_dma.o
 .ARM.attributes
                0x00000203       0x32 ./Drivers/STM32H7xx_HAL_Driver/stm32h7xx_hal_gpio.o
 .ARM.attributes
                0x00000235       0x32 ./Drivers/STM32H7xx_HAL_Driver/stm32h7xx_hal_hsem.o
 .ARM.attributes
                0x00000267       0x32 ./Drivers/STM32H7xx_HAL_Driver/stm32h7xx_hal_pwr_ex.o
 .ARM.attributes
                0x00000299       0x32 ./Drivers/STM32H7xx_HAL_Driver/stm32h7xx_hal_rcc.o
 .ARM.attributes
                0x000002cb       0x32 ./Drivers/STM32H7xx_HAL_Driver/stm32h7xx_hal_rcc_ex.o
 .ARM.attributes
                0x000002fd       0x32 ./Drivers/STM32H7xx_HAL_Driver/stm32h7xx_hal_spi.o
 .ARM.attributes
                0x0000032f       0x32 C:/ST/STM32CubeIDE_1.16.1/STM32CubeIDE/plugins/com.st.stm32cube.ide.mcu.externaltools.gnu-tools-for-stm32.12.3.rel1.win32_1.1.0.202410251130/tools/bin/../lib/gcc/arm-none-eabi/12.3.1/../../../../arm-none-eabi/lib/thumb/v7e-m+dp/hard\libc_nano.a(libc_a-memset.o)
 .ARM.attributes
                0x00000361       0x32 C:/ST/STM32CubeIDE_1.16.1/STM32CubeIDE/plugins/com.st.stm32cube.ide.mcu.externaltools.gnu-tools-for-stm32.12.3.rel1.win32_1.1.0.202410251130/tools/bin/../lib/gcc/arm-none-eabi/12.3.1/../../../../arm-none-eabi/lib/thumb/v7e-m+dp/hard\libc_nano.a(libc_a-init.o)
 .ARM.attributes
                0x00000393       0x20 C:/ST/STM32CubeIDE_1.16.1/STM32CubeIDE/plugins/com.st.stm32cube.ide.mcu.externaltools.gnu-tools-for-stm32.12.3.rel1.win32_1.1.0.202410251130/tools/bin/../lib/gcc/arm-none-eabi/12.3.1/thumb/v7e-m+dp/hard/crtn.o
OUTPUT(test_CM7.elf elf32-littlearm)
LOAD linker stubs
LOAD C:/ST/STM32CubeIDE_1.16.1/STM32CubeIDE/plugins/com.st.stm32cube.ide.mcu.externaltools.gnu-tools-for-stm32.12.3.rel1.win32_1.1.0.202410251130/tools/bin/../lib/gcc/arm-none-eabi/12.3.1/../../../../arm-none-eabi/lib/thumb/v7e-m+dp/hard\libc.a
LOAD C:/ST/STM32CubeIDE_1.16.1/STM32CubeIDE/plugins/com.st.stm32cube.ide.mcu.externaltools.gnu-tools-for-stm32.12.3.rel1.win32_1.1.0.202410251130/tools/bin/../lib/gcc/arm-none-eabi/12.3.1/../../../../arm-none-eabi/lib/thumb/v7e-m+dp/hard\libm.a
LOAD C:/ST/STM32CubeIDE_1.16.1/STM32CubeIDE/plugins/com.st.stm32cube.ide.mcu.externaltools.gnu-tools-for-stm32.12.3.rel1.win32_1.1.0.202410251130/tools/bin/../lib/gcc/arm-none-eabi/12.3.1/thumb/v7e-m+dp/hard\libgcc.a

.debug_info     0x00000000     0xd94e
 .debug_info    0x00000000      0xe73 ./Common/Src/system_stm32h7xx_dualcore_boot_cm4_cm7.o
 .debug_info    0x00000e73      0xb81 ./Core/Src/expander.o
 .debug_info    0x000019f4     0x1505 ./Core/Src/main.o
 .debug_info    0x00002ef9     0x14af ./Core/Src/stm32h7xx_hal_msp.o
 .debug_info    0x000043a8      0x83e ./Core/Src/stm32h7xx_it.o
 .debug_info    0x00004be6       0x30 ./Core/Startup/startup_stm32h745xihx.o
 .debug_info    0x00004c16     0x1774 ./Drivers/STM32H7xx_HAL_Driver/stm32h7xx_hal.o
 .debug_info    0x0000638a     0x10cf ./Drivers/STM32H7xx_HAL_Driver/stm32h7xx_hal_cortex.o
 .debug_info    0x00007459      0xc43 ./Drivers/STM32H7xx_HAL_Driver/stm32h7xx_hal_dma.o
 .debug_info    0x0000809c      0xd06 ./Drivers/STM32H7xx_HAL_Driver/stm32h7xx_hal_gpio.o
 .debug_info    0x00008da2      0x3d3 ./Drivers/STM32H7xx_HAL_Driver/stm32h7xx_hal_hsem.o
 .debug_info    0x00009175     0x1225 ./Drivers/STM32H7xx_HAL_Driver/stm32h7xx_hal_pwr_ex.o
 .debug_info    0x0000a39a      0xe67 ./Drivers/STM32H7xx_HAL_Driver/stm32h7xx_hal_rcc.o
 .debug_info    0x0000b201     0x1303 ./Drivers/STM32H7xx_HAL_Driver/stm32h7xx_hal_rcc_ex.o
 .debug_info    0x0000c504     0x144a ./Drivers/STM32H7xx_HAL_Driver/stm32h7xx_hal_spi.o

.debug_abbrev   0x00000000     0x207d
 .debug_abbrev  0x00000000      0x165 ./Common/Src/system_stm32h7xx_dualcore_boot_cm4_cm7.o
 .debug_abbrev  0x00000165      0x1d4 ./Core/Src/expander.o
 .debug_abbrev  0x00000339      0x2d7 ./Core/Src/main.o
 .debug_abbrev  0x00000610      0x20d ./Core/Src/stm32h7xx_hal_msp.o
 .debug_abbrev  0x0000081d      0x195 ./Core/Src/stm32h7xx_it.o
 .debug_abbrev  0x000009b2       0x24 ./Core/Startup/startup_stm32h745xihx.o
 .debug_abbrev  0x000009d6      0x295 ./Drivers/STM32H7xx_HAL_Driver/stm32h7xx_hal.o
 .debug_abbrev  0x00000c6b      0x339 ./Drivers/STM32H7xx_HAL_Driver/stm32h7xx_hal_cortex.o
 .debug_abbrev  0x00000fa4      0x248 ./Drivers/STM32H7xx_HAL_Driver/stm32h7xx_hal_dma.o
 .debug_abbrev  0x000011ec      0x205 ./Drivers/STM32H7xx_HAL_Driver/stm32h7xx_hal_gpio.o
 .debug_abbrev  0x000013f1      0x1d3 ./Drivers/STM32H7xx_HAL_Driver/stm32h7xx_hal_hsem.o
 .debug_abbrev  0x000015c4      0x2d7 ./Drivers/STM32H7xx_HAL_Driver/stm32h7xx_hal_pwr_ex.o
 .debug_abbrev  0x0000189b      0x2c8 ./Drivers/STM32H7xx_HAL_Driver/stm32h7xx_hal_rcc.o
 .debug_abbrev  0x00001b63      0x269 ./Drivers/STM32H7xx_HAL_Driver/stm32h7xx_hal_rcc_ex.o
 .debug_abbrev  0x00001dcc      0x2b1 ./Drivers/STM32H7xx_HAL_Driver/stm32h7xx_hal_spi.o

.debug_aranges  0x00000000      0xad0
 .debug_aranges
                0x00000000       0x30 ./Common/Src/system_stm32h7xx_dualcore_boot_cm4_cm7.o
 .debug_aranges
                0x00000030       0x50 ./Core/Src/expander.o
 .debug_aranges
                0x00000080       0x58 ./Core/Src/main.o
 .debug_aranges
                0x000000d8       0x30 ./Core/Src/stm32h7xx_hal_msp.o
 .debug_aranges
                0x00000108       0x68 ./Core/Src/stm32h7xx_it.o
 .debug_aranges
                0x00000170       0x28 ./Core/Startup/startup_stm32h745xihx.o
 .debug_aranges
                0x00000198      0x200 ./Drivers/STM32H7xx_HAL_Driver/stm32h7xx_hal.o
 .debug_aranges
                0x00000398      0x130 ./Drivers/STM32H7xx_HAL_Driver/stm32h7xx_hal_cortex.o
 .debug_aranges
                0x000004c8       0xa0 ./Drivers/STM32H7xx_HAL_Driver/stm32h7xx_hal_dma.o
 .debug_aranges
                0x00000568       0x58 ./Drivers/STM32H7xx_HAL_Driver/stm32h7xx_hal_gpio.o
 .debug_aranges
                0x000005c0       0x70 ./Drivers/STM32H7xx_HAL_Driver/stm32h7xx_hal_hsem.o
 .debug_aranges
                0x00000630      0x170 ./Drivers/STM32H7xx_HAL_Driver/stm32h7xx_hal_pwr_ex.o
 .debug_aranges
                0x000007a0       0x88 ./Drivers/STM32H7xx_HAL_Driver/stm32h7xx_hal_rcc.o
 .debug_aranges
                0x00000828      0x100 ./Drivers/STM32H7xx_HAL_Driver/stm32h7xx_hal_rcc_ex.o
 .debug_aranges
                0x00000928      0x1a8 ./Drivers/STM32H7xx_HAL_Driver/stm32h7xx_hal_spi.o

.debug_rnglists
                0x00000000      0x819
 .debug_rnglists
                0x00000000       0x21 ./Common/Src/system_stm32h7xx_dualcore_boot_cm4_cm7.o
 .debug_rnglists
                0x00000021       0x38 ./Core/Src/expander.o
 .debug_rnglists
                0x00000059       0x41 ./Core/Src/main.o
 .debug_rnglists
                0x0000009a       0x20 ./Core/Src/stm32h7xx_hal_msp.o
 .debug_rnglists
                0x000000ba       0x49 ./Core/Src/stm32h7xx_it.o
 .debug_rnglists
                0x00000103       0x19 ./Core/Startup/startup_stm32h745xihx.o
 .debug_rnglists
                0x0000011c      0x180 ./Drivers/STM32H7xx_HAL_Driver/stm32h7xx_hal.o
 .debug_rnglists
                0x0000029c       0xe0 ./Drivers/STM32H7xx_HAL_Driver/stm32h7xx_hal_cortex.o
 .debug_rnglists
                0x0000037c       0x82 ./Drivers/STM32H7xx_HAL_Driver/stm32h7xx_hal_dma.o
 .debug_rnglists
                0x000003fe       0x3f ./Drivers/STM32H7xx_HAL_Driver/stm32h7xx_hal_gpio.o
 .debug_rnglists
                0x0000043d       0x4f ./Drivers/STM32H7xx_HAL_Driver/stm32h7xx_hal_hsem.o
 .debug_rnglists
                0x0000048c      0x117 ./Drivers/STM32H7xx_HAL_Driver/stm32h7xx_hal_pwr_ex.o
 .debug_rnglists
                0x000005a3       0x68 ./Drivers/STM32H7xx_HAL_Driver/stm32h7xx_hal_rcc.o
 .debug_rnglists
                0x0000060b       0xc6 ./Drivers/STM32H7xx_HAL_Driver/stm32h7xx_hal_rcc_ex.o
 .debug_rnglists
                0x000006d1      0x148 ./Drivers/STM32H7xx_HAL_Driver/stm32h7xx_hal_spi.o

.debug_macro    0x00000000    0x391a5
 .debug_macro   0x00000000      0x29a ./Common/Src/system_stm32h7xx_dualcore_boot_cm4_cm7.o
 .debug_macro   0x0000029a      0xad8 ./Common/Src/system_stm32h7xx_dualcore_boot_cm4_cm7.o
 .debug_macro   0x00000d72       0x2e ./Common/Src/system_stm32h7xx_dualcore_boot_cm4_cm7.o
 .debug_macro   0x00000da0       0x49 ./Common/Src/system_stm32h7xx_dualcore_boot_cm4_cm7.o
 .debug_macro   0x00000de9       0x22 ./Common/Src/system_stm32h7xx_dualcore_boot_cm4_cm7.o
 .debug_macro   0x00000e0b       0x8e ./Common/Src/system_stm32h7xx_dualcore_boot_cm4_cm7.o
 .debug_macro   0x00000e99       0x51 ./Common/Src/system_stm32h7xx_dualcore_boot_cm4_cm7.o
 .debug_macro   0x00000eea      0x103 ./Common/Src/system_stm32h7xx_dualcore_boot_cm4_cm7.o
 .debug_macro   0x00000fed       0x6a ./Common/Src/system_stm32h7xx_dualcore_boot_cm4_cm7.o
 .debug_macro   0x00001057      0x1df ./Common/Src/system_stm32h7xx_dualcore_boot_cm4_cm7.o
 .debug_macro   0x00001236       0x1c ./Common/Src/system_stm32h7xx_dualcore_boot_cm4_cm7.o
 .debug_macro   0x00001252       0x22 ./Common/Src/system_stm32h7xx_dualcore_boot_cm4_cm7.o
 .debug_macro   0x00001274       0xfb ./Common/Src/system_stm32h7xx_dualcore_boot_cm4_cm7.o
 .debug_macro   0x0000136f     0x1305 ./Common/Src/system_stm32h7xx_dualcore_boot_cm4_cm7.o
 .debug_macro   0x00002674      0x11f ./Common/Src/system_stm32h7xx_dualcore_boot_cm4_cm7.o
 .debug_macro   0x00002793       0x27 ./Common/Src/system_stm32h7xx_dualcore_boot_cm4_cm7.o
 .debug_macro   0x000027ba    0x2704d ./Common/Src/system_stm32h7xx_dualcore_boot_cm4_cm7.o
 .debug_macro   0x00029807       0x6d ./Common/Src/system_stm32h7xx_dualcore_boot_cm4_cm7.o
 .debug_macro   0x00029874      0x232 ./Common/Src/system_stm32h7xx_dualcore_boot_cm4_cm7.o
 .debug_macro   0x00029aa6     0x3d79 ./Common/Src/system_stm32h7xx_dualcore_boot_cm4_cm7.o
 .debug_macro   0x0002d81f      0x189 ./Common/Src/system_stm32h7xx_dualcore_boot_cm4_cm7.o
 .debug_macro   0x0002d9a8       0x61 ./Common/Src/system_stm32h7xx_dualcore_boot_cm4_cm7.o
 .debug_macro   0x0002da09       0x29 ./Common/Src/system_stm32h7xx_dualcore_boot_cm4_cm7.o
 .debug_macro   0x0002da32       0x43 ./Common/Src/system_stm32h7xx_dualcore_boot_cm4_cm7.o
 .debug_macro   0x0002da75       0x34 ./Common/Src/system_stm32h7xx_dualcore_boot_cm4_cm7.o
 .debug_macro   0x0002daa9       0x16 ./Common/Src/system_stm32h7xx_dualcore_boot_cm4_cm7.o
 .debug_macro   0x0002dabf       0x43 ./Common/Src/system_stm32h7xx_dualcore_boot_cm4_cm7.o
 .debug_macro   0x0002db02       0x34 ./Common/Src/system_stm32h7xx_dualcore_boot_cm4_cm7.o
 .debug_macro   0x0002db36       0x10 ./Common/Src/system_stm32h7xx_dualcore_boot_cm4_cm7.o
 .debug_macro   0x0002db46       0x58 ./Common/Src/system_stm32h7xx_dualcore_boot_cm4_cm7.o
 .debug_macro   0x0002db9e       0x8e ./Common/Src/system_stm32h7xx_dualcore_boot_cm4_cm7.o
 .debug_macro   0x0002dc2c       0x1c ./Common/Src/system_stm32h7xx_dualcore_boot_cm4_cm7.o
 .debug_macro   0x0002dc48      0x177 ./Common/Src/system_stm32h7xx_dualcore_boot_cm4_cm7.o
 .debug_macro   0x0002ddbf      0x369 ./Common/Src/system_stm32h7xx_dualcore_boot_cm4_cm7.o
 .debug_macro   0x0002e128      0x19b ./Common/Src/system_stm32h7xx_dualcore_boot_cm4_cm7.o
 .debug_macro   0x0002e2c3       0x5d ./Common/Src/system_stm32h7xx_dualcore_boot_cm4_cm7.o
 .debug_macro   0x0002e320     0x3a9d ./Common/Src/system_stm32h7xx_dualcore_boot_cm4_cm7.o
 .debug_macro   0x00031dbd     0x1072 ./Common/Src/system_stm32h7xx_dualcore_boot_cm4_cm7.o
 .debug_macro   0x00032e2f      0x154 ./Common/Src/system_stm32h7xx_dualcore_boot_cm4_cm7.o
 .debug_macro   0x00032f83      0x130 ./Common/Src/system_stm32h7xx_dualcore_boot_cm4_cm7.o
 .debug_macro   0x000330b3      0x3c2 ./Common/Src/system_stm32h7xx_dualcore_boot_cm4_cm7.o
 .debug_macro   0x00033475       0xac ./Common/Src/system_stm32h7xx_dualcore_boot_cm4_cm7.o
 .debug_macro   0x00033521      0x72d ./Common/Src/system_stm32h7xx_dualcore_boot_cm4_cm7.o
 .debug_macro   0x00033c4e      0x228 ./Common/Src/system_stm32h7xx_dualcore_boot_cm4_cm7.o
 .debug_macro   0x00033e76       0x66 ./Common/Src/system_stm32h7xx_dualcore_boot_cm4_cm7.o
 .debug_macro   0x00033edc      0x3bb ./Common/Src/system_stm32h7xx_dualcore_boot_cm4_cm7.o
 .debug_macro   0x00034297      0x407 ./Common/Src/system_stm32h7xx_dualcore_boot_cm4_cm7.o
 .debug_macro   0x0003469e      0x27c ./Common/Src/system_stm32h7xx_dualcore_boot_cm4_cm7.o
 .debug_macro   0x0003491a      0x3ca ./Common/Src/system_stm32h7xx_dualcore_boot_cm4_cm7.o
 .debug_macro   0x00034ce4      0x4a2 ./Common/Src/system_stm32h7xx_dualcore_boot_cm4_cm7.o
 .debug_macro   0x00035186       0x51 ./Common/Src/system_stm32h7xx_dualcore_boot_cm4_cm7.o
 .debug_macro   0x000351d7       0x4a ./Common/Src/system_stm32h7xx_dualcore_boot_cm4_cm7.o
 .debug_macro   0x00035221      0x22c ./Common/Src/system_stm32h7xx_dualcore_boot_cm4_cm7.o
 .debug_macro   0x0003544d       0x67 ./Common/Src/system_stm32h7xx_dualcore_boot_cm4_cm7.o
 .debug_macro   0x000354b4       0xa5 ./Common/Src/system_stm32h7xx_dualcore_boot_cm4_cm7.o
 .debug_macro   0x00035559      0x218 ./Common/Src/system_stm32h7xx_dualcore_boot_cm4_cm7.o
 .debug_macro   0x00035771      0x2ea ./Common/Src/system_stm32h7xx_dualcore_boot_cm4_cm7.o
 .debug_macro   0x00035a5b       0x35 ./Common/Src/system_stm32h7xx_dualcore_boot_cm4_cm7.o
 .debug_macro   0x00035a90      0x5e4 ./Common/Src/system_stm32h7xx_dualcore_boot_cm4_cm7.o
 .debug_macro   0x00036074       0xc1 ./Common/Src/system_stm32h7xx_dualcore_boot_cm4_cm7.o
 .debug_macro   0x00036135      0x7a4 ./Common/Src/system_stm32h7xx_dualcore_boot_cm4_cm7.o
 .debug_macro   0x000368d9      0x2a9 ./Core/Src/expander.o
 .debug_macro   0x00036b82      0x13e ./Core/Src/expander.o
 .debug_macro   0x00036cc0      0x325 ./Core/Src/main.o
 .debug_macro   0x00036fe5       0x34 ./Core/Src/main.o
 .debug_macro   0x00037019       0x1c ./Core/Src/main.o
 .debug_macro   0x00037035       0x35 ./Core/Src/main.o
 .debug_macro   0x0003706a       0x10 ./Core/Src/main.o
 .debug_macro   0x0003707a       0x1c ./Core/Src/main.o
 .debug_macro   0x00037096       0x16 ./Core/Src/main.o
 .debug_macro   0x000370ac      0x146 ./Core/Src/main.o
 .debug_macro   0x000371f2       0x16 ./Core/Src/main.o
 .debug_macro   0x00037208       0x20 ./Core/Src/main.o
 .debug_macro   0x00037228       0x4c ./Core/Src/main.o
 .debug_macro   0x00037274      0x144 ./Core/Src/main.o
 .debug_macro   0x000373b8      0x2a9 ./Core/Src/stm32h7xx_hal_msp.o
 .debug_macro   0x00037661      0x2b3 ./Core/Src/stm32h7xx_it.o
 .debug_macro   0x00037914      0x2c4 ./Drivers/STM32H7xx_HAL_Driver/stm32h7xx_hal.o
 .debug_macro   0x00037bd8      0x29a ./Drivers/STM32H7xx_HAL_Driver/stm32h7xx_hal_cortex.o
 .debug_macro   0x00037e72      0x2ee ./Drivers/STM32H7xx_HAL_Driver/stm32h7xx_hal_dma.o
 .debug_macro   0x00038160      0x2ae ./Drivers/STM32H7xx_HAL_Driver/stm32h7xx_hal_gpio.o
 .debug_macro   0x0003840e      0x2ac ./Drivers/STM32H7xx_HAL_Driver/stm32h7xx_hal_hsem.o
 .debug_macro   0x000386ba      0x2d3 ./Drivers/STM32H7xx_HAL_Driver/stm32h7xx_hal_pwr_ex.o
 .debug_macro   0x0003898d      0x2be ./Drivers/STM32H7xx_HAL_Driver/stm32h7xx_hal_rcc.o
 .debug_macro   0x00038c4b      0x2b8 ./Drivers/STM32H7xx_HAL_Driver/stm32h7xx_hal_rcc_ex.o
 .debug_macro   0x00038f03      0x2a2 ./Drivers/STM32H7xx_HAL_Driver/stm32h7xx_hal_spi.o

.debug_line     0x00000000     0xf905
 .debug_line    0x00000000      0xaf4 ./Common/Src/system_stm32h7xx_dualcore_boot_cm4_cm7.o
 .debug_line    0x00000af4      0xa11 ./Core/Src/expander.o
 .debug_line    0x00001505      0xb5d ./Core/Src/main.o
 .debug_line    0x00002062      0x938 ./Core/Src/stm32h7xx_hal_msp.o
 .debug_line    0x0000299a      0x98e ./Core/Src/stm32h7xx_it.o
 .debug_line    0x00003328       0x7b ./Core/Startup/startup_stm32h745xihx.o
 .debug_line    0x000033a3      0xfed ./Drivers/STM32H7xx_HAL_Driver/stm32h7xx_hal.o
 .debug_line    0x00004390      0xec9 ./Drivers/STM32H7xx_HAL_Driver/stm32h7xx_hal_cortex.o
 .debug_line    0x00005259     0x27f1 ./Drivers/STM32H7xx_HAL_Driver/stm32h7xx_hal_dma.o
 .debug_line    0x00007a4a      0xd66 ./Drivers/STM32H7xx_HAL_Driver/stm32h7xx_hal_gpio.o
 .debug_line    0x000087b0      0xa56 ./Drivers/STM32H7xx_HAL_Driver/stm32h7xx_hal_hsem.o
 .debug_line    0x00009206     0x10ce ./Drivers/STM32H7xx_HAL_Driver/stm32h7xx_hal_pwr_ex.o
 .debug_line    0x0000a2d4     0x145e ./Drivers/STM32H7xx_HAL_Driver/stm32h7xx_hal_rcc.o
 .debug_line    0x0000b732     0x1e12 ./Drivers/STM32H7xx_HAL_Driver/stm32h7xx_hal_rcc_ex.o
 .debug_line    0x0000d544     0x23c1 ./Drivers/STM32H7xx_HAL_Driver/stm32h7xx_hal_spi.o

.debug_str      0x00000000   0x176b00
 .debug_str     0x00000000   0x1714e5 ./Common/Src/system_stm32h7xx_dualcore_boot_cm4_cm7.o
                             0x171955 (size before relaxing)
 .debug_str     0x001714e5      0xf82 ./Core/Src/expander.o
                             0x172308 (size before relaxing)
 .debug_str     0x00172467      0xbe8 ./Core/Src/main.o
                             0x1730c7 (size before relaxing)
 .debug_str     0x0017304f      0xbb8 ./Core/Src/stm32h7xx_hal_msp.o
                             0x1728ef (size before relaxing)
 .debug_str     0x00173c07       0xec ./Core/Src/stm32h7xx_it.o
                             0x171a94 (size before relaxing)
 .debug_str     0x00173cf3       0x44 ./Core/Startup/startup_stm32h745xihx.o
                                 0x7b (size before relaxing)
 .debug_str     0x00173d37      0x993 ./Drivers/STM32H7xx_HAL_Driver/stm32h7xx_hal.o
                             0x1729b3 (size before relaxing)
 .debug_str     0x001746ca      0x384 ./Drivers/STM32H7xx_HAL_Driver/stm32h7xx_hal_cortex.o
                             0x17221a (size before relaxing)
 .debug_str     0x00174a4e      0x8be ./Drivers/STM32H7xx_HAL_Driver/stm32h7xx_hal_dma.o
                             0x171fc3 (size before relaxing)
 .debug_str     0x0017530c      0x14b ./Drivers/STM32H7xx_HAL_Driver/stm32h7xx_hal_gpio.o
                             0x1718b4 (size before relaxing)
 .debug_str     0x00175457      0x210 ./Drivers/STM32H7xx_HAL_Driver/stm32h7xx_hal_hsem.o
                             0x17153f (size before relaxing)
 .debug_str     0x00175667      0x6b0 ./Drivers/STM32H7xx_HAL_Driver/stm32h7xx_hal_pwr_ex.o
                             0x171dbf (size before relaxing)
 .debug_str     0x00175d17      0x258 ./Drivers/STM32H7xx_HAL_Driver/stm32h7xx_hal_rcc.o
                             0x171c35 (size before relaxing)
 .debug_str     0x00175f6f      0x699 ./Drivers/STM32H7xx_HAL_Driver/stm32h7xx_hal_rcc_ex.o
                             0x17216a (size before relaxing)
 .debug_str     0x00176608      0x4f8 ./Drivers/STM32H7xx_HAL_Driver/stm32h7xx_hal_spi.o
                             0x171f46 (size before relaxing)

.comment        0x00000000       0x43
 .comment       0x00000000       0x43 ./Common/Src/system_stm32h7xx_dualcore_boot_cm4_cm7.o
                                 0x44 (size before relaxing)
 .comment       0x00000043       0x44 ./Core/Src/expander.o
 .comment       0x00000043       0x44 ./Core/Src/main.o
 .comment       0x00000043       0x44 ./Core/Src/stm32h7xx_hal_msp.o
 .comment       0x00000043       0x44 ./Core/Src/stm32h7xx_it.o
 .comment       0x00000043       0x44 ./Drivers/STM32H7xx_HAL_Driver/stm32h7xx_hal.o
 .comment       0x00000043       0x44 ./Drivers/STM32H7xx_HAL_Driver/stm32h7xx_hal_cortex.o
 .comment       0x00000043       0x44 ./Drivers/STM32H7xx_HAL_Driver/stm32h7xx_hal_dma.o
 .comment       0x00000043       0x44 ./Drivers/STM32H7xx_HAL_Driver/stm32h7xx_hal_gpio.o
 .comment       0x00000043       0x44 ./Drivers/STM32H7xx_HAL_Driver/stm32h7xx_hal_hsem.o
 .comment       0x00000043       0x44 ./Drivers/STM32H7xx_HAL_Driver/stm32h7xx_hal_pwr_ex.o
 .comment       0x00000043       0x44 ./Drivers/STM32H7xx_HAL_Driver/stm32h7xx_hal_rcc.o
 .comment       0x00000043       0x44 ./Drivers/STM32H7xx_HAL_Driver/stm32h7xx_hal_rcc_ex.o
 .comment       0x00000043       0x44 ./Drivers/STM32H7xx_HAL_Driver/stm32h7xx_hal_spi.o

.debug_frame    0x00000000     0x2b60
 .debug_frame   0x00000000       0x78 ./Common/Src/system_stm32h7xx_dualcore_boot_cm4_cm7.o
 .debug_frame   0x00000078      0x10c ./Core/Src/expander.o
 .debug_frame   0x00000184      0x118 ./Core/Src/main.o
 .debug_frame   0x0000029c       0x84 ./Core/Src/stm32h7xx_hal_msp.o
 .debug_frame   0x00000320      0x120 ./Core/Src/stm32h7xx_it.o
 .debug_frame   0x00000440      0x848 ./Drivers/STM32H7xx_HAL_Driver/stm32h7xx_hal.o
 .debug_frame   0x00000c88      0x508 ./Drivers/STM32H7xx_HAL_Driver/stm32h7xx_hal_cortex.o
 .debug_frame   0x00001190      0x2b4 ./Drivers/STM32H7xx_HAL_Driver/stm32h7xx_hal_dma.o
 .debug_frame   0x00001444      0x14c ./Drivers/STM32H7xx_HAL_Driver/stm32h7xx_hal_gpio.o
 .debug_frame   0x00001590      0x1bc ./Drivers/STM32H7xx_HAL_Driver/stm32h7xx_hal_hsem.o
 .debug_frame   0x0000174c      0x5ec ./Drivers/STM32H7xx_HAL_Driver/stm32h7xx_hal_pwr_ex.o
 .debug_frame   0x00001d38      0x1f8 ./Drivers/STM32H7xx_HAL_Driver/stm32h7xx_hal_rcc.o
 .debug_frame   0x00001f30      0x43c ./Drivers/STM32H7xx_HAL_Driver/stm32h7xx_hal_rcc_ex.o
 .debug_frame   0x0000236c      0x7a8 ./Drivers/STM32H7xx_HAL_Driver/stm32h7xx_hal_spi.o
 .debug_frame   0x00002b14       0x20 C:/ST/STM32CubeIDE_1.16.1/STM32CubeIDE/plugins/com.st.stm32cube.ide.mcu.externaltools.gnu-tools-for-stm32.12.3.rel1.win32_1.1.0.202410251130/tools/bin/../lib/gcc/arm-none-eabi/12.3.1/../../../../arm-none-eabi/lib/thumb/v7e-m+dp/hard\libc_nano.a(libc_a-memset.o)
 .debug_frame   0x00002b34       0x2c C:/ST/STM32CubeIDE_1.16.1/STM32CubeIDE/plugins/com.st.stm32cube.ide.mcu.externaltools.gnu-tools-for-stm32.12.3.rel1.win32_1.1.0.202410251130/tools/bin/../lib/gcc/arm-none-eabi/12.3.1/../../../../arm-none-eabi/lib/thumb/v7e-m+dp/hard\libc_nano.a(libc_a-init.o)

.debug_line_str
                0x00000000       0x5f
 .debug_line_str
                0x00000000       0x5f ./Core/Startup/startup_stm32h745xihx.o
