../Core/Src/stm32h7xx_hal_msp.c:63:6:HAL_MspInit	16	static
../Core/Src/stm32h7xx_hal_msp.c:85:6:HAL_ETH_MspInit	80	static
../Core/Src/stm32h7xx_hal_msp.c:188:6:HAL_ETH_MspDeInit	16	static
../Core/Src/stm32h7xx_hal_msp.c:249:6:HAL_FDCAN_MspInit	248	static
../Core/Src/stm32h7xx_hal_msp.c:336:6:HAL_FDCAN_MspDeInit	16	static
../Core/Src/stm32h7xx_hal_msp.c:389:6:HAL_LTDC_MspInit	256	static
../Core/Src/stm32h7xx_hal_msp.c:499:6:HAL_LTDC_MspDeInit	16	static
../Core/Src/stm32h7xx_hal_msp.c:565:6:HAL_QSPI_MspInit	248	static
../Core/Src/stm32h7xx_hal_msp.c:640:6:HAL_QSPI_MspDeInit	16	static
../Core/Src/stm32h7xx_hal_msp.c:677:6:HAL_MMC_MspInit	248	static
../Core/Src/stm32h7xx_hal_msp.c:750:6:HAL_MMC_MspDeInit	16	static
../Core/Src/stm32h7xx_hal_msp.c:792:6:HAL_UART_MspInit	240	static
../Core/Src/stm32h7xx_hal_msp.c:840:6:HAL_UART_MspDeInit	16	static
../Core/Src/stm32h7xx_hal_msp.c:869:6:HAL_PCD_MspInit	240	static
../Core/Src/stm32h7xx_hal_msp.c:926:6:HAL_PCD_MspDeInit	16	static
../Core/Src/stm32h7xx_hal_msp.c:952:13:HAL_FMC_MspInit	232	static
../Core/Src/stm32h7xx_hal_msp.c:1061:6:HAL_SDRAM_MspInit	16	static
../Core/Src/stm32h7xx_hal_msp.c:1073:13:HAL_FMC_MspDeInit	8	static
../Core/Src/stm32h7xx_hal_msp.c:1145:6:HAL_SDRAM_MspDeInit	16	static
../Core/Src/stm32h7xx_hal_msp.c:1157:6:HAL_SAI_MspInit	240	static
../Core/Src/stm32h7xx_hal_msp.c:1228:6:HAL_SAI_MspDeInit	16	static
